<html>
<body>
<pre>
<h1>µVision Build Log</h1>
<h2>Tool Versions:</h2>
IDE-Version: ¦ÌVision V5.18.0.0
Copyright (C) 2016 ARM Ltd and ARM Germany GmbH. All rights reserved.
License Information: xiaojie shao, xyz, LIC=14HKP-M3EYR-FIZ52-9J8JW-W5ZI3-PSTMD
 
Tool Versions:
Toolchain:       MDK-ARM Standard  Version: 5.18
Toolchain Path:  d:\workspace\Keil_v5\ARM\ARMCC\Bin
C Compiler:      Armcc.exe V5.06 update 1 (build 61)
Assembler:       Armasm.exe V5.06 update 1 (build 61)
Linker/Locator:  ArmLink.exe V5.06 update 1 (build 61)
Library Manager: ArmAr.exe V5.06 update 1 (build 61)
Hex Converter:   FromElf.exe V5.06 update 1 (build 61)
CPU DLL:         SARM.DLL V5.18
Dialog DLL:      DARMP3.DLL 
<h2>Project:</h2>
D:\workspace\embedded-projects\bk3633\bk3633_SDK_Slave&Master_20210609\bk3633_SDK_Slave&Master\projects\app_gatt\prj3633.uvproj
Project File Date:  06/10/2021

<h2>Output:</h2>
*** Using Compiler 'V5.06 update 1 (build 61)', folder: 'd:\workspace\Keil_v5\ARM\ARMCC\Bin'
Rebuild target 'Slave_USB&UART2'
assembling boot_handlers.s...
assembling boot_vectors.s...
compiling led.c...
compiling bk3633_initial.c...
compiling main.c...
compiling target.c...
compiling uart1_initial .c...
compiling flash.c...
compiling wdt.c...
compiling adc.c...
compiling uart.c...
compiling intc.c...
compiling uart_initial.c...
compiling app_adv.c...
compiling icu.c...
compiling app_hid.c...
compiling gpio.c...
compiling pwm.c...
compiling app_init.c...
compiling timer.c...
compiling app_dis.c...
compiling app_scan.c...
compiling app_batt.c...
compiling syscntl.c...
compiling emi.c...
compiling nvds.c...
compiling app_sec.c...
compiling app_fcc0.c...
compiling app_fee0.c...
compiling cli_krhino.c...
compiling app_oads.c...
compiling app_task.c...
compiling diss.c...
compiling prf_utils.c...
compiling app.c...
compiling prf.c...
compiling fcc0s.c...
compiling fcc0s_task.c...
compiling bass.c...
compiling cli_api.c...
compiling mu_descs.c...
compiling diss_task.c...
compiling fee0s.c...
compiling bass_task.c...
compiling fee0s_task.c...
compiling mu_fc.c...
compiling sdp_service_task.c...
compiling mu_pip.c...
compiling mu_cntlr.c...
compiling rwip_driver.c...
compiling oads_task.c...
compiling mu_list.c...
..\..\Src\driver\usb\src\cd\mu_list.c(55): warning:  #223-D: function "uart_printf_null" declared implicitly
  		
ART_PRINTF("MUSB_ArrayInit: malloc failed\r\n");
..\..\Src\driver\usb\src\cd\mu_list.c(240): warning:  #223-D: function "uart_printf_null" declared implicitly
  		
ART_PRINTF("MGC_ListInsertItem: malloc failed\r\n");
..\..\Src\driver\usb\src\cd\mu_list.c(318): warning:  #223-D: function "uart_printf_null" declared implicitly
  		
ART_PRINTF("MUSB_ListInsertItem: malloc failed\r\n");
..\..\Src\driver\usb\src\cd\mu_list.c: 3 warnings, 0 errors
compiling sdp_service.c...
compiling mu_drc.c...
compiling mu_fdr.c...
compiling oads.c...
compiling mu_fun.c...
compiling board.c...
compiling mu_hst.c...
compiling driver_usb.c...
compiling tst_msd.c...
compiling plat_uds.c...
compiling arch_main.c...
compiling user_func.c...
compiling mu_msdfn.c...
..\..\Src\driver\usb\src\examples\msd\mu_msdfn.c(501): warning:  #223-D: function "uart_printf_null" declared implicitly
          
ART_PRINTF("sk 12\r\n");
..\..\Src\driver\usb\src\examples\msd\mu_msdfn.c(507): warning:  #223-D: function "uart_printf_null" declared implicitly
          
ART_PRINTF("sk 13\r\n");
..\..\Src\driver\usb\src\examples\msd\mu_msdfn.c(583): warning:  #223-D: function "uart_printf_null" declared implicitly
  	    
ART_PRINTF("tran rx\r\n");
..\..\Src\driver\usb\src\examples\msd\mu_msdfn.c(595): warning:  #223-D: function "uart_printf_null" declared implicitly
          
ART_PRINTF("USBD_RxData Complete\r\n");
..\..\Src\driver\usb\src\examples\msd\mu_msdfn.c: 4 warnings, 0 errors
compiling rf_xvr.c...
linking...
Program Size: Code=77524 RO-data=9964 RW-data=936 ZI-data=31176  
FromELF: creating hex file...
After Build - User command #1: fromelf --bin --output .\output\app\bk3633_app_slave.bin .\obj\bk3633_app_slave.axf
After Build - User command #2: .\output\translate_slave.bat
D:\workspace\embedded-projects\bk3633\bk3633_SDK_Slave&Master_20210609\bk3633_SDK_Slave&Master\projects\app_gatt>.\output\BinConvert  -oad .\output\boot\bk3633_boot.bin  .\output\stack\bk3633_stack.bin  .\output\app\bk3633_app_slave.bin -m 0x1F00 -l 0x2Db00 -v 0x0001 -rom_v 0x0001 -e 00000000 00000000 00000000 00000000 
cmd_bin_oad.stack_file_addr :0x1f00
binary version hex:0x1; dec:1
Arm Image Binary will be converted to OAD format binary file.....
cmd_bin_oad.stack_file_addr=1f00
boot_bin_len=1454
add stack bin start
        Encrypt Seccessfully!
        File Size: 0x4782e
oad_stack_app_bin_len=45800
oad_app_bin_len=17040
f0 6e 4e 0c 01 00 10 5c 42 42 42 42 ff ff 01 00 /**< @CREATE_FILE_SUCCESS */
/**< @Download flash file:.\output\app\bk3633_app_slave_merge_crc.bin
/**< @OAD file :.\output\app\bk3633_app_slave_stack_oad.bin,CRC = 0x62a5068c
/**< @OAD file :.\output\app\bk3633_app_slave_oad.bin,CRC = 0x0c4e6ef0
/**< @author <gang.cheng@bekencorp.com> */
/**< @version v0.3 */
D:\workspace\embedded-projects\bk3633\bk3633_SDK_Slave&Master_20210609\bk3633_SDK_Slave&Master\projects\app_gatt>del .\output\app\bk3633_app_slave.bin 
D:\workspace\embedded-projects\bk3633\bk3633_SDK_Slave&Master_20210609\bk3633_SDK_Slave&Master\projects\app_gatt>del .\output\app\*.out 
".\obj\bk3633_app_slave.axf" - 0 Error(s), 7 Warning(s).
Build Time Elapsed:  00:00:07
</pre>
</body>
</html>
