<!doctype html public "-//w3c//dtd html 4.0 transitional//en">
<html><head>
<title>Static Call Graph - [.\obj\bk3633_app_slave.axf]</title></head>
<body><HR>
<H1>Static Call Graph for image .\obj\bk3633_app_slave.axf</H1><HR>
<BR><P>#&#060CALLGRAPH&#062# ARM Linker, 5060061: Last Updated: Thu Jun 10 20:27:30 2021
<BR><P>
<H3>Maximum Stack Usage =          0 bytes + Unknown(Cycles, Untraceable Function Pointers)</H3><H3>
Call chain for Maximum Stack Depth:</H3>

<P>
<H3>
Mutually Recursive functions
</H3> <LI><a href="#[fe]">__rt_div0</a>&nbsp;&nbsp;&nbsp;&rArr;&nbsp;&nbsp;&nbsp;<a href="#[fe]">__rt_div0</a><BR>
</UL>
<P>
<H3>
Function Pointers
</H3><UL>
 <LI><a href="#[d]">DataAbort</a> from boot_vectors.o(SYS_BOOT) referenced from boot_vectors.o(SYS_BOOT)
 <LI><a href="#[10]">FIQ_Handler</a> from boot_vectors.o(SYS_BOOT) referenced from boot_vectors.o(SYS_BOOT)
 <LI><a href="#[f]">IRQ_Handler</a> from boot_vectors.o(SYS_BOOT) referenced from boot_vectors.o(SYS_BOOT)
 <LI><a href="#[50]">MGC_AidlBdisTimeout</a> from mu_drc.o(.text) referenced from mu_drc.o(.text)
 <LI><a href="#[4e]">MGC_BAase0BrstTimeout</a> from mu_drc.o(.text) referenced from mu_drc.o(.text)
 <LI><a href="#[4c]">MGC_BSrpFailed</a> from mu_drc.o(.text) referenced from mu_drc.o(.text)
 <LI><a href="#[48]">MGC_DrcAcceptDevice</a> from mu_drc.o(.text) referenced from mu_cntlr.o(.text)
 <LI><a href="#[35]">MGC_DrcBsr</a> from mu_drc.o(.text) referenced from mu_cntlr.o(.text)
 <LI><a href="#[51]">MGC_DrcCompleteResume</a> from mu_drc.o(.text) referenced 2 times from mu_drc.o(.text)
 <LI><a href="#[3c]">MGC_DrcResetPort</a> from mu_drc.o(.text) referenced from mu_cntlr.o(.text)
 <LI><a href="#[39]">MGC_DrcSetHostPower</a> from mu_drc.o(.text) referenced from mu_cntlr.o(.text)
 <LI><a href="#[58]">MGC_DriverTimerExpired</a> from mu_hst.o(.text) referenced from mu_hst.o(.text)
 <LI><a href="#[5b]">MGC_EhsetGetDescriptorIn</a> from mu_hst.o(.text) referenced from mu_hst.o(.text)
 <LI><a href="#[5a]">MGC_EhsetGetDescriptorSetup</a> from mu_hst.o(.text) referenced from mu_hst.o(.text)
 <LI><a href="#[59]">MGC_EhsetResume</a> from mu_hst.o(.text) referenced from mu_hst.o(.text)
 <LI><a href="#[3d]">MGC_FdrcBindEndpoint</a> from mu_fdr.o(.text) referenced from mu_cntlr.o(.text)
 <LI><a href="#[42]">MGC_FdrcDefaultEndResponse</a> from mu_fdr.o(.text) referenced from mu_cntlr.o(.text)
 <LI><a href="#[38]">MGC_FdrcDestroy</a> from mu_fdr.o(.text) referenced from mu_cntlr.o(.text)
 <LI><a href="#[49]">MGC_FdrcDmaChannelStatusChanged</a> from mu_fdr.o(.text) referenced from mu_cntlr.o(.text)
 <LI><a href="#[4a]">MGC_FdrcDynamicFifoLocation</a> from mu_fdr.o(.text) referenced from mu_cntlr.o(.text)
 <LI><a href="#[40]">MGC_FdrcFlushEndpoint</a> from mu_fdr.o(.text) referenced from mu_cntlr.o(.text)
 <LI><a href="#[41]">MGC_FdrcHaltEndpoint</a> from mu_fdr.o(.text) referenced from mu_cntlr.o(.text)
 <LI><a href="#[34]">MGC_FdrcIsr</a> from mu_fdr.o(.text) referenced from mu_cntlr.o(.text)
 <LI><a href="#[46]">MGC_FdrcLoadFifo</a> from mu_fdr.o(.text) referenced from mu_cntlr.o(.text)
 <LI><a href="#[3b]">MGC_FdrcProgramBusState</a> from mu_fdr.o(.text) referenced from mu_cntlr.o(.text)
 <LI><a href="#[3a]">MGC_FdrcReadBusState</a> from mu_fdr.o(.text) referenced from mu_cntlr.o(.text)
 <LI><a href="#[43]">MGC_FdrcServiceDefaultEnd</a> from mu_fdr.o(.text) referenced from mu_cntlr.o(.text)
 <LI><a href="#[44]">MGC_FdrcServiceReceiveReady</a> from mu_fdr.o(.text) referenced from mu_cntlr.o(.text)
 <LI><a href="#[45]">MGC_FdrcServiceTransmitAvail</a> from mu_fdr.o(.text) referenced from mu_cntlr.o(.text)
 <LI><a href="#[36]">MGC_FdrcStart</a> from mu_fdr.o(.text) referenced from mu_cntlr.o(.text)
 <LI><a href="#[3e]">MGC_FdrcStartRx</a> from mu_fdr.o(.text) referenced from mu_cntlr.o(.text)
 <LI><a href="#[3f]">MGC_FdrcStartTx</a> from mu_fdr.o(.text) referenced from mu_cntlr.o(.text)
 <LI><a href="#[37]">MGC_FdrcStop</a> from mu_fdr.o(.text) referenced from mu_cntlr.o(.text)
 <LI><a href="#[47]">MGC_FdrcUnloadFifo</a> from mu_fdr.o(.text) referenced from mu_cntlr.o(.text)
 <LI><a href="#[56]">MGC_HostEnumerator</a> from mu_hst.o(.text) referenced from mu_hst.o(.text)
 <LI><a href="#[55]">MGC_HostGetConfig</a> from mu_hst.o(.text) referenced from mu_hst.o(.text)
 <LI><a href="#[54]">MGC_HostGetFullDescriptor</a> from mu_hst.o(.text) referenced from mu_hst.o(.text)
 <LI><a href="#[53]">MGC_HostGetShortDescriptor</a> from mu_hst.o(.text) referenced from mu_hst.o(.text)
 <LI><a href="#[4b]">MGC_HostResetComplete</a> from mu_drc.o(.text) referenced from mu_drc.o(.text)
 <LI><a href="#[4f]">MGC_HostResetStart</a> from mu_drc.o(.text) referenced from mu_drc.o(.text)
 <LI><a href="#[57]">MGC_HostSetDeviceAddress</a> from mu_hst.o(.text) referenced from mu_hst.o(.text)
 <LI><a href="#[f4]">MGC_McpDeviceConfigSelected</a> from mu_msdfn.o(.text) referenced from mu_msdfn.o(.data)
 <LI><a href="#[f3]">MGC_McpDeviceRequest</a> from mu_msdfn.o(.text) referenced from mu_msdfn.o(.data)
 <LI><a href="#[f5]">MGC_McpNewUsbState</a> from mu_msdfn.o(.text) referenced from mu_msdfn.o(.data)
 <LI><a href="#[f6]">MGC_MsdNewOtgState</a> from tst_msd.o(.text) referenced from tst_msd.o(.data)
 <LI><a href="#[f7]">MGC_MsdOtgError</a> from tst_msd.o(.text) referenced from tst_msd.o(.data)
 <LI><a href="#[5d]">MGC_MsdRdTransferComplete</a> from tst_msd.o(.text) referenced from tst_msd.o(.text)
 <LI><a href="#[5e]">MGC_MsdWrTransferComplete</a> from tst_msd.o(.text) referenced from tst_msd.o(.text)
 <LI><a href="#[63]">MGC_NoneArmTimer</a> from plat_uds.o(.text) referenced from plat_uds.o(.text)
 <LI><a href="#[64]">MGC_NoneCancelTimer</a> from plat_uds.o(.text) referenced from plat_uds.o(.text)
 <LI><a href="#[68]">MGC_NoneControllerIsr</a> from plat_uds.o(.text) referenced from plat_uds.o(.text)
 <LI><a href="#[61]">MGC_NoneDequeueBackgroundItem</a> from plat_uds.o(.text) referenced from plat_uds.o(.text)
 <LI><a href="#[62]">MGC_NoneFlushBackgroundQueue</a> from plat_uds.o(.text) referenced from plat_uds.o(.text)
 <LI><a href="#[65]">MGC_NoneLock</a> from plat_uds.o(.text) referenced from plat_uds.o(.text)
 <LI><a href="#[60]">MGC_NoneQueueBackgroundItem</a> from plat_uds.o(.text) referenced from plat_uds.o(.text)
 <LI><a href="#[66]">MGC_NoneUnlock</a> from plat_uds.o(.text) referenced from plat_uds.o(.text)
 <LI><a href="#[52]">MGC_RemoveSuspend</a> from mu_drc.o(.text) referenced from mu_drc.o(.text)
 <LI><a href="#[f2]">MGC_SetHnpEnableIrpComplete</a> from mu_drc.o(.text) referenced from mu_drc.o(.data)
 <LI><a href="#[f1]">MGC_SetHnpSupportIrpComplete</a> from mu_drc.o(.text) referenced from mu_drc.o(.data)
 <LI><a href="#[4d]">MGC_WaitSessReqTimeout</a> from mu_drc.o(.text) referenced from mu_drc.o(.text)
 <LI><a href="#[fa]">MUSB_BoardGetTime</a> from board.o(.text) referenced from plat_uds.o(.data)
 <LI><a href="#[f9]">MUSB_BoardMessageNumber</a> from board.o(.text) referenced from plat_uds.o(.data)
 <LI><a href="#[f8]">MUSB_BoardMessageString</a> from board.o(.text) referenced from plat_uds.o(.data)
 <LI><a href="#[67]">MUSB_BoardPrintDiag</a> from board.o(.text) referenced from plat_uds.o(.text)
 <LI><a href="#[5f]">MUSB_BoardSystemToBusAddress</a> from board.o(.text) referenced from plat_uds.o(.text)
 <LI><a href="#[c]">PrefetchAbort</a> from boot_vectors.o(SYS_BOOT) referenced from boot_vectors.o(SYS_BOOT)
 <LI><a href="#[b]">SoftwareInterrupt</a> from boot_vectors.o(SYS_BOOT) referenced from boot_vectors.o(SYS_BOOT)
 <LI><a href="#[5c]">USBD_KeyboardTxDataComplete</a> from mu_msdfn.o(.text) referenced from mu_msdfn.o(.text)
 <LI><a href="#[a]">Undefined</a> from boot_vectors.o(SYS_BOOT) referenced from boot_vectors.o(SYS_BOOT)
 <LI><a href="#[6c]">_get_lc_ctype</a> from lc_ctype_c.o(locale$$code) referenced from rt_ctype_table.o(.text)
 <LI><a href="#[6b]">_printf_input_char</a> from _printf_char_common.o(.text) referenced from _printf_char_common.o(.text)
 <LI><a href="#[6a]">_snputc</a> from _snputc.o(.text) referenced from __2snprintf.o(.text)
 <LI><a href="#[69]">_sputc</a> from _sputc.o(.text) referenced 2 times from vsprintf.o(.text)
 <LI><a href="#[85]">adv_en</a> from cli_api.o(.text) referenced from cli_api.o(.constdata)
 <LI><a href="#[87]">app_batt_add_bas</a> from app_batt.o(.text) referenced from app.o(.constdata)
 <LI><a href="#[8b]">app_batt_msg_dflt_handler</a> from app_batt.o(.text) referenced from app_batt.o(.constdata)
 <LI><a href="#[86]">app_dis_add_dis</a> from app_dis.o(.text) referenced from app.o(.constdata)
 <LI><a href="#[89]">app_fcc0_add_fcc0s</a> from app_fcc0.o(.text) referenced from app.o(.constdata)
 <LI><a href="#[b5]">app_fcc0_msg_dflt_handler</a> from app_fcc0.o(.text) referenced from app_fcc0.o(.constdata)
 <LI><a href="#[88]">app_fee0_add_fee0s</a> from app_fee0.o(.text) referenced from app.o(.constdata)
 <LI><a href="#[ae]">app_fee0_msg_dflt_handler</a> from app_fee0.o(.text) referenced from app_fee0.o(.constdata)
 <LI><a href="#[bb]">app_ffc1_writer_req_handler</a> from app_oads.o(.text) referenced from app_oads.o(.constdata)
 <LI><a href="#[bd]">app_ffc2_writer_req_handler</a> from app_oads.o(.text) referenced from app_oads.o(.constdata)
 <LI><a href="#[a7]">app_gattc_event_ind_handler</a> from app_task.o(.text) referenced from app_task.o(.constdata)
 <LI><a href="#[a8]">app_gattc_event_req_ind_handler</a> from app_task.o(.text) referenced from app_task.o(.constdata)
 <LI><a href="#[a9]">app_gattc_mtu_changed_ind_handler</a> from app_task.o(.text) referenced from app_task.o(.constdata)
 <LI><a href="#[ad]">app_led_mode_process_handler</a> from app_task.o(.text) referenced from app_task.o(.constdata)
 <LI><a href="#[8a]">app_oad_add_oads</a> from app_oads.o(.text) referenced from app.o(.constdata)
 <LI><a href="#[b9]">app_oads_msg_dflt_handler</a> from app_oads.o(.text) referenced from app_oads.o(.constdata)
 <LI><a href="#[90]">app_sec_msg_dflt_handler</a> from app_sec.o(.text) referenced from app_sec.o(.constdata)
 <LI><a href="#[ab]">app_send_security_req_handler</a> from app_task.o(.text) referenced from app_task.o(.constdata)
 <LI><a href="#[ac]">app_user_change_mtu_size_handler</a> from app_task.o(.text) referenced from app_task.o(.constdata)
 <LI><a href="#[30]">appm_init</a> from app.o(.text) referenced from arch_main.o(.text)
 <LI><a href="#[96]">appm_msg_handler</a> from app_task.o(.text) referenced from app_task.o(.constdata)
 <LI><a href="#[6e]">at_mode</a> from cli_api.o(.text) referenced from cli_api.o(.constdata)
 <LI><a href="#[8d]">bass_batt_level_ntf_cfg_ind_handler</a> from app_batt.o(.text) referenced from app_batt.o(.constdata)
 <LI><a href="#[d5]">bass_batt_level_upd_req_handler</a> from bass_task.o(.text) referenced from bass_task.o(.constdata)
 <LI><a href="#[d3]">bass_cleanup</a> from bass.o(.text) referenced from bass.o(.constdata)
 <LI><a href="#[d2]">bass_create</a> from bass.o(.text) referenced from bass.o(.constdata)
 <LI><a href="#[d1]">bass_destroy</a> from bass.o(.text) referenced from bass.o(.constdata)
 <LI><a href="#[d4]">bass_enable_req_handler</a> from bass_task.o(.text) referenced from bass_task.o(.constdata)
 <LI><a href="#[8c]">bass_enable_rsp_handler</a> from app_batt.o(.text) referenced from app_batt.o(.constdata)
 <LI><a href="#[d0]">bass_init</a> from bass.o(.text) referenced from bass.o(.constdata)
 <LI><a href="#[8e]">batt_level_upd_handler</a> from app_batt.o(.text) referenced from app_batt.o(.constdata)
 <LI><a href="#[84]">baud_cmd</a> from cli_api.o(.text) referenced from cli_api.o(.constdata)
 <LI><a href="#[82]">ble_parm_cmd</a> from cli_api.o(.text) referenced from cli_api.o(.constdata)
 <LI><a href="#[7b]">ble_status_cmd</a> from cli_api.o(.text) referenced from cli_api.o(.constdata)
 <LI><a href="#[79]">bufs_cmd</a> from cli_api.o(.text) referenced from cli_api.o(.constdata)
 <LI><a href="#[1a]">cli_main</a> from cli_krhino.o(.text) referenced from cli_krhino.o(.text)
 <LI><a href="#[83]">connected_info_cmd</a> from cli_api.o(.text) referenced from cli_api.o(.constdata)
 <LI><a href="#[6f]">data_mode</a> from cli_api.o(.text) referenced from cli_api.o(.constdata)
 <LI><a href="#[73]">dev_name_cmd</a> from cli_api.o(.text) referenced from cli_api.o(.constdata)
 <LI><a href="#[81]">disconn_cmd</a> from cli_api.o(.text) referenced from cli_api.o(.constdata)
 <LI><a href="#[c2]">diss_cleanup</a> from diss.o(.text) referenced from diss.o(.constdata)
 <LI><a href="#[c1]">diss_create</a> from diss.o(.text) referenced from diss.o(.constdata)
 <LI><a href="#[c0]">diss_destroy</a> from diss.o(.text) referenced from diss.o(.constdata)
 <LI><a href="#[bf]">diss_init</a> from diss.o(.text) referenced from diss.o(.constdata)
 <LI><a href="#[c3]">diss_set_value_req_handler</a> from diss_task.o(.text) referenced from diss_task.o(.constdata)
 <LI><a href="#[c5]">diss_value_cfm_handler</a> from diss_task.o(.text) referenced from diss_task.o(.constdata)
 <LI><a href="#[8f]">diss_value_req_ind_handler</a> from app_dis.o(.text) referenced from app_dis.o(.constdata)
 <LI><a href="#[b6]">fcc0s_fcc2_val_ntf_cfg_ind_handler</a> from app_fcc0.o(.text) referenced from app_fcc0.o(.constdata)
 <LI><a href="#[b8]">fcc1_writer_cmd_handler</a> from app_fcc0.o(.text) referenced from app_fcc0.o(.constdata)
 <LI><a href="#[b7]">fcc2_val_upd_rsp_handler</a> from app_fcc0.o(.text) referenced from app_fcc0.o(.constdata)
 <LI><a href="#[c9]">fee0s_cleanup</a> from fee0s.o(.text) referenced from fee0s.o(.constdata)
 <LI><a href="#[c8]">fee0s_create</a> from fee0s.o(.text) referenced from fee0s.o(.constdata)
 <LI><a href="#[c7]">fee0s_destroy</a> from fee0s.o(.text) referenced from fee0s.o(.constdata)
 <LI><a href="#[af]">fee0s_fee4_val_ntf_cfg_ind_handler</a> from app_fee0.o(.text) referenced from app_fee0.o(.constdata)
 <LI><a href="#[ca]">fee0s_fee4_val_upd_req_handler</a> from fee0s_task.o(.text) referenced from fee0s_task.o(.constdata)
 <LI><a href="#[b0]">fee0s_fee5_val_ind_cfg_ind_handler</a> from app_fee0.o(.text) referenced from app_fee0.o(.constdata)
 <LI><a href="#[cb]">fee0s_fee5_val_upd_req_handler</a> from fee0s_task.o(.text) referenced from fee0s_task.o(.constdata)
 <LI><a href="#[c6]">fee0s_init</a> from fee0s.o(.text) referenced from fee0s.o(.constdata)
 <LI><a href="#[b3]">fee2_writer_cmd_handler</a> from app_fee0.o(.text) referenced from app_fee0.o(.constdata)
 <LI><a href="#[b4]">fee3_writer_req_handler</a> from app_fee0.o(.text) referenced from app_fee0.o(.constdata)
 <LI><a href="#[b1]">fee4_val_upd_rsp_handler</a> from app_fee0.o(.text) referenced from app_fee0.o(.constdata)
 <LI><a href="#[b2]">fee5_val_upd_rsp_handler</a> from app_fee0.o(.text) referenced from app_fee0.o(.constdata)
 <LI><a href="#[92]">gapc_bond_ind_handler</a> from app_sec.o(.text) referenced from app_sec.o(.constdata)
 <LI><a href="#[91]">gapc_bond_req_ind_handler</a> from app_sec.o(.text) referenced from app_sec.o(.constdata)
 <LI><a href="#[a4]">gapc_cmp_evt_handler</a> from app_task.o(.text) referenced from app_task.o(.constdata)
 <LI><a href="#[a0]">gapc_connection_req_ind_handler</a> from app_task.o(.text) referenced from app_task.o(.constdata)
 <LI><a href="#[a5]">gapc_disconnect_ind_handler</a> from app_task.o(.text) referenced from app_task.o(.constdata)
 <LI><a href="#[94]">gapc_encrypt_ind_handler</a> from app_sec.o(.text) referenced from app_sec.o(.constdata)
 <LI><a href="#[93]">gapc_encrypt_req_ind_handler</a> from app_sec.o(.text) referenced from app_sec.o(.constdata)
 <LI><a href="#[9e]">gapc_get_dev_info_req_ind_handler</a> from app_task.o(.text) referenced from app_task.o(.constdata)
 <LI><a href="#[a3]">gapc_le_pkt_size_ind_handler</a> from app_task.o(.text) referenced from app_task.o(.constdata)
 <LI><a href="#[a1]">gapc_param_update_req_ind_handler</a> from app_task.o(.text) referenced from app_task.o(.constdata)
 <LI><a href="#[a2]">gapc_param_updated_ind_handler</a> from app_task.o(.text) referenced from app_task.o(.constdata)
 <LI><a href="#[95]">gapc_security_ind_handler</a> from app_sec.o(.text) referenced from app_sec.o(.constdata)
 <LI><a href="#[9f]">gapc_set_dev_info_req_ind_handler</a> from app_task.o(.text) referenced from app_task.o(.constdata)
 <LI><a href="#[98]">gapm_activity_created_ind_handler</a> from app_task.o(.text) referenced from app_task.o(.constdata)
 <LI><a href="#[99]">gapm_activity_stopped_ind_handler</a> from app_task.o(.text) referenced from app_task.o(.constdata)
 <LI><a href="#[9a]">gapm_cmp_evt_handler</a> from app_task.o(.text) referenced from app_task.o(.constdata)
 <LI><a href="#[9d]">gapm_ext_adv_report_ind_handler</a> from app_task.o(.text) referenced from app_task.o(.constdata)
 <LI><a href="#[9b]">gapm_gen_rand_nb_ind_handler</a> from app_task.o(.text) referenced from app_task.o(.constdata)
 <LI><a href="#[97]">gapm_profile_added_ind_handler</a> from app_task.o(.text) referenced from app_task.o(.constdata)
 <LI><a href="#[9c]">gapm_scan_request_ind_handler</a> from app_task.o(.text) referenced from app_task.o(.constdata)
 <LI><a href="#[cc]">gattc_att_info_req_ind_handler</a> from fee0s_task.o(.text) referenced 2 times from fee0s_task.o(.constdata)
 <LI><a href="#[aa]">gattc_cmp_evt_handler</a> from app_task.o(.text) referenced 5 times from app_task.o(.constdata)
 <LI><a href="#[e4]">gattc_event_ind_handler</a> from sdp_service_task.o(.text) referenced from sdp_service_task.o(.constdata)
 <LI><a href="#[e5]">gattc_event_req_ind_handler</a> from sdp_service_task.o(.text) referenced from sdp_service_task.o(.constdata)
 <LI><a href="#[e3]">gattc_read_ind_handler</a> from sdp_service_task.o(.text) referenced from sdp_service_task.o(.constdata)
 <LI><a href="#[c4]">gattc_read_req_ind_handler</a> from diss_task.o(.text) referenced 4 times from diss_task.o(.constdata)
 <LI><a href="#[a6]">gattc_sdp_svc_ind_handler</a> from app_task.o(.text) referenced from app_task.o(.constdata)
 <LI><a href="#[cd]">gattc_write_req_ind_handler</a> from fee0s_task.o(.text) referenced 3 times from fee0s_task.o(.constdata)
 <LI><a href="#[77]">gpio_cmd</a> from cli_api.o(.text) referenced from cli_api.o(.constdata)
 <LI><a href="#[6d]">help_cmd</a> from cli_api.o(.text) referenced from cli_api.o(.constdata)
 <LI><a href="#[78]">led_cmd</a> from cli_api.o(.text) referenced from cli_api.o(.constdata)
 <LI><a href="#[7c]">mac_cmd</a> from cli_api.o(.text) referenced from cli_api.o(.constdata)
 <LI><a href="#[11]">main</a> from main.o(.text) referenced from __rtentry2.o(.ARM.Collect$$rtentry$$0000000D)
 <LI><a href="#[7a]">name_cmd</a> from cli_api.o(.text) referenced from cli_api.o(.constdata)
 <LI><a href="#[23]">nvds_del</a> from nvds.o(.text) referenced from arch_main.o(.text)
 <LI><a href="#[1f]">nvds_erase</a> from nvds.o(.text) referenced from nvds.o(.text)
 <LI><a href="#[21]">nvds_get</a> from nvds.o(.text) referenced from arch_main.o(.text)
 <LI><a href="#[22]">nvds_put</a> from nvds.o(.text) referenced from arch_main.o(.text)
 <LI><a href="#[1d]">nvds_read</a> from nvds.o(.text) referenced from nvds.o(.text)
 <LI><a href="#[1e]">nvds_write</a> from nvds.o(.text) referenced from nvds.o(.text)
 <LI><a href="#[ea]">oads_cleanup</a> from oads.o(.text) referenced from oads.o(.constdata)
 <LI><a href="#[e9]">oads_create</a> from oads.o(.text) referenced from oads.o(.constdata)
 <LI><a href="#[e8]">oads_destroy</a> from oads.o(.text) referenced from oads.o(.constdata)
 <LI><a href="#[eb]">oads_enable_req_handler</a> from oads_task.o(.text) referenced from oads_task.o(.constdata)
 <LI><a href="#[ba]">oads_enable_rsp_handler</a> from app_oads.o(.text) referenced from app_oads.o(.constdata)
 <LI><a href="#[ec]">oads_ffc1_upd_req_handler</a> from oads_task.o(.text) referenced from oads_task.o(.constdata)
 <LI><a href="#[bc]">oads_ffc1_upd_rsp_handler</a> from app_oads.o(.text) referenced from app_oads.o(.constdata)
 <LI><a href="#[ed]">oads_ffc2_upd_req_handler</a> from oads_task.o(.text) referenced from oads_task.o(.constdata)
 <LI><a href="#[be]">oads_ffc2_upd_rsp_handler</a> from app_oads.o(.text) referenced from app_oads.o(.constdata)
 <LI><a href="#[e7]">oads_init</a> from oads.o(.text) referenced from oads.o(.constdata)
 <LI><a href="#[7f]">pincode_cmd</a> from cli_api.o(.text) referenced from cli_api.o(.constdata)
 <LI><a href="#[2f]">platform_reset</a> from arch_main.o(.text) referenced from arch_main.o(.text)
 <LI><a href="#[7d]">power_cmd</a> from cli_api.o(.text) referenced from cli_api.o(.constdata)
 <LI><a href="#[2d]">prf_add_profile</a> from prf.o(.text) referenced from arch_main.o(.text)
 <LI><a href="#[2c]">prf_cleanup</a> from prf.o(.text) referenced from arch_main.o(.text)
 <LI><a href="#[2b]">prf_create</a> from prf.o(.text) referenced from arch_main.o(.text)
 <LI><a href="#[28]">prf_get_id_from_task</a> from prf.o(.text) referenced from arch_main.o(.text)
 <LI><a href="#[29]">prf_get_task_from_id</a> from prf.o(.text) referenced from arch_main.o(.text)
 <LI><a href="#[2a]">prf_init</a> from prf.o(.text) referenced from arch_main.o(.text)
 <LI><a href="#[74]">reboot_cmd</a> from cli_api.o(.text) referenced from cli_api.o(.constdata)
 <LI><a href="#[80]">remove_bond_cmd</a> from cli_api.o(.text) referenced from cli_api.o(.constdata)
 <LI><a href="#[17]">rf_force_agc_enable</a> from rf_xvr.o(.text) referenced from rf_xvr.o(.text)
 <LI><a href="#[31]">rf_init</a> from rf_xvr.o(.text) referenced from arch_main.o(.text)
 <LI><a href="#[16]">rf_reset</a> from rf_xvr.o(.text) referenced from rf_xvr.o(.text)
 <LI><a href="#[12]">rf_rpl_reg_rd</a> from rf_xvr.o(.text) referenced from rf_xvr.o(.text)
 <LI><a href="#[13]">rf_rpl_reg_wr</a> from rf_xvr.o(.text) referenced from rf_xvr.o(.text)
 <LI><a href="#[18]">rf_rssi_convert</a> from rf_xvr.o(.text) referenced from rf_xvr.o(.text)
 <LI><a href="#[15]">rf_sleep</a> from rf_xvr.o(.text) referenced from rf_xvr.o(.text)
 <LI><a href="#[19]">rf_txpwr_cs_get</a> from rf_xvr.o(.text) referenced from rf_xvr.o(.text)
 <LI><a href="#[14]">rf_txpwr_dbm_get</a> from rf_xvr.o(.text) referenced from rf_xvr.o(.text)
 <LI><a href="#[7e]">rssi_cmd</a> from cli_api.o(.text) referenced from cli_api.o(.constdata)
 <LI><a href="#[33]">rwip_crypt_evt_handler</a> from rwip_driver.o(.text) referenced from rwip_driver.o(.text)
 <LI><a href="#[32]">rwip_driver_init</a> from rwip_driver.o(.text) referenced from arch_main.o(.text)
 <LI><a href="#[2e]">rwip_reset</a> from peripheral_stack_symbol.txt(ABSOLUTE) referenced from arch_main.o(.text)
 <LI><a href="#[dd]">sdp_cleanup</a> from sdp_service.o(.text) referenced from sdp_service.o(.constdata)
 <LI><a href="#[dc]">sdp_create</a> from sdp_service.o(.text) referenced from sdp_service.o(.constdata)
 <LI><a href="#[de]">sdp_default_msg_handler</a> from sdp_service_task.o(.text) referenced from sdp_service_task.o(.constdata)
 <LI><a href="#[db]">sdp_destroy</a> from sdp_service.o(.text) referenced from sdp_service.o(.constdata)
 <LI><a href="#[df]">sdp_enable_req_handler</a> from sdp_service_task.o(.text) referenced from sdp_service_task.o(.constdata)
 <LI><a href="#[da]">sdp_init</a> from sdp_service.o(.text) referenced from sdp_service.o(.constdata)
 <LI><a href="#[e0]">sdp_read_info_req_handler</a> from sdp_service_task.o(.text) referenced from sdp_service_task.o(.constdata)
 <LI><a href="#[e2]">sdp_write_ntf_cfg_req_handler</a> from sdp_service_task.o(.text) referenced from sdp_service_task.o(.constdata)
 <LI><a href="#[e1]">sdp_write_value_info_req_handler</a> from sdp_service_task.o(.text) referenced from sdp_service_task.o(.constdata)
 <LI><a href="#[76]">sleep_cmd</a> from cli_api.o(.text) referenced from cli_api.o(.constdata)
 <LI><a href="#[71]">sn_cmd</a> from cli_api.o(.text) referenced from cli_api.o(.constdata)
 <LI><a href="#[fb]">sys_Reset</a> from boot_handlers.o(SYS_BOOT) referenced from boot_vectors.o(SYS_BOOT)
 <LI><a href="#[e]">sys_reserved</a> from boot_vectors.o(SYS_BOOT) referenced from boot_vectors.o(SYS_BOOT)
 <LI><a href="#[1b]">timer0_0_isr_handler</a> from timer.o(.text) referenced from timer.o(.text)
 <LI><a href="#[1c]">timer0_1_isr_handler</a> from timer.o(.text) referenced from timer.o(.text)
 <LI><a href="#[24]">uart_flow_off</a> from uart.o(.text) referenced from arch_main.o(.text)
 <LI><a href="#[25]">uart_flow_on</a> from uart.o(.text) referenced from arch_main.o(.text)
 <LI><a href="#[20]">uart_printf_null</a> from uart.o(.text) referenced from arch_main.o(.text)
 <LI><a href="#[26]">uart_read</a> from uart.o(.text) referenced from arch_main.o(.text)
 <LI><a href="#[27]">uart_write</a> from uart.o(.text) referenced from arch_main.o(.text)
 <LI><a href="#[72]">uuid_cmd</a> from cli_api.o(.text) referenced from cli_api.o(.constdata)
 <LI><a href="#[70]">version_cmd</a> from cli_api.o(.text) referenced from cli_api.o(.constdata)
 <LI><a href="#[75]">wdt_cmd</a> from cli_api.o(.text) referenced from cli_api.o(.constdata)
</UL>
<P>
<H3>
Global Symbols
</H3>
<P><STRONG><a name="[222]"></a>uart_stack_register</STRONG> (Thumb, 0 bytes, Stack size 0 bytes, peripheral_stack_symbol.txt(ABSOLUTE))
<BR><BR>[Called By]<UL><LI><a href="#[14d]">&gt;&gt;</a>&nbsp;&nbsp;&nbsp;rw_main
</UL>

<P><STRONG><a name="[337]"></a>Undefined_Exception</STRONG> (Thumb, 0 bytes, Stack size 0 bytes, peripheral_stack_symbol.txt(ABSOLUTE))
<BR><BR>[Called By]<UL><LI><a href="#[a]">&gt;&gt;</a>&nbsp;&nbsp;&nbsp;Undefined (via Veneer)
</UL>

<P><STRONG><a name="[338]"></a>SoftwareInterrupt_Exception</STRONG> (Thumb, 0 bytes, Stack size 0 bytes, peripheral_stack_symbol.txt(ABSOLUTE))
<BR><BR>[Called By]<UL><LI><a href="#[b]">&gt;&gt;</a>&nbsp;&nbsp;&nbsp;SoftwareInterrupt (via Veneer)
</UL>

<P><STRONG><a name="[339]"></a>PrefetchAbort_Exception</STRONG> (Thumb, 0 bytes, Stack size 0 bytes, peripheral_stack_symbol.txt(ABSOLUTE))
<BR><BR>[Called By]<UL><LI><a href="#[c]">&gt;&gt;</a>&nbsp;&nbsp;&nbsp;PrefetchAbort (via Veneer)
</UL>

<P><STRONG><a name="[33a]"></a>DataAbort_Exception</STRONG> (Thumb, 0 bytes, Stack size 0 bytes, peripheral_stack_symbol.txt(ABSOLUTE))
<BR><BR>[Called By]<UL><LI><a href="#[d]">&gt;&gt;</a>&nbsp;&nbsp;&nbsp;DataAbort (via Veneer)
</UL>

<P><STRONG><a name="[33b]"></a>Reserved_Exception</STRONG> (Thumb, 0 bytes, Stack size 0 bytes, peripheral_stack_symbol.txt(ABSOLUTE))
<BR><BR>[Called By]<UL><LI><a href="#[e]">&gt;&gt;</a>&nbsp;&nbsp;&nbsp;sys_reserved (via Veneer)
</UL>

<P><STRONG><a name="[232]"></a>ke_sleep_check</STRONG> (Thumb, 0 bytes, Stack size 0 bytes, peripheral_stack_symbol.txt(ABSOLUTE))
<BR><BR>[Called By]<UL><LI><a href="#[22d]">&gt;&gt;</a>&nbsp;&nbsp;&nbsp;rwip_sleep
</UL>

<P><STRONG><a name="[181]"></a>ke_event_callback_set</STRONG> (Thumb, 0 bytes, Stack size 0 bytes, peripheral_stack_symbol.txt(ABSOLUTE))
<BR><BR>[Called By]<UL><LI><a href="#[17e]">&gt;&gt;</a>&nbsp;&nbsp;&nbsp;aos_cli_init
<LI><a href="#[32]">&gt;&gt;</a>&nbsp;&nbsp;&nbsp;rwip_driver_init
</UL>

<P><STRONG><a name="[107]"></a>ke_event_set</STRONG> (Thumb, 0 bytes, Stack size 0 bytes, peripheral_stack_symbol.txt(ABSOLUTE))
<BR><BR>[Called By]<UL><LI><a href="#[b4]">&gt;&gt;</a>&nbsp;&nbsp;&nbsp;fee3_writer_req_handler
<LI><a href="#[109]">&gt;&gt;</a>&nbsp;&nbsp;&nbsp;rwip_isr
<LI><a href="#[104]">&gt;&gt;</a>&nbsp;&nbsp;&nbsp;UART1ISR
<LI><a href="#[23d]">&gt;&gt;</a>&nbsp;&nbsp;&nbsp;rwip_timer_10ms_handler
</UL>

<P><STRONG><a name="[175]"></a>ke_event_clear</STRONG> (Thumb, 0 bytes, Stack size 0 bytes, peripheral_stack_symbol.txt(ABSOLUTE))
<BR><BR>[Called By]<UL><LI><a href="#[1a]">&gt;&gt;</a>&nbsp;&nbsp;&nbsp;cli_main
<LI><a href="#[33]">&gt;&gt;</a>&nbsp;&nbsp;&nbsp;rwip_crypt_evt_handler
</UL>

<P><STRONG><a name="[272]"></a>ke_check_malloc</STRONG> (Thumb, 0 bytes, Stack size 0 bytes, peripheral_stack_symbol.txt(ABSOLUTE))
<BR><BR>[Called By]<UL><LI><a href="#[271]">&gt;&gt;</a>&nbsp;&nbsp;&nbsp;check_enough_mem_add_service
</UL>

<P><STRONG><a name="[17f]"></a>ke_malloc</STRONG> (Thumb, 0 bytes, Stack size 0 bytes, peripheral_stack_symbol.txt(ABSOLUTE))
<BR><BR>[Called By]<UL><LI><a href="#[212]">&gt;&gt;</a>&nbsp;&nbsp;&nbsp;sdp_extract_svc_info
<LI><a href="#[1dd]">&gt;&gt;</a>&nbsp;&nbsp;&nbsp;sdp_service_init
<LI><a href="#[17e]">&gt;&gt;</a>&nbsp;&nbsp;&nbsp;aos_cli_init
<LI><a href="#[2d7]">&gt;&gt;</a>&nbsp;&nbsp;&nbsp;MGC_AfsMemRealloc
<LI><a href="#[2cd]">&gt;&gt;</a>&nbsp;&nbsp;&nbsp;MUSB_OpenPipe
<LI><a href="#[2c8]">&gt;&gt;</a>&nbsp;&nbsp;&nbsp;MUSB_RejectInterfaces
<LI><a href="#[2cc]">&gt;&gt;</a>&nbsp;&nbsp;&nbsp;MGC_FindScheduleSlot
<LI><a href="#[56]">&gt;&gt;</a>&nbsp;&nbsp;&nbsp;MGC_HostEnumerator
<LI><a href="#[2c1]">&gt;&gt;</a>&nbsp;&nbsp;&nbsp;MUSB_ListInsertItem
<LI><a href="#[2c0]">&gt;&gt;</a>&nbsp;&nbsp;&nbsp;MGC_ListInsertItem
<LI><a href="#[293]">&gt;&gt;</a>&nbsp;&nbsp;&nbsp;MUSB_ArrayInit
<LI><a href="#[294]">&gt;&gt;</a>&nbsp;&nbsp;&nbsp;MUSB_ArrayAppend
<LI><a href="#[2af]">&gt;&gt;</a>&nbsp;&nbsp;&nbsp;MGC_FunctionRegisterClient
<LI><a href="#[296]">&gt;&gt;</a>&nbsp;&nbsp;&nbsp;MGC_EnumerateDevice
<LI><a href="#[292]">&gt;&gt;</a>&nbsp;&nbsp;&nbsp;MGC_DrcInit
<LI><a href="#[e7]">&gt;&gt;</a>&nbsp;&nbsp;&nbsp;oads_init
<LI><a href="#[d0]">&gt;&gt;</a>&nbsp;&nbsp;&nbsp;bass_init
<LI><a href="#[c6]">&gt;&gt;</a>&nbsp;&nbsp;&nbsp;fee0s_init
<LI><a href="#[c3]">&gt;&gt;</a>&nbsp;&nbsp;&nbsp;diss_set_value_req_handler
<LI><a href="#[bf]">&gt;&gt;</a>&nbsp;&nbsp;&nbsp;diss_init
</UL>

<P><STRONG><a name="[180]"></a>ke_free</STRONG> (Thumb, 0 bytes, Stack size 0 bytes, peripheral_stack_symbol.txt(ABSOLUTE))
<BR><BR>[Called By]<UL><LI><a href="#[17e]">&gt;&gt;</a>&nbsp;&nbsp;&nbsp;aos_cli_init
<LI><a href="#[2dc]">&gt;&gt;</a>&nbsp;&nbsp;&nbsp;MUSB_BoardDestroyController
<LI><a href="#[2db]">&gt;&gt;</a>&nbsp;&nbsp;&nbsp;MUSB_BoardInitTimers
<LI><a href="#[2d7]">&gt;&gt;</a>&nbsp;&nbsp;&nbsp;MGC_AfsMemRealloc
<LI><a href="#[2ce]">&gt;&gt;</a>&nbsp;&nbsp;&nbsp;MUSB_ClosePipe
<LI><a href="#[2cd]">&gt;&gt;</a>&nbsp;&nbsp;&nbsp;MUSB_OpenPipe
<LI><a href="#[2c8]">&gt;&gt;</a>&nbsp;&nbsp;&nbsp;MUSB_RejectInterfaces
<LI><a href="#[2c6]">&gt;&gt;</a>&nbsp;&nbsp;&nbsp;MUSB_RejectDevice
<LI><a href="#[2cc]">&gt;&gt;</a>&nbsp;&nbsp;&nbsp;MGC_FindScheduleSlot
<LI><a href="#[2c7]">&gt;&gt;</a>&nbsp;&nbsp;&nbsp;MGC_FreeScheduleContents
<LI><a href="#[56]">&gt;&gt;</a>&nbsp;&nbsp;&nbsp;MGC_HostEnumerator
<LI><a href="#[2be]">&gt;&gt;</a>&nbsp;&nbsp;&nbsp;MUSB_ArrayClear
<LI><a href="#[2b5]">&gt;&gt;</a>&nbsp;&nbsp;&nbsp;MGC_FunctionDestroy
<LI><a href="#[29a]">&gt;&gt;</a>&nbsp;&nbsp;&nbsp;MUSB_ListRemoveItem
<LI><a href="#[294]">&gt;&gt;</a>&nbsp;&nbsp;&nbsp;MUSB_ArrayAppend
<LI><a href="#[2b3]">&gt;&gt;</a>&nbsp;&nbsp;&nbsp;MGC_HostDestroy
<LI><a href="#[2af]">&gt;&gt;</a>&nbsp;&nbsp;&nbsp;MGC_FunctionRegisterClient
<LI><a href="#[292]">&gt;&gt;</a>&nbsp;&nbsp;&nbsp;MGC_DrcInit
<LI><a href="#[38]">&gt;&gt;</a>&nbsp;&nbsp;&nbsp;MGC_FdrcDestroy
<LI><a href="#[e8]">&gt;&gt;</a>&nbsp;&nbsp;&nbsp;oads_destroy
<LI><a href="#[dd]">&gt;&gt;</a>&nbsp;&nbsp;&nbsp;sdp_cleanup
<LI><a href="#[26c]">&gt;&gt;</a>&nbsp;&nbsp;&nbsp;bass_exe_operation
<LI><a href="#[d1]">&gt;&gt;</a>&nbsp;&nbsp;&nbsp;bass_destroy
<LI><a href="#[d0]">&gt;&gt;</a>&nbsp;&nbsp;&nbsp;bass_init
<LI><a href="#[c7]">&gt;&gt;</a>&nbsp;&nbsp;&nbsp;fee0s_destroy
<LI><a href="#[c6]">&gt;&gt;</a>&nbsp;&nbsp;&nbsp;fee0s_init
<LI><a href="#[c3]">&gt;&gt;</a>&nbsp;&nbsp;&nbsp;diss_set_value_req_handler
<LI><a href="#[c0]">&gt;&gt;</a>&nbsp;&nbsp;&nbsp;diss_destroy
</UL>

<P><STRONG><a name="[1de]"></a>ke_msg_alloc</STRONG> (Thumb, 0 bytes, Stack size 0 bytes, peripheral_stack_symbol.txt(ABSOLUTE))
<BR><BR>[Called By]<UL><LI><a href="#[214]">&gt;&gt;</a>&nbsp;&nbsp;&nbsp;app_fcc2_send_ntf
<LI><a href="#[213]">&gt;&gt;</a>&nbsp;&nbsp;&nbsp;sdp_add_profiles
<LI><a href="#[211]">&gt;&gt;</a>&nbsp;&nbsp;&nbsp;app_fee5_send_ind
<LI><a href="#[210]">&gt;&gt;</a>&nbsp;&nbsp;&nbsp;app_fee4_send_ntf
<LI><a href="#[a1]">&gt;&gt;</a>&nbsp;&nbsp;&nbsp;gapc_param_update_req_ind_handler
<LI><a href="#[a0]">&gt;&gt;</a>&nbsp;&nbsp;&nbsp;gapc_connection_req_ind_handler
<LI><a href="#[9f]">&gt;&gt;</a>&nbsp;&nbsp;&nbsp;gapc_set_dev_info_req_ind_handler
<LI><a href="#[9e]">&gt;&gt;</a>&nbsp;&nbsp;&nbsp;gapc_get_dev_info_req_ind_handler
<LI><a href="#[9a]">&gt;&gt;</a>&nbsp;&nbsp;&nbsp;gapm_cmp_evt_handler
<LI><a href="#[204]">&gt;&gt;</a>&nbsp;&nbsp;&nbsp;sdp_discover_all_service
<LI><a href="#[201]">&gt;&gt;</a>&nbsp;&nbsp;&nbsp;app_sec_send_bond_cmd
<LI><a href="#[200]">&gt;&gt;</a>&nbsp;&nbsp;&nbsp;app_sec_send_security_req
<LI><a href="#[93]">&gt;&gt;</a>&nbsp;&nbsp;&nbsp;gapc_encrypt_req_ind_handler
<LI><a href="#[91]">&gt;&gt;</a>&nbsp;&nbsp;&nbsp;gapc_bond_req_ind_handler
<LI><a href="#[8f]">&gt;&gt;</a>&nbsp;&nbsp;&nbsp;diss_value_req_ind_handler
<LI><a href="#[1fe]">&gt;&gt;</a>&nbsp;&nbsp;&nbsp;app_batt_send_lvl
<LI><a href="#[1fd]">&gt;&gt;</a>&nbsp;&nbsp;&nbsp;app_batt_enable_prf
<LI><a href="#[1fc]">&gt;&gt;</a>&nbsp;&nbsp;&nbsp;appm_read_service_userDesc_by_handle_req
<LI><a href="#[1fb]">&gt;&gt;</a>&nbsp;&nbsp;&nbsp;appm_read_service_ntf_ind_cfg_by_handle_req
<LI><a href="#[1fa]">&gt;&gt;</a>&nbsp;&nbsp;&nbsp;appm_read_service_data_by_handle_req
<LI><a href="#[1f9]">&gt;&gt;</a>&nbsp;&nbsp;&nbsp;appm_read_service_data_by_uuid_req
<LI><a href="#[1f8]">&gt;&gt;</a>&nbsp;&nbsp;&nbsp;appc_write_service_ntf_cfg_req
<LI><a href="#[1f7]">&gt;&gt;</a>&nbsp;&nbsp;&nbsp;appc_write_service_data_req
<LI><a href="#[1f3]">&gt;&gt;</a>&nbsp;&nbsp;&nbsp;appm_stop_connencting
<LI><a href="#[1f2]">&gt;&gt;</a>&nbsp;&nbsp;&nbsp;appm_start_connecting
<LI><a href="#[1f5]">&gt;&gt;</a>&nbsp;&nbsp;&nbsp;appm_create_init
<LI><a href="#[1ec]">&gt;&gt;</a>&nbsp;&nbsp;&nbsp;appm_scan_fsm_next
<LI><a href="#[1eb]">&gt;&gt;</a>&nbsp;&nbsp;&nbsp;appm_delete_scaning
<LI><a href="#[1ed]">&gt;&gt;</a>&nbsp;&nbsp;&nbsp;appm_create_scaning
<LI><a href="#[1ea]">&gt;&gt;</a>&nbsp;&nbsp;&nbsp;appm_start_scaning
<LI><a href="#[1e9]">&gt;&gt;</a>&nbsp;&nbsp;&nbsp;appm_updata_adv_data
<LI><a href="#[1e7]">&gt;&gt;</a>&nbsp;&nbsp;&nbsp;appm_adv_fsm_next
<LI><a href="#[1e5]">&gt;&gt;</a>&nbsp;&nbsp;&nbsp;appm_delete_advertising
<LI><a href="#[1e6]">&gt;&gt;</a>&nbsp;&nbsp;&nbsp;appm_set_adv_data
<LI><a href="#[8a]">&gt;&gt;</a>&nbsp;&nbsp;&nbsp;app_oad_add_oads
<LI><a href="#[88]">&gt;&gt;</a>&nbsp;&nbsp;&nbsp;app_fee0_add_fee0s
<LI><a href="#[89]">&gt;&gt;</a>&nbsp;&nbsp;&nbsp;app_fcc0_add_fcc0s
<LI><a href="#[86]">&gt;&gt;</a>&nbsp;&nbsp;&nbsp;app_dis_add_dis
<LI><a href="#[87]">&gt;&gt;</a>&nbsp;&nbsp;&nbsp;app_batt_add_bas
<LI><a href="#[1e4]">&gt;&gt;</a>&nbsp;&nbsp;&nbsp;appc_gatt_mtu_change
<LI><a href="#[1e2]">&gt;&gt;</a>&nbsp;&nbsp;&nbsp;appc_le_data_length_update_req
<LI><a href="#[1e1]">&gt;&gt;</a>&nbsp;&nbsp;&nbsp;appm_update_param
<LI><a href="#[30]">&gt;&gt;</a>&nbsp;&nbsp;&nbsp;appm_init
<LI><a href="#[1ac]">&gt;&gt;</a>&nbsp;&nbsp;&nbsp;appm_disconnect
<LI><a href="#[ef]">&gt;&gt;</a>&nbsp;&nbsp;&nbsp;gattc_read_req_ind_handler
<LI><a href="#[ee]">&gt;&gt;</a>&nbsp;&nbsp;&nbsp;gattc_write_req_ind_handler
<LI><a href="#[eb]">&gt;&gt;</a>&nbsp;&nbsp;&nbsp;oads_enable_req_handler
<LI><a href="#[27e]">&gt;&gt;</a>&nbsp;&nbsp;&nbsp;oadImgBlockReq
<LI><a href="#[27d]">&gt;&gt;</a>&nbsp;&nbsp;&nbsp;oadImgIdentifyReq
<LI><a href="#[e5]">&gt;&gt;</a>&nbsp;&nbsp;&nbsp;gattc_event_req_ind_handler
<LI><a href="#[e4]">&gt;&gt;</a>&nbsp;&nbsp;&nbsp;gattc_event_ind_handler
<LI><a href="#[e6]">&gt;&gt;</a>&nbsp;&nbsp;&nbsp;gattc_cmp_evt_handler
<LI><a href="#[274]">&gt;&gt;</a>&nbsp;&nbsp;&nbsp;sdp_enable_rsp_send
<LI><a href="#[270]">&gt;&gt;</a>&nbsp;&nbsp;&nbsp;sdp_discover_service
<LI><a href="#[275]">&gt;&gt;</a>&nbsp;&nbsp;&nbsp;sdp_write_service_ntf_cfg_req
<LI><a href="#[d8]">&gt;&gt;</a>&nbsp;&nbsp;&nbsp;gattc_read_req_ind_handler
<LI><a href="#[d7]">&gt;&gt;</a>&nbsp;&nbsp;&nbsp;gattc_write_req_ind_handler
<LI><a href="#[d6]">&gt;&gt;</a>&nbsp;&nbsp;&nbsp;gattc_att_info_req_ind_handler
<LI><a href="#[d5]">&gt;&gt;</a>&nbsp;&nbsp;&nbsp;bass_batt_level_upd_req_handler
<LI><a href="#[d4]">&gt;&gt;</a>&nbsp;&nbsp;&nbsp;bass_enable_req_handler
<LI><a href="#[26c]">&gt;&gt;</a>&nbsp;&nbsp;&nbsp;bass_exe_operation
<LI><a href="#[26a]">&gt;&gt;</a>&nbsp;&nbsp;&nbsp;bass_notify_batt_lvl
<LI><a href="#[cf]">&gt;&gt;</a>&nbsp;&nbsp;&nbsp;gattc_cmp_evt_handler
<LI><a href="#[ce]">&gt;&gt;</a>&nbsp;&nbsp;&nbsp;gattc_read_req_ind_handler
<LI><a href="#[cd]">&gt;&gt;</a>&nbsp;&nbsp;&nbsp;gattc_write_req_ind_handler
<LI><a href="#[cc]">&gt;&gt;</a>&nbsp;&nbsp;&nbsp;gattc_att_info_req_ind_handler
<LI><a href="#[266]">&gt;&gt;</a>&nbsp;&nbsp;&nbsp;fee0s_indicate_fee5_val
<LI><a href="#[265]">&gt;&gt;</a>&nbsp;&nbsp;&nbsp;fee0s_notify_fee4_val
<LI><a href="#[c5]">&gt;&gt;</a>&nbsp;&nbsp;&nbsp;diss_value_cfm_handler
<LI><a href="#[c4]">&gt;&gt;</a>&nbsp;&nbsp;&nbsp;gattc_read_req_ind_handler
<LI><a href="#[c3]">&gt;&gt;</a>&nbsp;&nbsp;&nbsp;diss_set_value_req_handler
<LI><a href="#[24d]">&gt;&gt;</a>&nbsp;&nbsp;&nbsp;prf_client_att_info_rsp
<LI><a href="#[249]">&gt;&gt;</a>&nbsp;&nbsp;&nbsp;prf_gatt_write
<LI><a href="#[248]">&gt;&gt;</a>&nbsp;&nbsp;&nbsp;prf_disc_svc_send_uuid128
<LI><a href="#[247]">&gt;&gt;</a>&nbsp;&nbsp;&nbsp;prf_disc_svc_send
<LI><a href="#[246]">&gt;&gt;</a>&nbsp;&nbsp;&nbsp;prf_unregister_atthdl2gatt
<LI><a href="#[245]">&gt;&gt;</a>&nbsp;&nbsp;&nbsp;prf_register_atthdl2gatt
<LI><a href="#[243]">&gt;&gt;</a>&nbsp;&nbsp;&nbsp;prf_read_char_send
<LI><a href="#[218]">&gt;&gt;</a>&nbsp;&nbsp;&nbsp;app_ffc2_ntf_req
<LI><a href="#[217]">&gt;&gt;</a>&nbsp;&nbsp;&nbsp;app_ffc1_ntf_req
<LI><a href="#[215]">&gt;&gt;</a>&nbsp;&nbsp;&nbsp;app_oads_enable_prf
</UL>

<P><STRONG><a name="[1df]"></a>ke_msg_send</STRONG> (Thumb, 0 bytes, Stack size 0 bytes, peripheral_stack_symbol.txt(ABSOLUTE))
<BR><BR>[Called By]<UL><LI><a href="#[214]">&gt;&gt;</a>&nbsp;&nbsp;&nbsp;app_fcc2_send_ntf
<LI><a href="#[213]">&gt;&gt;</a>&nbsp;&nbsp;&nbsp;sdp_add_profiles
<LI><a href="#[211]">&gt;&gt;</a>&nbsp;&nbsp;&nbsp;app_fee5_send_ind
<LI><a href="#[210]">&gt;&gt;</a>&nbsp;&nbsp;&nbsp;app_fee4_send_ntf
<LI><a href="#[a1]">&gt;&gt;</a>&nbsp;&nbsp;&nbsp;gapc_param_update_req_ind_handler
<LI><a href="#[a0]">&gt;&gt;</a>&nbsp;&nbsp;&nbsp;gapc_connection_req_ind_handler
<LI><a href="#[9f]">&gt;&gt;</a>&nbsp;&nbsp;&nbsp;gapc_set_dev_info_req_ind_handler
<LI><a href="#[9e]">&gt;&gt;</a>&nbsp;&nbsp;&nbsp;gapc_get_dev_info_req_ind_handler
<LI><a href="#[9a]">&gt;&gt;</a>&nbsp;&nbsp;&nbsp;gapm_cmp_evt_handler
<LI><a href="#[204]">&gt;&gt;</a>&nbsp;&nbsp;&nbsp;sdp_discover_all_service
<LI><a href="#[201]">&gt;&gt;</a>&nbsp;&nbsp;&nbsp;app_sec_send_bond_cmd
<LI><a href="#[200]">&gt;&gt;</a>&nbsp;&nbsp;&nbsp;app_sec_send_security_req
<LI><a href="#[93]">&gt;&gt;</a>&nbsp;&nbsp;&nbsp;gapc_encrypt_req_ind_handler
<LI><a href="#[91]">&gt;&gt;</a>&nbsp;&nbsp;&nbsp;gapc_bond_req_ind_handler
<LI><a href="#[8f]">&gt;&gt;</a>&nbsp;&nbsp;&nbsp;diss_value_req_ind_handler
<LI><a href="#[1fe]">&gt;&gt;</a>&nbsp;&nbsp;&nbsp;app_batt_send_lvl
<LI><a href="#[1fd]">&gt;&gt;</a>&nbsp;&nbsp;&nbsp;app_batt_enable_prf
<LI><a href="#[1fc]">&gt;&gt;</a>&nbsp;&nbsp;&nbsp;appm_read_service_userDesc_by_handle_req
<LI><a href="#[1fb]">&gt;&gt;</a>&nbsp;&nbsp;&nbsp;appm_read_service_ntf_ind_cfg_by_handle_req
<LI><a href="#[1fa]">&gt;&gt;</a>&nbsp;&nbsp;&nbsp;appm_read_service_data_by_handle_req
<LI><a href="#[1f9]">&gt;&gt;</a>&nbsp;&nbsp;&nbsp;appm_read_service_data_by_uuid_req
<LI><a href="#[1f8]">&gt;&gt;</a>&nbsp;&nbsp;&nbsp;appc_write_service_ntf_cfg_req
<LI><a href="#[1f7]">&gt;&gt;</a>&nbsp;&nbsp;&nbsp;appc_write_service_data_req
<LI><a href="#[1f3]">&gt;&gt;</a>&nbsp;&nbsp;&nbsp;appm_stop_connencting
<LI><a href="#[1f2]">&gt;&gt;</a>&nbsp;&nbsp;&nbsp;appm_start_connecting
<LI><a href="#[1f5]">&gt;&gt;</a>&nbsp;&nbsp;&nbsp;appm_create_init
<LI><a href="#[1ec]">&gt;&gt;</a>&nbsp;&nbsp;&nbsp;appm_scan_fsm_next
<LI><a href="#[1eb]">&gt;&gt;</a>&nbsp;&nbsp;&nbsp;appm_delete_scaning
<LI><a href="#[1ed]">&gt;&gt;</a>&nbsp;&nbsp;&nbsp;appm_create_scaning
<LI><a href="#[1ea]">&gt;&gt;</a>&nbsp;&nbsp;&nbsp;appm_start_scaning
<LI><a href="#[1e9]">&gt;&gt;</a>&nbsp;&nbsp;&nbsp;appm_updata_adv_data
<LI><a href="#[1e7]">&gt;&gt;</a>&nbsp;&nbsp;&nbsp;appm_adv_fsm_next
<LI><a href="#[1e5]">&gt;&gt;</a>&nbsp;&nbsp;&nbsp;appm_delete_advertising
<LI><a href="#[1e6]">&gt;&gt;</a>&nbsp;&nbsp;&nbsp;appm_set_adv_data
<LI><a href="#[8a]">&gt;&gt;</a>&nbsp;&nbsp;&nbsp;app_oad_add_oads
<LI><a href="#[88]">&gt;&gt;</a>&nbsp;&nbsp;&nbsp;app_fee0_add_fee0s
<LI><a href="#[89]">&gt;&gt;</a>&nbsp;&nbsp;&nbsp;app_fcc0_add_fcc0s
<LI><a href="#[86]">&gt;&gt;</a>&nbsp;&nbsp;&nbsp;app_dis_add_dis
<LI><a href="#[87]">&gt;&gt;</a>&nbsp;&nbsp;&nbsp;app_batt_add_bas
<LI><a href="#[1e4]">&gt;&gt;</a>&nbsp;&nbsp;&nbsp;appc_gatt_mtu_change
<LI><a href="#[1e2]">&gt;&gt;</a>&nbsp;&nbsp;&nbsp;appc_le_data_length_update_req
<LI><a href="#[1e1]">&gt;&gt;</a>&nbsp;&nbsp;&nbsp;appm_update_param
<LI><a href="#[30]">&gt;&gt;</a>&nbsp;&nbsp;&nbsp;appm_init
<LI><a href="#[1ac]">&gt;&gt;</a>&nbsp;&nbsp;&nbsp;appm_disconnect
<LI><a href="#[ef]">&gt;&gt;</a>&nbsp;&nbsp;&nbsp;gattc_read_req_ind_handler
<LI><a href="#[ee]">&gt;&gt;</a>&nbsp;&nbsp;&nbsp;gattc_write_req_ind_handler
<LI><a href="#[eb]">&gt;&gt;</a>&nbsp;&nbsp;&nbsp;oads_enable_req_handler
<LI><a href="#[27e]">&gt;&gt;</a>&nbsp;&nbsp;&nbsp;oadImgBlockReq
<LI><a href="#[27d]">&gt;&gt;</a>&nbsp;&nbsp;&nbsp;oadImgIdentifyReq
<LI><a href="#[e5]">&gt;&gt;</a>&nbsp;&nbsp;&nbsp;gattc_event_req_ind_handler
<LI><a href="#[e4]">&gt;&gt;</a>&nbsp;&nbsp;&nbsp;gattc_event_ind_handler
<LI><a href="#[e6]">&gt;&gt;</a>&nbsp;&nbsp;&nbsp;gattc_cmp_evt_handler
<LI><a href="#[274]">&gt;&gt;</a>&nbsp;&nbsp;&nbsp;sdp_enable_rsp_send
<LI><a href="#[270]">&gt;&gt;</a>&nbsp;&nbsp;&nbsp;sdp_discover_service
<LI><a href="#[275]">&gt;&gt;</a>&nbsp;&nbsp;&nbsp;sdp_write_service_ntf_cfg_req
<LI><a href="#[d8]">&gt;&gt;</a>&nbsp;&nbsp;&nbsp;gattc_read_req_ind_handler
<LI><a href="#[d7]">&gt;&gt;</a>&nbsp;&nbsp;&nbsp;gattc_write_req_ind_handler
<LI><a href="#[d6]">&gt;&gt;</a>&nbsp;&nbsp;&nbsp;gattc_att_info_req_ind_handler
<LI><a href="#[d5]">&gt;&gt;</a>&nbsp;&nbsp;&nbsp;bass_batt_level_upd_req_handler
<LI><a href="#[d4]">&gt;&gt;</a>&nbsp;&nbsp;&nbsp;bass_enable_req_handler
<LI><a href="#[26c]">&gt;&gt;</a>&nbsp;&nbsp;&nbsp;bass_exe_operation
<LI><a href="#[26a]">&gt;&gt;</a>&nbsp;&nbsp;&nbsp;bass_notify_batt_lvl
<LI><a href="#[cf]">&gt;&gt;</a>&nbsp;&nbsp;&nbsp;gattc_cmp_evt_handler
<LI><a href="#[ce]">&gt;&gt;</a>&nbsp;&nbsp;&nbsp;gattc_read_req_ind_handler
<LI><a href="#[cd]">&gt;&gt;</a>&nbsp;&nbsp;&nbsp;gattc_write_req_ind_handler
<LI><a href="#[cc]">&gt;&gt;</a>&nbsp;&nbsp;&nbsp;gattc_att_info_req_ind_handler
<LI><a href="#[266]">&gt;&gt;</a>&nbsp;&nbsp;&nbsp;fee0s_indicate_fee5_val
<LI><a href="#[265]">&gt;&gt;</a>&nbsp;&nbsp;&nbsp;fee0s_notify_fee4_val
<LI><a href="#[c5]">&gt;&gt;</a>&nbsp;&nbsp;&nbsp;diss_value_cfm_handler
<LI><a href="#[c4]">&gt;&gt;</a>&nbsp;&nbsp;&nbsp;gattc_read_req_ind_handler
<LI><a href="#[c3]">&gt;&gt;</a>&nbsp;&nbsp;&nbsp;diss_set_value_req_handler
<LI><a href="#[24d]">&gt;&gt;</a>&nbsp;&nbsp;&nbsp;prf_client_att_info_rsp
<LI><a href="#[249]">&gt;&gt;</a>&nbsp;&nbsp;&nbsp;prf_gatt_write
<LI><a href="#[248]">&gt;&gt;</a>&nbsp;&nbsp;&nbsp;prf_disc_svc_send_uuid128
<LI><a href="#[247]">&gt;&gt;</a>&nbsp;&nbsp;&nbsp;prf_disc_svc_send
<LI><a href="#[246]">&gt;&gt;</a>&nbsp;&nbsp;&nbsp;prf_unregister_atthdl2gatt
<LI><a href="#[245]">&gt;&gt;</a>&nbsp;&nbsp;&nbsp;prf_register_atthdl2gatt
<LI><a href="#[243]">&gt;&gt;</a>&nbsp;&nbsp;&nbsp;prf_read_char_send
<LI><a href="#[218]">&gt;&gt;</a>&nbsp;&nbsp;&nbsp;app_ffc2_ntf_req
<LI><a href="#[217]">&gt;&gt;</a>&nbsp;&nbsp;&nbsp;app_ffc1_ntf_req
<LI><a href="#[215]">&gt;&gt;</a>&nbsp;&nbsp;&nbsp;app_oads_enable_prf
</UL>

<P><STRONG><a name="[1d5]"></a>ke_task_create</STRONG> (Thumb, 0 bytes, Stack size 0 bytes, peripheral_stack_symbol.txt(ABSOLUTE))
<BR><BR>[Called By]<UL><LI><a href="#[30]">&gt;&gt;</a>&nbsp;&nbsp;&nbsp;appm_init
<LI><a href="#[2a]">&gt;&gt;</a>&nbsp;&nbsp;&nbsp;prf_init
</UL>

<P><STRONG><a name="[1d6]"></a>ke_state_set</STRONG> (Thumb, 0 bytes, Stack size 0 bytes, peripheral_stack_symbol.txt(ABSOLUTE))
<BR><BR>[Called By]<UL><LI><a href="#[aa]">&gt;&gt;</a>&nbsp;&nbsp;&nbsp;gattc_cmp_evt_handler
<LI><a href="#[a5]">&gt;&gt;</a>&nbsp;&nbsp;&nbsp;gapc_disconnect_ind_handler
<LI><a href="#[a0]">&gt;&gt;</a>&nbsp;&nbsp;&nbsp;gapc_connection_req_ind_handler
<LI><a href="#[9a]">&gt;&gt;</a>&nbsp;&nbsp;&nbsp;gapm_cmp_evt_handler
<LI><a href="#[30]">&gt;&gt;</a>&nbsp;&nbsp;&nbsp;appm_init
<LI><a href="#[e7]">&gt;&gt;</a>&nbsp;&nbsp;&nbsp;oads_init
<LI><a href="#[dd]">&gt;&gt;</a>&nbsp;&nbsp;&nbsp;sdp_cleanup
<LI><a href="#[dc]">&gt;&gt;</a>&nbsp;&nbsp;&nbsp;sdp_create
<LI><a href="#[da]">&gt;&gt;</a>&nbsp;&nbsp;&nbsp;sdp_init
<LI><a href="#[d5]">&gt;&gt;</a>&nbsp;&nbsp;&nbsp;bass_batt_level_upd_req_handler
<LI><a href="#[d4]">&gt;&gt;</a>&nbsp;&nbsp;&nbsp;bass_enable_req_handler
<LI><a href="#[26c]">&gt;&gt;</a>&nbsp;&nbsp;&nbsp;bass_exe_operation
<LI><a href="#[d0]">&gt;&gt;</a>&nbsp;&nbsp;&nbsp;bass_init
<LI><a href="#[cf]">&gt;&gt;</a>&nbsp;&nbsp;&nbsp;gattc_cmp_evt_handler
<LI><a href="#[cb]">&gt;&gt;</a>&nbsp;&nbsp;&nbsp;fee0s_fee5_val_upd_req_handler
<LI><a href="#[ca]">&gt;&gt;</a>&nbsp;&nbsp;&nbsp;fee0s_fee4_val_upd_req_handler
<LI><a href="#[c6]">&gt;&gt;</a>&nbsp;&nbsp;&nbsp;fee0s_init
<LI><a href="#[c5]">&gt;&gt;</a>&nbsp;&nbsp;&nbsp;diss_value_cfm_handler
<LI><a href="#[c4]">&gt;&gt;</a>&nbsp;&nbsp;&nbsp;gattc_read_req_ind_handler
<LI><a href="#[bf]">&gt;&gt;</a>&nbsp;&nbsp;&nbsp;diss_init
</UL>

<P><STRONG><a name="[1e3]"></a>ke_state_get</STRONG> (Thumb, 0 bytes, Stack size 0 bytes, peripheral_stack_symbol.txt(ABSOLUTE))
<BR><BR>[Called By]<UL><LI><a href="#[210]">&gt;&gt;</a>&nbsp;&nbsp;&nbsp;app_fee4_send_ntf
<LI><a href="#[b3]">&gt;&gt;</a>&nbsp;&nbsp;&nbsp;fee2_writer_cmd_handler
<LI><a href="#[aa]">&gt;&gt;</a>&nbsp;&nbsp;&nbsp;gattc_cmp_evt_handler
<LI><a href="#[a8]">&gt;&gt;</a>&nbsp;&nbsp;&nbsp;app_gattc_event_req_ind_handler
<LI><a href="#[a7]">&gt;&gt;</a>&nbsp;&nbsp;&nbsp;app_gattc_event_ind_handler
<LI><a href="#[97]">&gt;&gt;</a>&nbsp;&nbsp;&nbsp;gapm_profile_added_ind_handler
<LI><a href="#[1fc]">&gt;&gt;</a>&nbsp;&nbsp;&nbsp;appm_read_service_userDesc_by_handle_req
<LI><a href="#[1fb]">&gt;&gt;</a>&nbsp;&nbsp;&nbsp;appm_read_service_ntf_ind_cfg_by_handle_req
<LI><a href="#[1fa]">&gt;&gt;</a>&nbsp;&nbsp;&nbsp;appm_read_service_data_by_handle_req
<LI><a href="#[1f9]">&gt;&gt;</a>&nbsp;&nbsp;&nbsp;appm_read_service_data_by_uuid_req
<LI><a href="#[1f8]">&gt;&gt;</a>&nbsp;&nbsp;&nbsp;appc_write_service_ntf_cfg_req
<LI><a href="#[1f7]">&gt;&gt;</a>&nbsp;&nbsp;&nbsp;appc_write_service_data_req
<LI><a href="#[1e4]">&gt;&gt;</a>&nbsp;&nbsp;&nbsp;appc_gatt_mtu_change
<LI><a href="#[1e2]">&gt;&gt;</a>&nbsp;&nbsp;&nbsp;appc_le_data_length_update_req
<LI><a href="#[1aa]">&gt;&gt;</a>&nbsp;&nbsp;&nbsp;user_remove_bond
<LI><a href="#[1a1]">&gt;&gt;</a>&nbsp;&nbsp;&nbsp;get_ble_state
<LI><a href="#[1ab]">&gt;&gt;</a>&nbsp;&nbsp;&nbsp;channel_search
<LI><a href="#[1af]">&gt;&gt;</a>&nbsp;&nbsp;&nbsp;app_connect_device_info_get
<LI><a href="#[2f7]">&gt;&gt;</a>&nbsp;&nbsp;&nbsp;free_channel_search
<LI><a href="#[2f6]">&gt;&gt;</a>&nbsp;&nbsp;&nbsp;mac_search
<LI><a href="#[ef]">&gt;&gt;</a>&nbsp;&nbsp;&nbsp;gattc_read_req_ind_handler
<LI><a href="#[ee]">&gt;&gt;</a>&nbsp;&nbsp;&nbsp;gattc_write_req_ind_handler
<LI><a href="#[eb]">&gt;&gt;</a>&nbsp;&nbsp;&nbsp;oads_enable_req_handler
<LI><a href="#[e5]">&gt;&gt;</a>&nbsp;&nbsp;&nbsp;gattc_event_req_ind_handler
<LI><a href="#[e4]">&gt;&gt;</a>&nbsp;&nbsp;&nbsp;gattc_event_ind_handler
<LI><a href="#[e3]">&gt;&gt;</a>&nbsp;&nbsp;&nbsp;gattc_read_ind_handler
<LI><a href="#[e6]">&gt;&gt;</a>&nbsp;&nbsp;&nbsp;gattc_cmp_evt_handler
<LI><a href="#[275]">&gt;&gt;</a>&nbsp;&nbsp;&nbsp;sdp_write_service_ntf_cfg_req
<LI><a href="#[d5]">&gt;&gt;</a>&nbsp;&nbsp;&nbsp;bass_batt_level_upd_req_handler
<LI><a href="#[d4]">&gt;&gt;</a>&nbsp;&nbsp;&nbsp;bass_enable_req_handler
<LI><a href="#[cf]">&gt;&gt;</a>&nbsp;&nbsp;&nbsp;gattc_cmp_evt_handler
<LI><a href="#[cb]">&gt;&gt;</a>&nbsp;&nbsp;&nbsp;fee0s_fee5_val_upd_req_handler
<LI><a href="#[ca]">&gt;&gt;</a>&nbsp;&nbsp;&nbsp;fee0s_fee4_val_upd_req_handler
<LI><a href="#[c5]">&gt;&gt;</a>&nbsp;&nbsp;&nbsp;diss_value_cfm_handler
<LI><a href="#[c4]">&gt;&gt;</a>&nbsp;&nbsp;&nbsp;gattc_read_req_ind_handler
</UL>

<P><STRONG><a name="[255]"></a>ke_task_msg_flush</STRONG> (Thumb, 0 bytes, Stack size 0 bytes, peripheral_stack_symbol.txt(ABSOLUTE))
<BR><BR>[Called By]<UL><LI><a href="#[2a]">&gt;&gt;</a>&nbsp;&nbsp;&nbsp;prf_init
</UL>

<P><STRONG><a name="[205]"></a>ke_timer_set</STRONG> (Thumb, 0 bytes, Stack size 0 bytes, peripheral_stack_symbol.txt(ABSOLUTE))
<BR><BR>[Called By]<UL><LI><a href="#[ad]">&gt;&gt;</a>&nbsp;&nbsp;&nbsp;app_led_mode_process_handler
<LI><a href="#[92]">&gt;&gt;</a>&nbsp;&nbsp;&nbsp;gapc_bond_ind_handler
<LI><a href="#[19b]">&gt;&gt;</a>&nbsp;&nbsp;&nbsp;set_gpio_led
</UL>

<P><STRONG><a name="[2fb]"></a>lld_con_rssi_get</STRONG> (Thumb, 0 bytes, Stack size 0 bytes, peripheral_stack_symbol.txt(ABSOLUTE))
<BR><BR>[Called By]<UL><LI><a href="#[1a7]">&gt;&gt;</a>&nbsp;&nbsp;&nbsp;get_ble_rssi
</UL>

<P><STRONG><a name="[2fc]"></a>llm_rx_path_comp_get</STRONG> (Thumb, 0 bytes, Stack size 0 bytes, peripheral_stack_symbol.txt(ABSOLUTE))
<BR><BR>[Called By]<UL><LI><a href="#[1a7]">&gt;&gt;</a>&nbsp;&nbsp;&nbsp;get_ble_rssi
</UL>

<P><STRONG><a name="[23f]"></a>sch_alarm_timer_isr</STRONG> (Thumb, 0 bytes, Stack size 0 bytes, peripheral_stack_symbol.txt(ABSOLUTE))
<BR><BR>[Called By]<UL><LI><a href="#[237]">&gt;&gt;</a>&nbsp;&nbsp;&nbsp;rwip_timer_hs_handler
</UL>

<P><STRONG><a name="[240]"></a>sch_arb_event_start_isr</STRONG> (Thumb, 0 bytes, Stack size 0 bytes, peripheral_stack_symbol.txt(ABSOLUTE))
<BR><BR>[Called By]<UL><LI><a href="#[238]">&gt;&gt;</a>&nbsp;&nbsp;&nbsp;rwip_timer_hus_handler
</UL>

<P><STRONG><a name="[23e]"></a>sch_arb_sw_isr</STRONG> (Thumb, 0 bytes, Stack size 0 bytes, peripheral_stack_symbol.txt(ABSOLUTE))
<BR><BR>[Called By]<UL><LI><a href="#[109]">&gt;&gt;</a>&nbsp;&nbsp;&nbsp;rwip_isr
</UL>

<P><STRONG><a name="[23a]"></a>sch_prog_fifo_isr</STRONG> (Thumb, 0 bytes, Stack size 0 bytes, peripheral_stack_symbol.txt(ABSOLUTE))
<BR><BR>[Called By]<UL><LI><a href="#[109]">&gt;&gt;</a>&nbsp;&nbsp;&nbsp;rwip_isr
</UL>

<P><STRONG><a name="[231]"></a>aes_result_handler</STRONG> (Thumb, 0 bytes, Stack size 0 bytes, peripheral_stack_symbol.txt(ABSOLUTE))
<BR><BR>[Called By]<UL><LI><a href="#[33]">&gt;&gt;</a>&nbsp;&nbsp;&nbsp;rwip_crypt_evt_handler
</UL>

<P><STRONG><a name="[25a]"></a>co_list_init</STRONG> (Thumb, 0 bytes, Stack size 0 bytes, peripheral_stack_symbol.txt(ABSOLUTE))
<BR><BR>[Called By]<UL><LI><a href="#[c6]">&gt;&gt;</a>&nbsp;&nbsp;&nbsp;fee0s_init
<LI><a href="#[bf]">&gt;&gt;</a>&nbsp;&nbsp;&nbsp;diss_init
</UL>

<P><STRONG><a name="[260]"></a>co_list_push_back</STRONG> (Thumb, 0 bytes, Stack size 0 bytes, peripheral_stack_symbol.txt(ABSOLUTE))
<BR><BR>[Called By]<UL><LI><a href="#[c3]">&gt;&gt;</a>&nbsp;&nbsp;&nbsp;diss_set_value_req_handler
</UL>

<P><STRONG><a name="[25b]"></a>co_list_pop_front</STRONG> (Thumb, 0 bytes, Stack size 0 bytes, peripheral_stack_symbol.txt(ABSOLUTE))
<BR><BR>[Called By]<UL><LI><a href="#[c0]">&gt;&gt;</a>&nbsp;&nbsp;&nbsp;diss_destroy
</UL>

<P><STRONG><a name="[25f]"></a>co_list_extract</STRONG> (Thumb, 0 bytes, Stack size 0 bytes, peripheral_stack_symbol.txt(ABSOLUTE))
<BR><BR>[Called By]<UL><LI><a href="#[c3]">&gt;&gt;</a>&nbsp;&nbsp;&nbsp;diss_set_value_req_handler
</UL>

<P><STRONG><a name="[10a]"></a>rwble_isr</STRONG> (Thumb, 0 bytes, Stack size 0 bytes, peripheral_stack_symbol.txt(ABSOLUTE))
<BR><BR>[Called By]<UL><LI><a href="#[103]">&gt;&gt;</a>&nbsp;&nbsp;&nbsp;intc_irq
<LI><a href="#[101]">&gt;&gt;</a>&nbsp;&nbsp;&nbsp;intc_fiq
</UL>

<P><STRONG><a name="[234]"></a>rwble_sleep_enter</STRONG> (Thumb, 0 bytes, Stack size 0 bytes, peripheral_stack_symbol.txt(ABSOLUTE))
<BR><BR>[Called By]<UL><LI><a href="#[22d]">&gt;&gt;</a>&nbsp;&nbsp;&nbsp;rwip_sleep
</UL>

<P><STRONG><a name="[242]"></a>rwble_sleep_wakeup_end</STRONG> (Thumb, 0 bytes, Stack size 0 bytes, peripheral_stack_symbol.txt(ABSOLUTE))
<BR><BR>[Called By]<UL><LI><a href="#[239]">&gt;&gt;</a>&nbsp;&nbsp;&nbsp;rwip_wakeup_end
</UL>

<P><STRONG><a name="[227]"></a>rwip_eif_api_init</STRONG> (Thumb, 0 bytes, Stack size 0 bytes, peripheral_stack_symbol.txt(ABSOLUTE))
<BR><BR>[Called By]<UL><LI><a href="#[14d]">&gt;&gt;</a>&nbsp;&nbsp;&nbsp;rw_main
</UL>

<P><STRONG><a name="[224]"></a>rwip_param_init</STRONG> (Thumb, 0 bytes, Stack size 0 bytes, peripheral_stack_symbol.txt(ABSOLUTE))
<BR><BR>[Called By]<UL><LI><a href="#[14d]">&gt;&gt;</a>&nbsp;&nbsp;&nbsp;rw_main
</UL>

<P><STRONG><a name="[226]"></a>rwip_ke_mem_init</STRONG> (Thumb, 0 bytes, Stack size 0 bytes, peripheral_stack_symbol.txt(ABSOLUTE))
<BR><BR>[Called By]<UL><LI><a href="#[14d]">&gt;&gt;</a>&nbsp;&nbsp;&nbsp;rw_main
</UL>

<P><STRONG><a name="[228]"></a>rwip_init</STRONG> (Thumb, 0 bytes, Stack size 0 bytes, peripheral_stack_symbol.txt(ABSOLUTE))
<BR><BR>[Called By]<UL><LI><a href="#[14d]">&gt;&gt;</a>&nbsp;&nbsp;&nbsp;rw_main
</UL>

<P><STRONG><a name="[2e]"></a>rwip_reset</STRONG> (Thumb, 0 bytes, Stack size 0 bytes, peripheral_stack_symbol.txt(ABSOLUTE), UNUSED)
<BR>[Address Reference Count : 1]<UL><LI> arch_main.o(.text)
</UL>
<P><STRONG><a name="[22a]"></a>rwip_schedule</STRONG> (Thumb, 0 bytes, Stack size 0 bytes, peripheral_stack_symbol.txt(ABSOLUTE))
<BR><BR>[Called By]<UL><LI><a href="#[14d]">&gt;&gt;</a>&nbsp;&nbsp;&nbsp;rw_main
</UL>

<P><STRONG><a name="[233]"></a>rwip_time_get</STRONG> (Thumb, 0 bytes, Stack size 0 bytes, peripheral_stack_symbol.txt(ABSOLUTE))
<BR><BR>[Called By]<UL><LI><a href="#[239]">&gt;&gt;</a>&nbsp;&nbsp;&nbsp;rwip_wakeup_end
<LI><a href="#[22d]">&gt;&gt;</a>&nbsp;&nbsp;&nbsp;rwip_sleep
</UL>

<P><STRONG><a name="[235]"></a>rwip_prevent_sleep_set</STRONG> (Thumb, 0 bytes, Stack size 0 bytes, peripheral_stack_symbol.txt(ABSOLUTE))
<BR><BR>[Called By]<UL><LI><a href="#[23b]">&gt;&gt;</a>&nbsp;&nbsp;&nbsp;rwip_wakeup
<LI><a href="#[22d]">&gt;&gt;</a>&nbsp;&nbsp;&nbsp;rwip_sleep
<LI><a href="#[32]">&gt;&gt;</a>&nbsp;&nbsp;&nbsp;rwip_driver_init
</UL>

<P><STRONG><a name="[23c]"></a>rwip_prevent_sleep_clear</STRONG> (Thumb, 0 bytes, Stack size 0 bytes, peripheral_stack_symbol.txt(ABSOLUTE))
<BR><BR>[Called By]<UL><LI><a href="#[109]">&gt;&gt;</a>&nbsp;&nbsp;&nbsp;rwip_isr
<LI><a href="#[239]">&gt;&gt;</a>&nbsp;&nbsp;&nbsp;rwip_wakeup_end
</UL>

<P><STRONG><a name="[26d]"></a>gapc_get_conhdl</STRONG> (Thumb, 0 bytes, Stack size 0 bytes, peripheral_stack_symbol.txt(ABSOLUTE))
<BR><BR>[Called By]<UL><LI><a href="#[eb]">&gt;&gt;</a>&nbsp;&nbsp;&nbsp;oads_enable_req_handler
<LI><a href="#[d4]">&gt;&gt;</a>&nbsp;&nbsp;&nbsp;bass_enable_req_handler
</UL>

<P><STRONG><a name="[203]"></a>gapc_get_bdaddr</STRONG> (Thumb, 0 bytes, Stack size 0 bytes, peripheral_stack_symbol.txt(ABSOLUTE))
<BR><BR>[Called By]<UL><LI><a href="#[92]">&gt;&gt;</a>&nbsp;&nbsp;&nbsp;gapc_bond_ind_handler
</UL>

<P><STRONG><a name="[24c]"></a>attm_uuid16_comp</STRONG> (Thumb, 0 bytes, Stack size 0 bytes, peripheral_stack_symbol.txt(ABSOLUTE), UNUSED)
<BR><BR>[Called By]<UL><LI><a href="#[24b]">&gt;&gt;</a>&nbsp;&nbsp;&nbsp;prf_extract_svc_info
</UL>

<P><STRONG><a name="[258]"></a>attm_svc_create_db</STRONG> (Thumb, 0 bytes, Stack size 0 bytes, peripheral_stack_symbol.txt(ABSOLUTE))
<BR><BR>[Called By]<UL><LI><a href="#[d0]">&gt;&gt;</a>&nbsp;&nbsp;&nbsp;bass_init
<LI><a href="#[c6]">&gt;&gt;</a>&nbsp;&nbsp;&nbsp;fee0s_init
<LI><a href="#[bf]">&gt;&gt;</a>&nbsp;&nbsp;&nbsp;diss_init
</UL>

<P><STRONG><a name="[278]"></a>attm_svc_create_db128</STRONG> (Thumb, 0 bytes, Stack size 0 bytes, peripheral_stack_symbol.txt(ABSOLUTE))
<BR><BR>[Called By]<UL><LI><a href="#[e7]">&gt;&gt;</a>&nbsp;&nbsp;&nbsp;oads_init
</UL>

<P><STRONG><a name="[262]"></a>attm_att_set_permission</STRONG> (Thumb, 0 bytes, Stack size 0 bytes, peripheral_stack_symbol.txt(ABSOLUTE))
<BR><BR>[Called By]<UL><LI><a href="#[e7]">&gt;&gt;</a>&nbsp;&nbsp;&nbsp;oads_init
<LI><a href="#[d0]">&gt;&gt;</a>&nbsp;&nbsp;&nbsp;bass_init
<LI><a href="#[c6]">&gt;&gt;</a>&nbsp;&nbsp;&nbsp;fee0s_init
</UL>

<P><STRONG><a name="[112]"></a>__aeabi_uidivmod</STRONG> (Thumb, 0 bytes, Stack size 0 bytes, peripheral_stack_symbol.txt(ABSOLUTE))
<BR><BR>[Called By]<UL><LI><a href="#[212]">&gt;&gt;</a>&nbsp;&nbsp;&nbsp;sdp_extract_svc_info
<LI><a href="#[1d4]">&gt;&gt;</a>&nbsp;&nbsp;&nbsp;calib_adc
<LI><a href="#[111]">&gt;&gt;</a>&nbsp;&nbsp;&nbsp;timer0_init
<LI><a href="#[1cd]">&gt;&gt;</a>&nbsp;&nbsp;&nbsp;timer0_set
<LI><a href="#[152]">&gt;&gt;</a>&nbsp;&nbsp;&nbsp;kmod_calibration
<LI><a href="#[14c]">&gt;&gt;</a>&nbsp;&nbsp;&nbsp;Uart1DbgInit
<LI><a href="#[2c9]">&gt;&gt;</a>&nbsp;&nbsp;&nbsp;MGC_ComputeBandwidth
<LI><a href="#[2b7]">&gt;&gt;</a>&nbsp;&nbsp;&nbsp;MGC_PipeTransmitReady
<LI><a href="#[2b6]">&gt;&gt;</a>&nbsp;&nbsp;&nbsp;MGC_PipePacketReceived
<LI><a href="#[23b]">&gt;&gt;</a>&nbsp;&nbsp;&nbsp;rwip_wakeup
<LI><a href="#[236]">&gt;&gt;</a>&nbsp;&nbsp;&nbsp;rwip_us_2_lpcycles
</UL>

<P><STRONG><a name="[2ca]"></a>__aeabi_idivmod</STRONG> (Thumb, 0 bytes, Stack size 0 bytes, peripheral_stack_symbol.txt(ABSOLUTE))
<BR><BR>[Called By]<UL><LI><a href="#[1a7]">&gt;&gt;</a>&nbsp;&nbsp;&nbsp;get_ble_rssi
<LI><a href="#[2c9]">&gt;&gt;</a>&nbsp;&nbsp;&nbsp;MGC_ComputeBandwidth
<LI><a href="#[31f]">&gt;&gt;</a>&nbsp;&nbsp;&nbsp;_btod_etento
<LI><a href="#[326]">&gt;&gt;</a>&nbsp;&nbsp;&nbsp;_printf_fp_hex_real
</UL>

<P><STRONG><a name="[202]"></a>rand</STRONG> (Thumb, 0 bytes, Stack size 0 bytes, peripheral_stack_symbol.txt(ABSOLUTE))
<BR><BR>[Called By]<UL><LI><a href="#[91]">&gt;&gt;</a>&nbsp;&nbsp;&nbsp;gapc_bond_req_ind_handler
</UL>

<P><STRONG><a name="[155]"></a>__aeabi_memcpy</STRONG> (Thumb, 0 bytes, Stack size 0 bytes, peripheral_stack_symbol.txt(ABSOLUTE))
<BR><BR>[Called By]<UL><LI><a href="#[214]">&gt;&gt;</a>&nbsp;&nbsp;&nbsp;app_fcc2_send_ntf
<LI><a href="#[212]">&gt;&gt;</a>&nbsp;&nbsp;&nbsp;sdp_extract_svc_info
<LI><a href="#[211]">&gt;&gt;</a>&nbsp;&nbsp;&nbsp;app_fee5_send_ind
<LI><a href="#[210]">&gt;&gt;</a>&nbsp;&nbsp;&nbsp;app_fee4_send_ntf
<LI><a href="#[9b]">&gt;&gt;</a>&nbsp;&nbsp;&nbsp;gapm_gen_rand_nb_ind_handler
<LI><a href="#[a0]">&gt;&gt;</a>&nbsp;&nbsp;&nbsp;gapc_connection_req_ind_handler
<LI><a href="#[9a]">&gt;&gt;</a>&nbsp;&nbsp;&nbsp;gapm_cmp_evt_handler
<LI><a href="#[93]">&gt;&gt;</a>&nbsp;&nbsp;&nbsp;gapc_encrypt_req_ind_handler
<LI><a href="#[91]">&gt;&gt;</a>&nbsp;&nbsp;&nbsp;gapc_bond_req_ind_handler
<LI><a href="#[8f]">&gt;&gt;</a>&nbsp;&nbsp;&nbsp;diss_value_req_ind_handler
<LI><a href="#[1f9]">&gt;&gt;</a>&nbsp;&nbsp;&nbsp;appm_read_service_data_by_uuid_req
<LI><a href="#[1f7]">&gt;&gt;</a>&nbsp;&nbsp;&nbsp;appc_write_service_data_req
<LI><a href="#[1f4]">&gt;&gt;</a>&nbsp;&nbsp;&nbsp;appm_init_fsm_next
<LI><a href="#[1f2]">&gt;&gt;</a>&nbsp;&nbsp;&nbsp;appm_start_connecting
<LI><a href="#[1f1]">&gt;&gt;</a>&nbsp;&nbsp;&nbsp;appm_get_connect_dev_addr
<LI><a href="#[1f0]">&gt;&gt;</a>&nbsp;&nbsp;&nbsp;appm_set_connect_dev_addr
<LI><a href="#[1e9]">&gt;&gt;</a>&nbsp;&nbsp;&nbsp;appm_updata_adv_data
<LI><a href="#[1e7]">&gt;&gt;</a>&nbsp;&nbsp;&nbsp;appm_adv_fsm_next
<LI><a href="#[1e6]">&gt;&gt;</a>&nbsp;&nbsp;&nbsp;appm_set_adv_data
<LI><a href="#[88]">&gt;&gt;</a>&nbsp;&nbsp;&nbsp;app_fee0_add_fee0s
<LI><a href="#[1c7]">&gt;&gt;</a>&nbsp;&nbsp;&nbsp;flash_write_data
<LI><a href="#[1c6]">&gt;&gt;</a>&nbsp;&nbsp;&nbsp;flash_read_data
<LI><a href="#[18a]">&gt;&gt;</a>&nbsp;&nbsp;&nbsp;set_version_time
<LI><a href="#[18f]">&gt;&gt;</a>&nbsp;&nbsp;&nbsp;set_uuid
<LI><a href="#[18d]">&gt;&gt;</a>&nbsp;&nbsp;&nbsp;set_sn
<LI><a href="#[191]">&gt;&gt;</a>&nbsp;&nbsp;&nbsp;set_product_name
<LI><a href="#[189]">&gt;&gt;</a>&nbsp;&nbsp;&nbsp;set_fw_version
<LI><a href="#[1a9]">&gt;&gt;</a>&nbsp;&nbsp;&nbsp;set_ble_pincode
<LI><a href="#[1a0]">&gt;&gt;</a>&nbsp;&nbsp;&nbsp;set_ble_name
<LI><a href="#[1a4]">&gt;&gt;</a>&nbsp;&nbsp;&nbsp;set_ble_mac
<LI><a href="#[188]">&gt;&gt;</a>&nbsp;&nbsp;&nbsp;get_version_time
<LI><a href="#[18e]">&gt;&gt;</a>&nbsp;&nbsp;&nbsp;get_uuid
<LI><a href="#[18c]">&gt;&gt;</a>&nbsp;&nbsp;&nbsp;get_sn
<LI><a href="#[190]">&gt;&gt;</a>&nbsp;&nbsp;&nbsp;get_product_name
<LI><a href="#[187]">&gt;&gt;</a>&nbsp;&nbsp;&nbsp;get_fw_version
<LI><a href="#[1a8]">&gt;&gt;</a>&nbsp;&nbsp;&nbsp;get_ble_pincode
<LI><a href="#[1ae]">&gt;&gt;</a>&nbsp;&nbsp;&nbsp;get_ble_parm
<LI><a href="#[19f]">&gt;&gt;</a>&nbsp;&nbsp;&nbsp;get_ble_name
<LI><a href="#[1a2]">&gt;&gt;</a>&nbsp;&nbsp;&nbsp;get_ble_mac
<LI><a href="#[7a]">&gt;&gt;</a>&nbsp;&nbsp;&nbsp;name_cmd
<LI><a href="#[171]">&gt;&gt;</a>&nbsp;&nbsp;&nbsp;read_uart_ringbuf_data
<LI><a href="#[16e]">&gt;&gt;</a>&nbsp;&nbsp;&nbsp;tab_complete
<LI><a href="#[16a]">&gt;&gt;</a>&nbsp;&nbsp;&nbsp;handle_input
<LI><a href="#[105]">&gt;&gt;</a>&nbsp;&nbsp;&nbsp;store_uart_ringbuf_data
<LI><a href="#[31]">&gt;&gt;</a>&nbsp;&nbsp;&nbsp;rf_init
<LI><a href="#[2f0]">&gt;&gt;</a>&nbsp;&nbsp;&nbsp;app_send_keyboad_data
<LI><a href="#[61]">&gt;&gt;</a>&nbsp;&nbsp;&nbsp;MGC_NoneDequeueBackgroundItem
<LI><a href="#[60]">&gt;&gt;</a>&nbsp;&nbsp;&nbsp;MGC_NoneQueueBackgroundItem
<LI><a href="#[2d7]">&gt;&gt;</a>&nbsp;&nbsp;&nbsp;MGC_AfsMemRealloc
<LI><a href="#[2c8]">&gt;&gt;</a>&nbsp;&nbsp;&nbsp;MUSB_RejectInterfaces
<LI><a href="#[56]">&gt;&gt;</a>&nbsp;&nbsp;&nbsp;MGC_HostEnumerator
<LI><a href="#[5a]">&gt;&gt;</a>&nbsp;&nbsp;&nbsp;MGC_EhsetGetDescriptorSetup
<LI><a href="#[55]">&gt;&gt;</a>&nbsp;&nbsp;&nbsp;MGC_HostGetConfig
<LI><a href="#[54]">&gt;&gt;</a>&nbsp;&nbsp;&nbsp;MGC_HostGetFullDescriptor
<LI><a href="#[53]">&gt;&gt;</a>&nbsp;&nbsp;&nbsp;MGC_HostGetShortDescriptor
<LI><a href="#[57]">&gt;&gt;</a>&nbsp;&nbsp;&nbsp;MGC_HostSetDeviceAddress
<LI><a href="#[2bb]">&gt;&gt;</a>&nbsp;&nbsp;&nbsp;MGC_FunctionBindConfig
<LI><a href="#[2b8]">&gt;&gt;</a>&nbsp;&nbsp;&nbsp;MGC_FunctionSetInterface
<LI><a href="#[2b6]">&gt;&gt;</a>&nbsp;&nbsp;&nbsp;MGC_PipePacketReceived
<LI><a href="#[294]">&gt;&gt;</a>&nbsp;&nbsp;&nbsp;MUSB_ArrayAppend
<LI><a href="#[2a9]">&gt;&gt;</a>&nbsp;&nbsp;&nbsp;MGC_FunctionParseSetup
<LI><a href="#[ef]">&gt;&gt;</a>&nbsp;&nbsp;&nbsp;gattc_read_req_ind_handler
<LI><a href="#[ee]">&gt;&gt;</a>&nbsp;&nbsp;&nbsp;gattc_write_req_ind_handler
<LI><a href="#[27a]">&gt;&gt;</a>&nbsp;&nbsp;&nbsp;oad_save_reciveData
<LI><a href="#[e5]">&gt;&gt;</a>&nbsp;&nbsp;&nbsp;gattc_event_req_ind_handler
<LI><a href="#[e4]">&gt;&gt;</a>&nbsp;&nbsp;&nbsp;gattc_event_ind_handler
<LI><a href="#[270]">&gt;&gt;</a>&nbsp;&nbsp;&nbsp;sdp_discover_service
<LI><a href="#[d0]">&gt;&gt;</a>&nbsp;&nbsp;&nbsp;bass_init
<LI><a href="#[ce]">&gt;&gt;</a>&nbsp;&nbsp;&nbsp;gattc_read_req_ind_handler
<LI><a href="#[cd]">&gt;&gt;</a>&nbsp;&nbsp;&nbsp;gattc_write_req_ind_handler
<LI><a href="#[266]">&gt;&gt;</a>&nbsp;&nbsp;&nbsp;fee0s_indicate_fee5_val
<LI><a href="#[265]">&gt;&gt;</a>&nbsp;&nbsp;&nbsp;fee0s_notify_fee4_val
<LI><a href="#[c6]">&gt;&gt;</a>&nbsp;&nbsp;&nbsp;fee0s_init
<LI><a href="#[c5]">&gt;&gt;</a>&nbsp;&nbsp;&nbsp;diss_value_cfm_handler
<LI><a href="#[c4]">&gt;&gt;</a>&nbsp;&nbsp;&nbsp;gattc_read_req_ind_handler
<LI><a href="#[c3]">&gt;&gt;</a>&nbsp;&nbsp;&nbsp;diss_set_value_req_handler
<LI><a href="#[24d]">&gt;&gt;</a>&nbsp;&nbsp;&nbsp;prf_client_att_info_rsp
<LI><a href="#[249]">&gt;&gt;</a>&nbsp;&nbsp;&nbsp;prf_gatt_write
<LI><a href="#[248]">&gt;&gt;</a>&nbsp;&nbsp;&nbsp;prf_disc_svc_send_uuid128
<LI><a href="#[33]">&gt;&gt;</a>&nbsp;&nbsp;&nbsp;rwip_crypt_evt_handler
<LI><a href="#[21e]">&gt;&gt;</a>&nbsp;&nbsp;&nbsp;nvds_purge
</UL>

<P><STRONG><a name="[281]"></a>__aeabi_memcpy4</STRONG> (Thumb, 0 bytes, Stack size 0 bytes, peripheral_stack_symbol.txt(ABSOLUTE))
<BR><BR>[Called By]<UL><LI><a href="#[310]">&gt;&gt;</a>&nbsp;&nbsp;&nbsp;__rt_memmove_w (via Veneer)
<LI><a href="#[2c8]">&gt;&gt;</a>&nbsp;&nbsp;&nbsp;MUSB_RejectInterfaces
<LI><a href="#[ef]">&gt;&gt;</a>&nbsp;&nbsp;&nbsp;gattc_read_req_ind_handler
<LI><a href="#[223]">&gt;&gt;</a>&nbsp;&nbsp;&nbsp;user_init
</UL>

<P><STRONG><a name="[15d]"></a>__aeabi_memclr</STRONG> (Thumb, 0 bytes, Stack size 0 bytes, peripheral_stack_symbol.txt(ABSOLUTE))
<BR><BR>[Called By]<UL><LI><a href="#[9a]">&gt;&gt;</a>&nbsp;&nbsp;&nbsp;gapm_cmp_evt_handler
<LI><a href="#[91]">&gt;&gt;</a>&nbsp;&nbsp;&nbsp;gapc_bond_req_ind_handler
<LI><a href="#[1da]">&gt;&gt;</a>&nbsp;&nbsp;&nbsp;app_fee0_init
<LI><a href="#[30]">&gt;&gt;</a>&nbsp;&nbsp;&nbsp;appm_init
<LI><a href="#[1b5]">&gt;&gt;</a>&nbsp;&nbsp;&nbsp;uart_ringbuf_clean
<LI><a href="#[1a0]">&gt;&gt;</a>&nbsp;&nbsp;&nbsp;set_ble_name
<LI><a href="#[173]">&gt;&gt;</a>&nbsp;&nbsp;&nbsp;uart1_ringbuf_clean
<LI><a href="#[15c]">&gt;&gt;</a>&nbsp;&nbsp;&nbsp;clear_uart1_buffer
<LI><a href="#[174]">&gt;&gt;</a>&nbsp;&nbsp;&nbsp;strncpy (via BLX)
<LI><a href="#[2e8]">&gt;&gt;</a>&nbsp;&nbsp;&nbsp;MGC_NoneInitController
<LI><a href="#[ee]">&gt;&gt;</a>&nbsp;&nbsp;&nbsp;gattc_write_req_ind_handler
</UL>

<P><STRONG><a name="[16b]"></a>__aeabi_memclr4</STRONG> (Thumb, 0 bytes, Stack size 0 bytes, peripheral_stack_symbol.txt(ABSOLUTE))
<BR><BR>[Called By]<UL><LI><a href="#[91]">&gt;&gt;</a>&nbsp;&nbsp;&nbsp;gapc_bond_req_ind_handler
<LI><a href="#[1e8]">&gt;&gt;</a>&nbsp;&nbsp;&nbsp;app_gapm_adv_check_data_sanity
<LI><a href="#[1dd]">&gt;&gt;</a>&nbsp;&nbsp;&nbsp;sdp_service_init
<LI><a href="#[191]">&gt;&gt;</a>&nbsp;&nbsp;&nbsp;set_product_name
<LI><a href="#[7a]">&gt;&gt;</a>&nbsp;&nbsp;&nbsp;name_cmd
<LI><a href="#[73]">&gt;&gt;</a>&nbsp;&nbsp;&nbsp;dev_name_cmd
<LI><a href="#[17e]">&gt;&gt;</a>&nbsp;&nbsp;&nbsp;aos_cli_init
<LI><a href="#[16a]">&gt;&gt;</a>&nbsp;&nbsp;&nbsp;handle_input
<LI><a href="#[2e8]">&gt;&gt;</a>&nbsp;&nbsp;&nbsp;MGC_NoneInitController
<LI><a href="#[2d9]">&gt;&gt;</a>&nbsp;&nbsp;&nbsp;MUSB_BoardInitController
<LI><a href="#[2ce]">&gt;&gt;</a>&nbsp;&nbsp;&nbsp;MUSB_ClosePipe
<LI><a href="#[2cd]">&gt;&gt;</a>&nbsp;&nbsp;&nbsp;MUSB_OpenPipe
<LI><a href="#[2c8]">&gt;&gt;</a>&nbsp;&nbsp;&nbsp;MUSB_RejectInterfaces
<LI><a href="#[2bb]">&gt;&gt;</a>&nbsp;&nbsp;&nbsp;MGC_FunctionBindConfig
<LI><a href="#[296]">&gt;&gt;</a>&nbsp;&nbsp;&nbsp;MGC_EnumerateDevice
<LI><a href="#[292]">&gt;&gt;</a>&nbsp;&nbsp;&nbsp;MGC_DrcInit
<LI><a href="#[28d]">&gt;&gt;</a>&nbsp;&nbsp;&nbsp;MGC_AllocateDynamicFifo
<LI><a href="#[282]">&gt;&gt;</a>&nbsp;&nbsp;&nbsp;MUSB_NewController
<LI><a href="#[ef]">&gt;&gt;</a>&nbsp;&nbsp;&nbsp;gattc_read_req_ind_handler
<LI><a href="#[d0]">&gt;&gt;</a>&nbsp;&nbsp;&nbsp;bass_init
<LI><a href="#[c6]">&gt;&gt;</a>&nbsp;&nbsp;&nbsp;fee0s_init
<LI><a href="#[225]">&gt;&gt;</a>&nbsp;&nbsp;&nbsp;rom_env_init
</UL>

<P><STRONG><a name="[206]"></a>memcmp</STRONG> (Thumb, 0 bytes, Stack size 0 bytes, peripheral_stack_symbol.txt(ABSOLUTE))
<BR><BR>[Called By]<UL><LI><a href="#[20e]">&gt;&gt;</a>&nbsp;&nbsp;&nbsp;app_add_sdp_fee0_srv
<LI><a href="#[22]">&gt;&gt;</a>&nbsp;&nbsp;&nbsp;nvds_put
<LI><a href="#[93]">&gt;&gt;</a>&nbsp;&nbsp;&nbsp;gapc_encrypt_req_ind_handler
<LI><a href="#[1ab]">&gt;&gt;</a>&nbsp;&nbsp;&nbsp;channel_search
<LI><a href="#[2f6]">&gt;&gt;</a>&nbsp;&nbsp;&nbsp;mac_search
<LI><a href="#[256]">&gt;&gt;</a>&nbsp;&nbsp;&nbsp;prf_env_get_from_uuid
<LI><a href="#[223]">&gt;&gt;</a>&nbsp;&nbsp;&nbsp;user_init
<LI><a href="#[219]">&gt;&gt;</a>&nbsp;&nbsp;&nbsp;nvds_init
</UL>

<P><STRONG><a name="[1c2]"></a>__ARM_common_disable_fiq</STRONG> (ARM, 0 bytes, Stack size 0 bytes, peripheral_stack_symbol.txt(ABSOLUTE))
<BR><BR>[Called By]<UL><LI><a href="#[1c7]">&gt;&gt;</a>&nbsp;&nbsp;&nbsp;flash_write_data (via BLX)
<LI><a href="#[1c6]">&gt;&gt;</a>&nbsp;&nbsp;&nbsp;flash_read_data (via BLX)
<LI><a href="#[1c1]">&gt;&gt;</a>&nbsp;&nbsp;&nbsp;flash_erase_sector (via BLX)
<LI><a href="#[14d]">&gt;&gt;</a>&nbsp;&nbsp;&nbsp;rw_main (via BLX)
<LI><a href="#[2dd]">&gt;&gt;</a>&nbsp;&nbsp;&nbsp;MUSB_BoardCancelTimer (via BLX)
<LI><a href="#[2f]">&gt;&gt;</a>&nbsp;&nbsp;&nbsp;platform_reset (via BLX)
</UL>

<P><STRONG><a name="[1c3]"></a>__ARM_common_disable_irq</STRONG> (ARM, 0 bytes, Stack size 0 bytes, peripheral_stack_symbol.txt(ABSOLUTE))
<BR><BR>[Called By]<UL><LI><a href="#[1c7]">&gt;&gt;</a>&nbsp;&nbsp;&nbsp;flash_write_data (via BLX)
<LI><a href="#[1c6]">&gt;&gt;</a>&nbsp;&nbsp;&nbsp;flash_read_data (via BLX)
<LI><a href="#[1c1]">&gt;&gt;</a>&nbsp;&nbsp;&nbsp;flash_erase_sector (via BLX)
<LI><a href="#[14d]">&gt;&gt;</a>&nbsp;&nbsp;&nbsp;rw_main (via BLX)
<LI><a href="#[2dd]">&gt;&gt;</a>&nbsp;&nbsp;&nbsp;MUSB_BoardCancelTimer (via BLX)
<LI><a href="#[2f]">&gt;&gt;</a>&nbsp;&nbsp;&nbsp;platform_reset (via BLX)
</UL>

<P><STRONG><a name="[1c4]"></a>__ARM_common_enable_fiq</STRONG> (ARM, 0 bytes, Stack size 0 bytes, peripheral_stack_symbol.txt(ABSOLUTE))
<BR><BR>[Called By]<UL><LI><a href="#[1c7]">&gt;&gt;</a>&nbsp;&nbsp;&nbsp;flash_write_data (via BLX)
<LI><a href="#[1c6]">&gt;&gt;</a>&nbsp;&nbsp;&nbsp;flash_read_data (via BLX)
<LI><a href="#[1c1]">&gt;&gt;</a>&nbsp;&nbsp;&nbsp;flash_erase_sector (via BLX)
<LI><a href="#[14d]">&gt;&gt;</a>&nbsp;&nbsp;&nbsp;rw_main (via BLX)
<LI><a href="#[2dd]">&gt;&gt;</a>&nbsp;&nbsp;&nbsp;MUSB_BoardCancelTimer (via BLX)
</UL>

<P><STRONG><a name="[1c5]"></a>__ARM_common_enable_irq</STRONG> (ARM, 0 bytes, Stack size 0 bytes, peripheral_stack_symbol.txt(ABSOLUTE))
<BR><BR>[Called By]<UL><LI><a href="#[1c7]">&gt;&gt;</a>&nbsp;&nbsp;&nbsp;flash_write_data (via BLX)
<LI><a href="#[1c6]">&gt;&gt;</a>&nbsp;&nbsp;&nbsp;flash_read_data (via BLX)
<LI><a href="#[1c1]">&gt;&gt;</a>&nbsp;&nbsp;&nbsp;flash_erase_sector (via BLX)
<LI><a href="#[14d]">&gt;&gt;</a>&nbsp;&nbsp;&nbsp;rw_main (via BLX)
<LI><a href="#[2dd]">&gt;&gt;</a>&nbsp;&nbsp;&nbsp;MUSB_BoardCancelTimer (via BLX)
</UL>

<P><STRONG><a name="[158]"></a>__ARM_common_switch8</STRONG> (ARM, 0 bytes, Stack size 0 bytes, peripheral_stack_symbol.txt(ABSOLUTE))
<BR><BR>[Called By]<UL><LI><a href="#[9a]">&gt;&gt;</a>&nbsp;&nbsp;&nbsp;gapm_cmp_evt_handler (via BLX)
<LI><a href="#[92]">&gt;&gt;</a>&nbsp;&nbsp;&nbsp;gapc_bond_ind_handler (via BLX)
<LI><a href="#[91]">&gt;&gt;</a>&nbsp;&nbsp;&nbsp;gapc_bond_req_ind_handler (via BLX)
<LI><a href="#[8f]">&gt;&gt;</a>&nbsp;&nbsp;&nbsp;diss_value_req_ind_handler (via BLX)
<LI><a href="#[1f4]">&gt;&gt;</a>&nbsp;&nbsp;&nbsp;appm_init_fsm_next (via BLX)
<LI><a href="#[1ec]">&gt;&gt;</a>&nbsp;&nbsp;&nbsp;appm_scan_fsm_next (via BLX)
<LI><a href="#[1e8]">&gt;&gt;</a>&nbsp;&nbsp;&nbsp;app_gapm_adv_check_data_sanity (via BLX)
<LI><a href="#[1e7]">&gt;&gt;</a>&nbsp;&nbsp;&nbsp;appm_adv_fsm_next (via BLX)
<LI><a href="#[15b]">&gt;&gt;</a>&nbsp;&nbsp;&nbsp;Delay_us (via BLX)
<LI><a href="#[159]">&gt;&gt;</a>&nbsp;&nbsp;&nbsp;mcu_clk_switch (via BLX)
<LI><a href="#[157]">&gt;&gt;</a>&nbsp;&nbsp;&nbsp;cpu_wakeup (via BLX)
<LI><a href="#[150]">&gt;&gt;</a>&nbsp;&nbsp;&nbsp;Delay_ms (via BLX)
<LI><a href="#[2c3]">&gt;&gt;</a>&nbsp;&nbsp;&nbsp;MGC_HostFindDriver (via BLX)
<LI><a href="#[2c5]">&gt;&gt;</a>&nbsp;&nbsp;&nbsp;MGC_Ehset (via BLX)
<LI><a href="#[56]">&gt;&gt;</a>&nbsp;&nbsp;&nbsp;MGC_HostEnumerator (via BLX)
<LI><a href="#[2c2]">&gt;&gt;</a>&nbsp;&nbsp;&nbsp;MGC_SkipEntry (via BLX)
<LI><a href="#[2a9]">&gt;&gt;</a>&nbsp;&nbsp;&nbsp;MGC_FunctionParseSetup (via BLX)
</UL>

<P><STRONG><a name="[fc]"></a>vectors</STRONG> (ARM, 0 bytes, Stack size 0 bytes, boot_vectors.o(SYS_BOOT))

<P><STRONG><a name="[fb]"></a>sys_Reset</STRONG> (ARM, 0 bytes, Stack size 0 bytes, boot_handlers.o(SYS_BOOT))
<BR><BR>[Calls]<UL><LI><a href="#[fd]">&gt;&gt;</a>&nbsp;&nbsp;&nbsp;__main
</UL>

<P><STRONG><a name="[fe]"></a>__rt_div0</STRONG> (ARM, 0 bytes, Stack size 0 bytes, boot_handlers.o(SYS_BOOT), UNUSED, KEPT)
<BR><BR>[Calls]<UL><LI><a href="#[fe]">&gt;&gt;</a>&nbsp;&nbsp;&nbsp;__rt_div0
</UL>
<BR>[Called By]<UL><LI><a href="#[fe]">&gt;&gt;</a>&nbsp;&nbsp;&nbsp;__rt_div0
</UL>

<P><STRONG><a name="[ff]"></a>__user_initial_stackheap</STRONG> (ARM, 0 bytes, Stack size 0 bytes, boot_handlers.o(SYS_BOOT))
<BR><BR>[Called By]<UL><LI><a href="#[141]">&gt;&gt;</a>&nbsp;&nbsp;&nbsp;__user_setup_stackheap
</UL>

<P><STRONG><a name="[100]"></a>SYSirq_FIQ_Handler</STRONG> (ARM, 16 bytes, Stack size 0 bytes, intc.o(sys_fiq_entry))
<BR><BR>[Calls]<UL><LI><a href="#[101]">&gt;&gt;</a>&nbsp;&nbsp;&nbsp;intc_fiq (via BLX)
</UL>
<BR>[Called By]<UL><LI><a href="#[10]">&gt;&gt;</a>&nbsp;&nbsp;&nbsp;FIQ_Handler
</UL>

<P><STRONG><a name="[102]"></a>SYSirq_IRQ_Handler</STRONG> (ARM, 16 bytes, Stack size 0 bytes, intc.o(sys_irq_entry))
<BR><BR>[Calls]<UL><LI><a href="#[103]">&gt;&gt;</a>&nbsp;&nbsp;&nbsp;intc_irq (via BLX)
</UL>
<BR>[Called By]<UL><LI><a href="#[f]">&gt;&gt;</a>&nbsp;&nbsp;&nbsp;IRQ_Handler
</UL>

<P><STRONG><a name="[fd]"></a>__main</STRONG> (ARM, 8 bytes, Stack size 0 bytes, __main.o(!!!main))
<BR><BR>[Calls]<UL><LI><a href="#[113]">&gt;&gt;</a>&nbsp;&nbsp;&nbsp;__scatterload
<LI><a href="#[114]">&gt;&gt;</a>&nbsp;&nbsp;&nbsp;__rt_entry
</UL>
<BR>[Called By]<UL><LI><a href="#[fb]">&gt;&gt;</a>&nbsp;&nbsp;&nbsp;sys_Reset
</UL>

<P><STRONG><a name="[113]"></a>__scatterload</STRONG> (ARM, 0 bytes, Stack size 0 bytes, __scatter.o(!!!scatter))
<BR><BR>[Called By]<UL><LI><a href="#[fd]">&gt;&gt;</a>&nbsp;&nbsp;&nbsp;__main
</UL>

<P><STRONG><a name="[115]"></a>__scatterload_rt2</STRONG> (ARM, 52 bytes, Stack size 0 bytes, __scatter.o(!!!scatter), UNUSED)
<BR><BR>[Calls]<UL><LI><a href="#[114]">&gt;&gt;</a>&nbsp;&nbsp;&nbsp;__rt_entry
</UL>

<P><STRONG><a name="[116]"></a>__scatterload_copy</STRONG> (ARM, 40 bytes, Stack size 0 bytes, __scatter_copy.o(!!handler_copy), UNUSED)
<BR><BR>[Calls]<UL><LI><a href="#[116]">&gt;&gt;</a>&nbsp;&nbsp;&nbsp;__scatterload_copy
</UL>
<BR>[Called By]<UL><LI><a href="#[116]">&gt;&gt;</a>&nbsp;&nbsp;&nbsp;__scatterload_copy
</UL>

<P><STRONG><a name="[117]"></a>_printf_n</STRONG> (ARM, 0 bytes, Stack size 0 bytes, _printf_n.o(.ARM.Collect$$_printf_percent$$00000001))
<BR><BR>[Calls]<UL><LI><a href="#[118]">&gt;&gt;</a>&nbsp;&nbsp;&nbsp;_printf_charcount (via Veneer)
</UL>

<P><STRONG><a name="[30d]"></a>_printf_percent</STRONG> (ARM, 0 bytes, Stack size 0 bytes, _printf_percent.o(.ARM.Collect$$_printf_percent$$00000000))
<BR><BR>[Called By]<UL><LI><a href="#[30b]">&gt;&gt;</a>&nbsp;&nbsp;&nbsp;__printf (via BLX)
</UL>

<P><STRONG><a name="[119]"></a>_printf_p</STRONG> (ARM, 0 bytes, Stack size 0 bytes, _printf_p.o(.ARM.Collect$$_printf_percent$$00000002))
<BR><BR>[Calls]<UL><LI><a href="#[11a]">&gt;&gt;</a>&nbsp;&nbsp;&nbsp;_printf_hex_ptr (via Veneer)
</UL>

<P><STRONG><a name="[11b]"></a>_printf_f</STRONG> (ARM, 0 bytes, Stack size 0 bytes, _printf_f.o(.ARM.Collect$$_printf_percent$$00000003))
<BR><BR>[Calls]<UL><LI><a href="#[11c]">&gt;&gt;</a>&nbsp;&nbsp;&nbsp;_printf_fp_dec
</UL>

<P><STRONG><a name="[11d]"></a>_printf_e</STRONG> (ARM, 0 bytes, Stack size 0 bytes, _printf_e.o(.ARM.Collect$$_printf_percent$$00000004))
<BR><BR>[Calls]<UL><LI><a href="#[11c]">&gt;&gt;</a>&nbsp;&nbsp;&nbsp;_printf_fp_dec
</UL>

<P><STRONG><a name="[11e]"></a>_printf_g</STRONG> (ARM, 0 bytes, Stack size 0 bytes, _printf_g.o(.ARM.Collect$$_printf_percent$$00000005))
<BR><BR>[Calls]<UL><LI><a href="#[11c]">&gt;&gt;</a>&nbsp;&nbsp;&nbsp;_printf_fp_dec
</UL>

<P><STRONG><a name="[11f]"></a>_printf_a</STRONG> (ARM, 0 bytes, Stack size 0 bytes, _printf_a.o(.ARM.Collect$$_printf_percent$$00000006))
<BR><BR>[Calls]<UL><LI><a href="#[120]">&gt;&gt;</a>&nbsp;&nbsp;&nbsp;_printf_fp_hex
</UL>

<P><STRONG><a name="[121]"></a>_printf_i</STRONG> (ARM, 0 bytes, Stack size 0 bytes, _printf_i.o(.ARM.Collect$$_printf_percent$$00000008))
<BR><BR>[Calls]<UL><LI><a href="#[122]">&gt;&gt;</a>&nbsp;&nbsp;&nbsp;_printf_int_dec (via Veneer)
</UL>

<P><STRONG><a name="[123]"></a>_printf_d</STRONG> (ARM, 0 bytes, Stack size 0 bytes, _printf_d.o(.ARM.Collect$$_printf_percent$$00000009))
<BR><BR>[Calls]<UL><LI><a href="#[122]">&gt;&gt;</a>&nbsp;&nbsp;&nbsp;_printf_int_dec (via Veneer)
</UL>

<P><STRONG><a name="[124]"></a>_printf_u</STRONG> (ARM, 0 bytes, Stack size 0 bytes, _printf_u.o(.ARM.Collect$$_printf_percent$$0000000A))
<BR><BR>[Calls]<UL><LI><a href="#[122]">&gt;&gt;</a>&nbsp;&nbsp;&nbsp;_printf_int_dec (via Veneer)
</UL>

<P><STRONG><a name="[125]"></a>_printf_o</STRONG> (ARM, 0 bytes, Stack size 0 bytes, _printf_o.o(.ARM.Collect$$_printf_percent$$0000000B))
<BR><BR>[Calls]<UL><LI><a href="#[126]">&gt;&gt;</a>&nbsp;&nbsp;&nbsp;_printf_int_oct (via Veneer)
</UL>

<P><STRONG><a name="[127]"></a>_printf_x</STRONG> (ARM, 0 bytes, Stack size 0 bytes, _printf_x.o(.ARM.Collect$$_printf_percent$$0000000C))
<BR><BR>[Calls]<UL><LI><a href="#[128]">&gt;&gt;</a>&nbsp;&nbsp;&nbsp;_printf_int_hex (via Veneer)
</UL>

<P><STRONG><a name="[129]"></a>_printf_lli</STRONG> (ARM, 0 bytes, Stack size 0 bytes, _printf_lli.o(.ARM.Collect$$_printf_percent$$0000000D))
<BR><BR>[Calls]<UL><LI><a href="#[12a]">&gt;&gt;</a>&nbsp;&nbsp;&nbsp;_printf_longlong_dec (via Veneer)
</UL>

<P><STRONG><a name="[12b]"></a>_printf_lld</STRONG> (ARM, 0 bytes, Stack size 0 bytes, _printf_lld.o(.ARM.Collect$$_printf_percent$$0000000E))
<BR><BR>[Calls]<UL><LI><a href="#[12a]">&gt;&gt;</a>&nbsp;&nbsp;&nbsp;_printf_longlong_dec (via Veneer)
</UL>

<P><STRONG><a name="[12c]"></a>_printf_llu</STRONG> (ARM, 0 bytes, Stack size 0 bytes, _printf_llu.o(.ARM.Collect$$_printf_percent$$0000000F))
<BR><BR>[Calls]<UL><LI><a href="#[12a]">&gt;&gt;</a>&nbsp;&nbsp;&nbsp;_printf_longlong_dec (via Veneer)
</UL>

<P><STRONG><a name="[12d]"></a>_printf_llo</STRONG> (ARM, 0 bytes, Stack size 0 bytes, _printf_llo.o(.ARM.Collect$$_printf_percent$$00000010))
<BR><BR>[Calls]<UL><LI><a href="#[12e]">&gt;&gt;</a>&nbsp;&nbsp;&nbsp;_printf_ll_oct (via Veneer)
</UL>

<P><STRONG><a name="[12f]"></a>_printf_llx</STRONG> (ARM, 0 bytes, Stack size 0 bytes, _printf_llx.o(.ARM.Collect$$_printf_percent$$00000011))
<BR><BR>[Calls]<UL><LI><a href="#[130]">&gt;&gt;</a>&nbsp;&nbsp;&nbsp;_printf_ll_hex (via Veneer)
</UL>

<P><STRONG><a name="[131]"></a>_printf_c</STRONG> (ARM, 0 bytes, Stack size 0 bytes, _printf_c.o(.ARM.Collect$$_printf_percent$$00000013))
<BR><BR>[Calls]<UL><LI><a href="#[132]">&gt;&gt;</a>&nbsp;&nbsp;&nbsp;_printf_char (via Veneer)
</UL>

<P><STRONG><a name="[133]"></a>_printf_s</STRONG> (ARM, 0 bytes, Stack size 0 bytes, _printf_s.o(.ARM.Collect$$_printf_percent$$00000014))
<BR><BR>[Calls]<UL><LI><a href="#[134]">&gt;&gt;</a>&nbsp;&nbsp;&nbsp;_printf_string (via Veneer)
</UL>

<P><STRONG><a name="[135]"></a>_printf_lc</STRONG> (ARM, 0 bytes, Stack size 0 bytes, _printf_lc.o(.ARM.Collect$$_printf_percent$$00000015))
<BR><BR>[Calls]<UL><LI><a href="#[136]">&gt;&gt;</a>&nbsp;&nbsp;&nbsp;_printf_wchar (via Veneer)
</UL>

[...]
<BR><BR>[Calls]<UL><LI><a href="#[26d]">&gt;&gt;</a>&nbsp;&nbsp;&nbsp;gapc_get_conhdl
<LI><a href="#[1e3]">&gt;&gt;</a>&nbsp;&nbsp;&nbsp;ke_state_get
<LI><a href="#[1df]">&gt;&gt;</a>&nbsp;&nbsp;&nbsp;ke_msg_send
<LI><a href="#[1de]">&gt;&gt;</a>&nbsp;&nbsp;&nbsp;ke_msg_alloc
<LI><a href="#[20]">&gt;&gt;</a>&nbsp;&nbsp;&nbsp;uart_printf_null
<LI><a href="#[25c]">&gt;&gt;</a>&nbsp;&nbsp;&nbsp;prf_env_get
</UL>
<BR>[Address Reference Count : 1]<UL><LI> oads_task.o(.constdata)
</UL>
<P><STRONG><a name="[ec]"></a>oads_ffc1_upd_req_handler</STRONG> (Thumb, 12 bytes, Stack size 0 bytes, oads_task.o(.text))
<BR><BR>[Calls]<UL><LI><a href="#[20]">&gt;&gt;</a>&nbsp;&nbsp;&nbsp;uart_printf_null
</UL>
<BR>[Address Reference Count : 1]<UL><LI> oads_task.o(.constdata)
</UL>
<P><STRONG><a name="[ed]"></a>oads_ffc2_upd_req_handler</STRONG> (Thumb, 16 bytes, Stack size 0 bytes, oads_task.o(.text))
<BR><BR>[Calls]<UL><LI><a href="#[20]">&gt;&gt;</a>&nbsp;&nbsp;&nbsp;uart_printf_null
</UL>
<BR>[Address Reference Count : 1]<UL><LI> oads_task.o(.constdata)
</UL>
<P><STRONG><a name="[ee]"></a>gattc_write_req_ind_handler</STRONG> (Thumb, 278 bytes, Stack size 0 bytes, oads_task.o(.text))
<BR><BR>[Calls]<UL><LI><a href="#[15d]">&gt;&gt;</a>&nbsp;&nbsp;&nbsp;__aeabi_memclr
<LI><a href="#[155]">&gt;&gt;</a>&nbsp;&nbsp;&nbsp;__aeabi_memcpy
<LI><a href="#[1e3]">&gt;&gt;</a>&nbsp;&nbsp;&nbsp;ke_state_get
<LI><a href="#[1df]">&gt;&gt;</a>&nbsp;&nbsp;&nbsp;ke_msg_send
<LI><a href="#[1de]">&gt;&gt;</a>&nbsp;&nbsp;&nbsp;ke_msg_alloc
<LI><a href="#[20]">&gt;&gt;</a>&nbsp;&nbsp;&nbsp;uart_printf_null
<LI><a href="#[27f]">&gt;&gt;</a>&nbsp;&nbsp;&nbsp;oadImgBlockWrite
<LI><a href="#[25c]">&gt;&gt;</a>&nbsp;&nbsp;&nbsp;prf_env_get
<LI><a href="#[216]">&gt;&gt;</a>&nbsp;&nbsp;&nbsp;oadImgIdentifyWrite
</UL>
<BR>[Address Reference Count : 1]<UL><LI> oads_task.o(.constdata)
</UL>
<P><STRONG><a name="[ef]"></a>gattc_read_req_ind_handler</STRONG> (Thumb, 218 bytes, Stack size 0 bytes, oads_task.o(.text))
<BR><BR>[Calls]<UL><LI><a href="#[16b]">&gt;&gt;</a>&nbsp;&nbsp;&nbsp;__aeabi_memclr4
<LI><a href="#[281]">&gt;&gt;</a>&nbsp;&nbsp;&nbsp;__aeabi_memcpy4
<LI><a href="#[155]">&gt;&gt;</a>&nbsp;&nbsp;&nbsp;__aeabi_memcpy
<LI><a href="#[1e3]">&gt;&gt;</a>&nbsp;&nbsp;&nbsp;ke_state_get
<LI><a href="#[1df]">&gt;&gt;</a>&nbsp;&nbsp;&nbsp;ke_msg_send
<LI><a href="#[1de]">&gt;&gt;</a>&nbsp;&nbsp;&nbsp;ke_msg_alloc
<LI><a href="#[20]">&gt;&gt;</a>&nbsp;&nbsp;&nbsp;uart_printf_null
<LI><a href="#[25c]">&gt;&gt;</a>&nbsp;&nbsp;&nbsp;prf_env_get
</UL>
<BR>[Address Reference Count : 1]<UL><LI> oads_task.o(.constdata)
</UL>
<P><STRONG><a name="[f0]"></a>gattc_cmp_evt_handler</STRONG> (Thumb, 4 bytes, Stack size 0 bytes, oads_task.o(.text))
<BR>[Address Reference Count : 1]<UL><LI> oads_task.o(.constdata)
</UL>
<P><STRONG><a name="[4b]"></a>MGC_HostResetComplete</STRONG> (Thumb, 80 bytes, Stack size 0 bytes, mu_drc.o(.text))
<BR><BR>[Calls]<UL><LI><a href="#[296]">&gt;&gt;</a>&nbsp;&nbsp;&nbsp;MGC_EnumerateDevice
<LI><a href="#[295]">&gt;&gt;</a>&nbsp;&nbsp;&nbsp;MGC_AllocateAddress
</UL>
<BR>[Address Reference Count : 1]<UL><LI> mu_drc.o(.text)
</UL>
<P><STRONG><a name="[4f]"></a>MGC_HostResetStart</STRONG> (Thumb, 46 bytes, Stack size 0 bytes, mu_drc.o(.text))
<BR>[Address Reference Count : 1]<UL><LI> mu_drc.o(.text)
</UL>
<P><STRONG><a name="[4e]"></a>MGC_BAase0BrstTimeout</STRONG> (Thumb, 52 bytes, Stack size 0 bytes, mu_drc.o(.text))
<BR><BR>[Calls]<UL><LI><a href="#[297]">&gt;&gt;</a>&nbsp;&nbsp;&nbsp;MGC_DrcChangeOtgState
</UL>
<BR>[Address Reference Count : 1]<UL><LI> mu_drc.o(.text)
</UL>
<P><STRONG><a name="[4d]"></a>MGC_WaitSessReqTimeout</STRONG> (Thumb, 44 bytes, Stack size 0 bytes, mu_drc.o(.text))
<BR><BR>[Calls]<UL><LI><a href="#[297]">&gt;&gt;</a>&nbsp;&nbsp;&nbsp;MGC_DrcChangeOtgState
</UL>
<BR>[Address Reference Count : 1]<UL><LI> mu_drc.o(.text)
</UL>
<P><STRONG><a name="[4c]"></a>MGC_BSrpFailed</STRONG> (Thumb, 86 bytes, Stack size 0 bytes, mu_drc.o(.text))
<BR><BR>[Calls]<UL><LI><a href="#[297]">&gt;&gt;</a>&nbsp;&nbsp;&nbsp;MGC_DrcChangeOtgState
</UL>
<BR>[Address Reference Count : 1]<UL><LI> mu_drc.o(.text)
</UL>
<P><STRONG><a name="[298]"></a>MGC_DrcFlushAll</STRONG> (Thumb, 220 bytes, Stack size 0 bytes, mu_drc.o(.text))
<BR><BR>[Calls]<UL><LI><a href="#[29a]">&gt;&gt;</a>&nbsp;&nbsp;&nbsp;MUSB_ListRemoveItem
<LI><a href="#[299]">&gt;&gt;</a>&nbsp;&nbsp;&nbsp;MUSB_ArrayLength
<LI><a href="#[28a]">&gt;&gt;</a>&nbsp;&nbsp;&nbsp;MUSB_ListLength
<LI><a href="#[288]">&gt;&gt;</a>&nbsp;&nbsp;&nbsp;MUSB_ListFindItem
<LI><a href="#[286]">&gt;&gt;</a>&nbsp;&nbsp;&nbsp;MUSB_ArrayFetch
</UL>
<BR>[Called By]<UL><LI><a href="#[2a0]">&gt;&gt;</a>&nbsp;&nbsp;&nbsp;MGC_DrcUsbIsr
<LI><a href="#[297]">&gt;&gt;</a>&nbsp;&nbsp;&nbsp;MGC_DrcChangeOtgState
<LI><a href="#[3c]">&gt;&gt;</a>&nbsp;&nbsp;&nbsp;MGC_DrcResetPort
</UL>

<P><STRONG><a name="[29f]"></a>MGC_OtgStateGetId</STRONG> (Thumb, 90 bytes, Stack size 0 bytes, mu_drc.o(.text))
<BR><BR>[Calls]<UL><LI><a href="#[297]">&gt;&gt;</a>&nbsp;&nbsp;&nbsp;MGC_DrcChangeOtgState
</UL>
<BR>[Called By]<UL><LI><a href="#[2b0]">&gt;&gt;</a>&nbsp;&nbsp;&nbsp;MUSB_RequestBus
<LI><a href="#[2ae]">&gt;&gt;</a>&nbsp;&nbsp;&nbsp;MUSB_RegisterOtgClient
<LI><a href="#[2a0]">&gt;&gt;</a>&nbsp;&nbsp;&nbsp;MGC_DrcUsbIsr
<LI><a href="#[35]">&gt;&gt;</a>&nbsp;&nbsp;&nbsp;MGC_DrcBsr
</UL>

<P><STRONG><a name="[50]"></a>MGC_AidlBdisTimeout</STRONG> (Thumb, 44 bytes, Stack size 0 bytes, mu_drc.o(.text))
<BR><BR>[Calls]<UL><LI><a href="#[297]">&gt;&gt;</a>&nbsp;&nbsp;&nbsp;MGC_DrcChangeOtgState
</UL>
<BR>[Address Reference Count : 1]<UL><LI> mu_drc.o(.text)
</UL>
<P><STRONG><a name="[f1]"></a>MGC_SetHnpSupportIrpComplete</STRONG> (Thumb, 4 bytes, Stack size 0 bytes, mu_drc.o(.text))
<BR>[Address Reference Count : 1]<UL><LI> mu_drc.o(.data)
</UL>
<P><STRONG><a name="[f2]"></a>MGC_SetHnpEnableIrpComplete</STRONG> (Thumb, 46 bytes, Stack size 0 bytes, mu_drc.o(.text))
<BR>[Address Reference Count : 1]<UL><LI> mu_drc.o(.data)
</UL>
<P><STRONG><a name="[52]"></a>MGC_RemoveSuspend</STRONG> (Thumb, 16 bytes, Stack size 0 bytes, mu_drc.o(.text))
<BR>[Address Reference Count : 1]<UL><LI> mu_drc.o(.text)
</UL>
<P><STRONG><a name="[51]"></a>MGC_DrcCompleteResume</STRONG> (Thumb, 88 bytes, Stack size 0 bytes, mu_drc.o(.text))
<BR><BR>[Calls]<UL><LI><a href="#[28a]">&gt;&gt;</a>&nbsp;&nbsp;&nbsp;MUSB_ListLength
<LI><a href="#[288]">&gt;&gt;</a>&nbsp;&nbsp;&nbsp;MUSB_ListFindItem
</UL>
<BR>[Address Reference Count : 1]<UL><LI> mu_drc.o(.text)
</UL>
<P><STRONG><a name="[2b8]"></a>MGC_FunctionSetInterface</STRONG> (Thumb, 208 bytes, Stack size 0 bytes, mu_fun.o(.text))
<BR><BR>[Calls]<UL><LI><a href="#[155]">&gt;&gt;</a>&nbsp;&nbsp;&nbsp;__aeabi_memcpy
<LI><a href="#[2ba]">&gt;&gt;</a>&nbsp;&nbsp;&nbsp;MGC_FunctionPreparePipe
<LI><a href="#[290]">&gt;&gt;</a>&nbsp;&nbsp;&nbsp;MUSB_FindEndpointDescriptor
<LI><a href="#[2b9]">&gt;&gt;</a>&nbsp;&nbsp;&nbsp;MUSB_FindInterfaceDescriptor
<LI><a href="#[286]">&gt;&gt;</a>&nbsp;&nbsp;&nbsp;MUSB_ArrayFetch
</UL>
<BR>[Called By]<UL><LI><a href="#[2a9]">&gt;&gt;</a>&nbsp;&nbsp;&nbsp;MGC_FunctionParseSetup
</UL>

<P><STRONG><a name="[2bb]"></a>MGC_FunctionBindConfig</STRONG> (Thumb, 400 bytes, Stack size 0 bytes, mu_fun.o(.text))
<BR><BR>[Calls]<UL><LI><a href="#[16b]">&gt;&gt;</a>&nbsp;&nbsp;&nbsp;__aeabi_memclr4
<LI><a href="#[155]">&gt;&gt;</a>&nbsp;&nbsp;&nbsp;__aeabi_memcpy
<LI><a href="#[2ba]">&gt;&gt;</a>&nbsp;&nbsp;&nbsp;MGC_FunctionPreparePipe
<LI><a href="#[299]">&gt;&gt;</a>&nbsp;&nbsp;&nbsp;MUSB_ArrayLength
<LI><a href="#[29c]">&gt;&gt;</a>&nbsp;&nbsp;&nbsp;MGC_FindDescriptor
<LI><a href="#[286]">&gt;&gt;</a>&nbsp;&nbsp;&nbsp;MUSB_ArrayFetch
</UL>
<BR>[Called By]<UL><LI><a href="#[2bd]">&gt;&gt;</a>&nbsp;&nbsp;&nbsp;MGC_FunctionConfigSelected
<LI><a href="#[2bc]">&gt;&gt;</a>&nbsp;&nbsp;&nbsp;MGC_FunctionVerifyResources
</UL>

<P><STRONG><a name="[2bc]"></a>MGC_FunctionVerifyResources</STRONG> (Thumb, 84 bytes, Stack size 0 bytes, mu_fun.o(.text))
<BR><BR>[Calls]<UL><LI><a href="#[2bb]">&gt;&gt;</a>&nbsp;&nbsp;&nbsp;MGC_FunctionBindConfig
<LI><a href="#[29c]">&gt;&gt;</a>&nbsp;&nbsp;&nbsp;MGC_FindDescriptor
</UL>
<BR>[Called By]<UL><LI><a href="#[2a1]">&gt;&gt;</a>&nbsp;&nbsp;&nbsp;MGC_FunctionSpeedSet
<LI><a href="#[2af]">&gt;&gt;</a>&nbsp;&nbsp;&nbsp;MGC_FunctionRegisterClient
</UL>

<P><STRONG><a name="[2bd]"></a>MGC_FunctionConfigSelected</STRONG> (Thumb, 120 bytes, Stack size 0 bytes, mu_fun.o(.text))
<BR><BR>[Calls]<UL><LI><a href="#[2bb]">&gt;&gt;</a>&nbsp;&nbsp;&nbsp;MGC_FunctionBindConfig
<LI><a href="#[29b]">&gt;&gt;</a>&nbsp;&nbsp;&nbsp;MGC_FunctionChangeState
</UL>
<BR>[Called By]<UL><LI><a href="#[2a9]">&gt;&gt;</a>&nbsp;&nbsp;&nbsp;MGC_FunctionParseSetup
</UL>

<P><STRONG><a name="[2c0]"></a>MGC_ListInsertItem</STRONG> (Thumb, 52 bytes, Stack size 0 bytes, mu_list.o(.text))
<BR><BR>[Calls]<UL><LI><a href="#[17f]">&gt;&gt;</a>&nbsp;&nbsp;&nbsp;ke_malloc
<LI><a href="#[20]">&gt;&gt;</a>&nbsp;&nbsp;&nbsp;uart_printf_null
</UL>
<BR>[Called By]<UL><LI><a href="#[2c1]">&gt;&gt;</a>&nbsp;&nbsp;&nbsp;MUSB_ListInsertItem
<LI><a href="#[283]">&gt;&gt;</a>&nbsp;&nbsp;&nbsp;MUSB_ListAppendItem
</UL>

<P><STRONG><a name="[57]"></a>MGC_HostSetDeviceAddress</STRONG> (Thumb, 76 bytes, Stack size 0 bytes, mu_hst.o(.text))
<BR><BR>[Calls]<UL><LI><a href="#[155]">&gt;&gt;</a>&nbsp;&nbsp;&nbsp;__aeabi_memcpy
<LI><a href="#[29d]">&gt;&gt;</a>&nbsp;&nbsp;&nbsp;MUSB_StartControlTransfer
</UL>
<BR>[Address Reference Count : 1]<UL><LI> mu_hst.o(.text)
</UL>
<P><STRONG><a name="[53]"></a>MGC_HostGetShortDescriptor</STRONG> (Thumb, 70 bytes, Stack size 0 bytes, mu_hst.o(.text))
<BR><BR>[Calls]<UL><LI><a href="#[155]">&gt;&gt;</a>&nbsp;&nbsp;&nbsp;__aeabi_memcpy
<LI><a href="#[29d]">&gt;&gt;</a>&nbsp;&nbsp;&nbsp;MUSB_StartControlTransfer
</UL>
<BR>[Address Reference Count : 1]<UL><LI> mu_hst.o(.text)
</UL>
<P><STRONG><a name="[54]"></a>MGC_HostGetFullDescriptor</STRONG> (Thumb, 72 bytes, Stack size 0 bytes, mu_hst.o(.text))
<BR><BR>[Calls]<UL><LI><a href="#[155]">&gt;&gt;</a>&nbsp;&nbsp;&nbsp;__aeabi_memcpy
<LI><a href="#[29d]">&gt;&gt;</a>&nbsp;&nbsp;&nbsp;MUSB_StartControlTransfer
</UL>
<BR>[Address Reference Count : 1]<UL><LI> mu_hst.o(.text)
</UL>
<P><STRONG><a name="[55]"></a>MGC_HostGetConfig</STRONG> (Thumb, 60 bytes, Stack size 0 bytes, mu_hst.o(.text))
<BR><BR>[Calls]<UL><LI><a href="#[155]">&gt;&gt;</a>&nbsp;&nbsp;&nbsp;__aeabi_memcpy
<LI><a href="#[29d]">&gt;&gt;</a>&nbsp;&nbsp;&nbsp;MUSB_StartControlTransfer
</UL>
<BR>[Address Reference Count : 1]<UL><LI> mu_hst.o(.text)
</UL>
<P><STRONG><a name="[59]"></a>MGC_EhsetResume</STRONG> (Thumb, 12 bytes, Stack size 0 bytes, mu_hst.o(.text))
<BR>[Address Reference Count : 1]<UL><LI> mu_hst.o(.text)
</UL>
<P><STRONG><a name="[5a]"></a>MGC_EhsetGetDescriptorSetup</STRONG> (Thumb, 56 bytes, Stack size 0 bytes, mu_hst.o(.text))
<BR><BR>[Calls]<UL><LI><a href="#[155]">&gt;&gt;</a>&nbsp;&nbsp;&nbsp;__aeabi_memcpy
</UL>
<BR>[Called By]<UL><LI><a href="#[2c5]">&gt;&gt;</a>&nbsp;&nbsp;&nbsp;MGC_Ehset
</UL>
<BR>[Address Reference Count : 1]<UL><LI> mu_hst.o(.text)
</UL>
<P><STRONG><a name="[5b]"></a>MGC_EhsetGetDescriptorIn</STRONG> (Thumb, 12 bytes, Stack size 0 bytes, mu_hst.o(.text))
<BR>[Address Reference Count : 1]<UL><LI> mu_hst.o(.text)
</UL>
<P><STRONG><a name="[2c2]"></a>MGC_SkipEntry</STRONG> (Thumb, 58 bytes, Stack size 0 bytes, mu_hst.o(.text))
<BR><BR>[Calls]<UL><LI><a href="#[158]">&gt;&gt;</a>&nbsp;&nbsp;&nbsp;__ARM_common_switch8 (via BLX)
</UL>
<BR>[Called By]<UL><LI><a href="#[2c3]">&gt;&gt;</a>&nbsp;&nbsp;&nbsp;MGC_HostFindDriver
</UL>

<P><STRONG><a name="[56]"></a>MGC_HostEnumerator</STRONG> (Thumb, 808 bytes, Stack size 0 bytes, mu_hst.o(.text))
<BR><BR>[Calls]<UL><LI><a href="#[158]">&gt;&gt;</a>&nbsp;&nbsp;&nbsp;__ARM_common_switch8 (via BLX)
<LI><a href="#[155]">&gt;&gt;</a>&nbsp;&nbsp;&nbsp;__aeabi_memcpy
<LI><a href="#[180]">&gt;&gt;</a>&nbsp;&nbsp;&nbsp;ke_free
<LI><a href="#[17f]">&gt;&gt;</a>&nbsp;&nbsp;&nbsp;ke_malloc
<LI><a href="#[20]">&gt;&gt;</a>&nbsp;&nbsp;&nbsp;uart_printf_null
<LI><a href="#[2c4]">&gt;&gt;</a>&nbsp;&nbsp;&nbsp;MGC_ReleaseAddress
<LI><a href="#[2c3]">&gt;&gt;</a>&nbsp;&nbsp;&nbsp;MGC_HostFindDriver
<LI><a href="#[2c5]">&gt;&gt;</a>&nbsp;&nbsp;&nbsp;MGC_Ehset
<LI><a href="#[29d]">&gt;&gt;</a>&nbsp;&nbsp;&nbsp;MUSB_StartControlTransfer
<LI><a href="#[283]">&gt;&gt;</a>&nbsp;&nbsp;&nbsp;MUSB_ListAppendItem
<LI><a href="#[286]">&gt;&gt;</a>&nbsp;&nbsp;&nbsp;MUSB_ArrayFetch
</UL>
<BR>[Address Reference Count : 1]<UL><LI> mu_hst.o(.text)
</UL>
<P><STRONG><a name="[2c9]"></a>MGC_ComputeBandwidth</STRONG> (Thumb, 66 bytes, Stack size 0 bytes, mu_hst.o(.text), UNUSED)
<BR><BR>[Calls]<UL><LI><a href="#[2ca]">&gt;&gt;</a>&nbsp;&nbsp;&nbsp;__aeabi_idivmod
<LI><a href="#[112]">&gt;&gt;</a>&nbsp;&nbsp;&nbsp;__aeabi_uidivmod
</UL>
<BR>[Called By]<UL><LI><a href="#[2cb]">&gt;&gt;</a>&nbsp;&nbsp;&nbsp;MGC_CommitBandwidth
</UL>

<P><STRONG><a name="[2cb]"></a>MGC_CommitBandwidth</STRONG> (Thumb, 244 bytes, Stack size 0 bytes, mu_hst.o(.text), UNUSED)
<BR><BR>[Calls]<UL><LI><a href="#[2cc]">&gt;&gt;</a>&nbsp;&nbsp;&nbsp;MGC_FindScheduleSlot
<LI><a href="#[2c9]">&gt;&gt;</a>&nbsp;&nbsp;&nbsp;MGC_ComputeBandwidth
<LI><a href="#[283]">&gt;&gt;</a>&nbsp;&nbsp;&nbsp;MUSB_ListAppendItem
</UL>
<BR>[Called By]<UL><LI><a href="#[2cd]">&gt;&gt;</a>&nbsp;&nbsp;&nbsp;MUSB_OpenPipe
</UL>

<P><STRONG><a name="[58]"></a>MGC_DriverTimerExpired</STRONG> (Thumb, 26 bytes, Stack size 0 bytes, mu_hst.o(.text))
<BR>[Address Reference Count : 1]<UL><LI> mu_hst.o(.text)
</UL>
<P><STRONG><a name="[2c5]"></a>MGC_Ehset</STRONG> (Thumb, 122 bytes, Stack size 0 bytes, mu_hst.o(.text))
<BR><BR>[Calls]<UL><LI><a href="#[158]">&gt;&gt;</a>&nbsp;&nbsp;&nbsp;__ARM_common_switch8 (via BLX)
<LI><a href="#[5a]">&gt;&gt;</a>&nbsp;&nbsp;&nbsp;MGC_EhsetGetDescriptorSetup
</UL>
<BR>[Called By]<UL><LI><a href="#[56]">&gt;&gt;</a>&nbsp;&nbsp;&nbsp;MGC_HostEnumerator
</UL>

<P><STRONG><a name="[2c7]"></a>MGC_FreeScheduleContents</STRONG> (Thumb, 114 bytes, Stack size 0 bytes, mu_hst.o(.text))
<BR><BR>[Calls]<UL><LI><a href="#[180]">&gt;&gt;</a>&nbsp;&nbsp;&nbsp;ke_free
<LI><a href="#[29a]">&gt;&gt;</a>&nbsp;&nbsp;&nbsp;MUSB_ListRemoveItem
<LI><a href="#[28a]">&gt;&gt;</a>&nbsp;&nbsp;&nbsp;MUSB_ListLength
<LI><a href="#[288]">&gt;&gt;</a>&nbsp;&nbsp;&nbsp;MUSB_ListFindItem
</UL>
<BR>[Called By]<UL><LI><a href="#[2c6]">&gt;&gt;</a>&nbsp;&nbsp;&nbsp;MUSB_RejectDevice
</UL>

<P><STRONG><a name="[2cc]"></a>MGC_FindScheduleSlot</STRONG> (Thumb, 106 bytes, Stack size 0 bytes, mu_hst.o(.text), UNUSED)
<BR><BR>[Calls]<UL><LI><a href="#[180]">&gt;&gt;</a>&nbsp;&nbsp;&nbsp;ke_free
<LI><a href="#[17f]">&gt;&gt;</a>&nbsp;&nbsp;&nbsp;ke_malloc
<LI><a href="#[20]">&gt;&gt;</a>&nbsp;&nbsp;&nbsp;uart_printf_null
<LI><a href="#[284]">&gt;&gt;</a>&nbsp;&nbsp;&nbsp;MUSB_ListInit
<LI><a href="#[288]">&gt;&gt;</a>&nbsp;&nbsp;&nbsp;MUSB_ListFindItem
<LI><a href="#[283]">&gt;&gt;</a>&nbsp;&nbsp;&nbsp;MUSB_ListAppendItem
</UL>
<BR>[Called By]<UL><LI><a href="#[2cb]">&gt;&gt;</a>&nbsp;&nbsp;&nbsp;MGC_CommitBandwidth
</UL>

<P><STRONG><a name="[f6]"></a>MGC_MsdNewOtgState</STRONG> (Thumb, 58 bytes, Stack size 0 bytes, tst_msd.o(.text))
<BR><BR>[Calls]<UL><LI><a href="#[2b0]">&gt;&gt;</a>&nbsp;&nbsp;&nbsp;MUSB_RequestBus
<LI><a href="#[28b]">&gt;&gt;</a>&nbsp;&nbsp;&nbsp;MUSB_ResumeBus
</UL>
<BR>[Address Reference Count : 1]<UL><LI> tst_msd.o(.data)
</UL>
<P><STRONG><a name="[f7]"></a>MGC_MsdOtgError</STRONG> (Thumb, 2 bytes, Stack size 0 bytes, tst_msd.o(.text))
<BR>[Address Reference Count : 1]<UL><LI> tst_msd.o(.data)
</UL>
<P><STRONG><a name="[5d]"></a>MGC_MsdRdTransferComplete</STRONG> (Thumb, 4 bytes, Stack size 0 bytes, tst_msd.o(.text))
<BR>[Address Reference Count : 1]<UL><LI> tst_msd.o(.text)
</UL>
<P><STRONG><a name="[5e]"></a>MGC_MsdWrTransferComplete</STRONG> (Thumb, 4 bytes, Stack size 0 bytes, tst_msd.o(.text))
<BR>[Address Reference Count : 1]<UL><LI> tst_msd.o(.text)
</UL>
<P><STRONG><a name="[60]"></a>MGC_NoneQueueBackgroundItem</STRONG> (Thumb, 46 bytes, Stack size 0 bytes, plat_uds.o(.text))
<BR><BR>[Calls]<UL><LI><a href="#[155]">&gt;&gt;</a>&nbsp;&nbsp;&nbsp;__aeabi_memcpy
</UL>
<BR>[Address Reference Count : 1]<UL><LI> plat_uds.o(.text)
</UL>
<P><STRONG><a name="[61]"></a>MGC_NoneDequeueBackgroundItem</STRONG> (Thumb, 66 bytes, Stack size 0 bytes, plat_uds.o(.text))
<BR><BR>[Calls]<UL><LI><a href="#[155]">&gt;&gt;</a>&nbsp;&nbsp;&nbsp;__aeabi_memcpy
</UL>
<BR>[Address Reference Count : 1]<UL><LI> plat_uds.o(.text)
</UL>
<P><STRONG><a name="[62]"></a>MGC_NoneFlushBackgroundQueue</STRONG> (Thumb, 8 bytes, Stack size 0 bytes, plat_uds.o(.text))
<BR>[Address Reference Count : 1]<UL><LI> plat_uds.o(.text)
</UL>
<P><STRONG><a name="[65]"></a>MGC_NoneLock</STRONG> (Thumb, 4 bytes, Stack size 0 bytes, plat_uds.o(.text))
<BR>[Address Reference Count : 1]<UL><LI> plat_uds.o(.text)
</UL>
<P><STRONG><a name="[66]"></a>MGC_NoneUnlock</STRONG> (Thumb, 4 bytes, Stack size 0 bytes, plat_uds.o(.text))
<BR>[Address Reference Count : 1]<UL><LI> plat_uds.o(.text)
</UL>
<P><STRONG><a name="[2e8]"></a>MGC_NoneInitController</STRONG> (Thumb, 158 bytes, Stack size 0 bytes, plat_uds.o(.text))
<BR><BR>[Calls]<UL><LI><a href="#[16b]">&gt;&gt;</a>&nbsp;&nbsp;&nbsp;__aeabi_memclr4
<LI><a href="#[15d]">&gt;&gt;</a>&nbsp;&nbsp;&nbsp;__aeabi_memclr
<LI><a href="#[2dc]">&gt;&gt;</a>&nbsp;&nbsp;&nbsp;MUSB_BoardDestroyController
<LI><a href="#[2db]">&gt;&gt;</a>&nbsp;&nbsp;&nbsp;MUSB_BoardInitTimers
<LI><a href="#[2d9]">&gt;&gt;</a>&nbsp;&nbsp;&nbsp;MUSB_BoardInitController
<LI><a href="#[2e9]">&gt;&gt;</a>&nbsp;&nbsp;&nbsp;MUSB_StartController
<LI><a href="#[282]">&gt;&gt;</a>&nbsp;&nbsp;&nbsp;MUSB_NewController
</UL>
<BR>[Called By]<UL><LI><a href="#[2df]">&gt;&gt;</a>&nbsp;&nbsp;&nbsp;MUSB_InitSystem
</UL>

<P><STRONG><a name="[2f8]"></a>hex</STRONG> (Thumb, 46 bytes, Stack size 0 bytes, user_func.o(.text))
<BR><BR>[Called By]<UL><LI><a href="#[196]">&gt;&gt;</a>&nbsp;&nbsp;&nbsp;hexstr2bin
</UL>

<P><STRONG><a name="[6b]"></a>_printf_input_char</STRONG> (Thumb, 10 bytes, Stack size 0 bytes, _printf_char_common.o(.text))
<BR>[Address Reference Count : 1]<UL><LI> _printf_char_common.o(.text)
</UL>
<P><STRONG><a name="[31e]"></a>_fp_digits</STRONG> (Thumb, 406 bytes, Stack size 0 bytes, _printf_fp_dec.o(.text))
<BR><BR>[Calls]<UL><LI><a href="#[6]">&gt;&gt;</a>&nbsp;&nbsp;&nbsp;__ieee_status (via BLX)
<LI><a href="#[322]">&gt;&gt;</a>&nbsp;&nbsp;&nbsp;_btod_emul (via BLX)
<LI><a href="#[321]">&gt;&gt;</a>&nbsp;&nbsp;&nbsp;_btod_ediv (via BLX)
<LI><a href="#[320]">&gt;&gt;</a>&nbsp;&nbsp;&nbsp;_btod_d2e (via BLX)
<LI><a href="#[31f]">&gt;&gt;</a>&nbsp;&nbsp;&nbsp;_btod_etento
<LI><a href="#[31b]">&gt;&gt;</a>&nbsp;&nbsp;&nbsp;_ll_udiv10 (via BLX)
</UL>
<BR>[Called By]<UL><LI><a href="#[323]">&gt;&gt;</a>&nbsp;&nbsp;&nbsp;_printf_fp_dec_real
</UL>
<P>
<H3>
Undefined Global Symbols
</H3>
<P><STRONG><a name="[32b]"></a>_call_atexit_fns</STRONG> (ARM, 0 bytes, Stack size 0 bytes, UNDEFINED)
<BR><BR>[Called By]<UL><LI><a href="#[145]">&gt;&gt;</a>&nbsp;&nbsp;&nbsp;exit
</UL>

<P><STRONG><a name="[318]"></a>_printf_mbtowc</STRONG> (ARM, 0 bytes, Stack size 0 bytes, UNDEFINED)
<BR><BR>[Called By]<UL><LI><a href="#[317]">&gt;&gt;</a>&nbsp;&nbsp;&nbsp;_printf_cs_common
</UL>

<P><STRONG><a name="[31a]"></a>_printf_wc</STRONG> (ARM, 0 bytes, Stack size 0 bytes, UNDEFINED)
<BR><BR>[Called By]<UL><LI><a href="#[319]">&gt;&gt;</a>&nbsp;&nbsp;&nbsp;_printf_lcs_common
</UL>
<HR></body></html>
