<html>
<body>
<pre>
<h1>µVision Build Log</h1>
<h2>Tool Versions:</h2>
IDE-Version: ¦ÌVision V5.18.0.0
Copyright (C) 2016 ARM Ltd and ARM Germany GmbH. All rights reserved.
License Information: xiaojie shao, xyz, LIC=14HKP-M3EYR-FIZ52-9J8JW-W5ZI3-PSTMD
 
Tool Versions:
Toolchain:       MDK-ARM Standard  Version: 5.18
Toolchain Path:  d:\workspace\Keil_v5\ARM\ARMCC\Bin
C Compiler:      Armcc.exe V5.06 update 1 (build 61)
Assembler:       Armasm.exe V5.06 update 1 (build 61)
Linker/Locator:  ArmLink.exe V5.06 update 1 (build 61)
Library Manager: ArmAr.exe V5.06 update 1 (build 61)
Hex Converter:   FromElf.exe V5.06 update 1 (build 61)
CPU DLL:         SARM.DLL V5.18
Dialog DLL:      DARMP3.DLL 
<h2>Project:</h2>
D:\workspace\embedded-projects\bk3633\bk3633_SDK_Slave&Master_20210609\bk3633_SDK_Slave&Master\projects\app_gatt\prj3633.uvproj
Project File Date:  06/10/2021

<h2>Output:</h2>
*** Using Compiler 'V5.06 update 1 (build 61)', folder: 'd:\workspace\Keil_v5\ARM\ARMCC\Bin'
Rebuild target 'Master_UART1&UART2'
assembling boot_vectors.s...
assembling boot_handlers.s...
compiling led.c...
compiling uart1_initial .c...
compiling main.c...
compiling target.c...
compiling bk3633_initial.c...
compiling wdt.c...
compiling flash.c...
compiling adc.c...
compiling app_adv.c...
compiling intc.c...
compiling uart.c...
compiling uart_initial.c...
compiling app_batt.c...
compiling app_hid.c...
compiling gpio.c...
compiling app_scan.c...
compiling app_init.c...
compiling icu.c...
compiling emi.c...
compiling syscntl.c...
compiling app_dis.c...
compiling timer.c...
compiling pwm.c...
compiling nvds.c...
compiling app_sec.c...
compiling app_task.c...
compiling cli_krhino.c...
compiling app_fee0.c...
compiling app.c...
compiling diss.c...
compiling app_fcc0.c...
compiling app_oads.c...
compiling prf.c...
compiling prf_utils.c...
compiling fcc0s.c...
compiling fcc0s_task.c...
compiling bass.c...
compiling cli_api.c...
compiling diss_task.c...
compiling fee0s.c...
compiling bass_task.c...
compiling fee0s_task.c...
compiling rwip_driver.c...
compiling oads_task.c...
compiling sdp_service_task.c...
compiling sdp_service.c...
compiling oads.c...
compiling user_func.c...
compiling arch_main.c...
compiling rf_xvr.c...
linking...
Program Size: Code=57824 RO-data=9960 RW-data=384 ZI-data=28752  
After Build - User command #1: fromelf --bin --output .\output\app\bk3633_app_master.bin .\obj\bk3633_app_master.axf
After Build - User command #2: .\output\translate_master.bat
D:\workspace\embedded-projects\bk3633\bk3633_SDK_Slave&Master_20210609\bk3633_SDK_Slave&Master\projects\app_gatt>.\output\BinConvert  -oad .\output\boot\bk3633_boot.bin  .\output\stack\bk3633_stack.bin  .\output\app\bk3633_app_master.bin -m 0x1F00 -l 0x2Db00 -v 0x0001 -rom_v 0x0001 -e 00000000 00000000 00000000 00000000 
cmd_bin_oad.stack_file_addr :0x1f00
binary version hex:0x1; dec:1
Arm Image Binary will be converted to OAD format binary file.....
cmd_bin_oad.stack_file_addr=1f00
boot_bin_len=1454
add stack bin start
        Encrypt Seccessfully!
        File Size: 0x4241c
oad_stack_app_bin_len=40400
oad_app_bin_len=11c40
87 d1 9b 81 01 00 10 47 42 42 42 42 ff ff 01 00 /**< @CREATE_FILE_SUCCESS */
/**< @Download flash file:.\output\app\bk3633_app_master_merge_crc.bin
/**< @OAD file :.\output\app\bk3633_app_master_stack_oad.bin,CRC = 0xc8ebce8d
/**< @OAD file :.\output\app\bk3633_app_master_oad.bin,CRC = 0x819bd187
/**< @author <gang.cheng@bekencorp.com> */
/**< @version v0.3 */
D:\workspace\embedded-projects\bk3633\bk3633_SDK_Slave&Master_20210609\bk3633_SDK_Slave&Master\projects\app_gatt>del .\output\app\bk3633_app_master.bin 
D:\workspace\embedded-projects\bk3633\bk3633_SDK_Slave&Master_20210609\bk3633_SDK_Slave&Master\projects\app_gatt>del .\output\app\*.out 
".\obj\bk3633_app_master.axf" - 0 Error(s), 0 Warning(s).
Build Time Elapsed:  00:00:07
</pre>
</body>
</html>
