<!doctype html public "-//w3c//dtd html 4.0 transitional//en">
<html><head>
<title>Static Call Graph - [.\obj\bk3633_app_master.axf]</title></head>
<body><HR>
<H1>Static Call Graph for image .\obj\bk3633_app_master.axf</H1><HR>
<BR><P>#&#060CALLGRAPH&#062# ARM Linker, 5060061: Last Updated: Thu Jun 10 20:27:17 2021
<BR><P>
<H3>Maximum Stack Usage =          0 bytes + Unknown(Cycles, Untraceable Function Pointers)</H3><H3>
Call chain for Maximum Stack Depth:</H3>

<P>
<H3>
Mutually Recursive functions
</H3> <LI><a href="#[c4]">__rt_div0</a>&nbsp;&nbsp;&nbsp;&rArr;&nbsp;&nbsp;&nbsp;<a href="#[c4]">__rt_div0</a><BR>
</UL>
<P>
<H3>
Function Pointers
</H3><UL>
 <LI><a href="#[d]">DataAbort</a> from boot_vectors.o(SYS_BOOT) referenced from boot_vectors.o(SYS_BOOT)
 <LI><a href="#[10]">FIQ_Handler</a> from boot_vectors.o(SYS_BOOT) referenced from boot_vectors.o(SYS_BOOT)
 <LI><a href="#[f]">IRQ_Handler</a> from boot_vectors.o(SYS_BOOT) referenced from boot_vectors.o(SYS_BOOT)
 <LI><a href="#[c]">PrefetchAbort</a> from boot_vectors.o(SYS_BOOT) referenced from boot_vectors.o(SYS_BOOT)
 <LI><a href="#[b]">SoftwareInterrupt</a> from boot_vectors.o(SYS_BOOT) referenced from boot_vectors.o(SYS_BOOT)
 <LI><a href="#[a]">Undefined</a> from boot_vectors.o(SYS_BOOT) referenced from boot_vectors.o(SYS_BOOT)
 <LI><a href="#[36]">_get_lc_ctype</a> from lc_ctype_c.o(locale$$code) referenced from rt_ctype_table.o(.text)
 <LI><a href="#[35]">_printf_input_char</a> from _printf_char_common.o(.text) referenced from _printf_char_common.o(.text)
 <LI><a href="#[34]">_sputc</a> from _sputc.o(.text) referenced 2 times from vsprintf.o(.text)
 <LI><a href="#[41]">adc_en_cmd</a> from cli_api.o(.text) referenced from cli_api.o(.constdata)
 <LI><a href="#[42]">adc_parm_cmd</a> from cli_api.o(.text) referenced from cli_api.o(.constdata)
 <LI><a href="#[43]">adc_val_cmd</a> from cli_api.o(.text) referenced from cli_api.o(.constdata)
 <LI><a href="#[54]">adv_en</a> from cli_api.o(.text) referenced from cli_api.o(.constdata)
 <LI><a href="#[56]">app_batt_add_bas</a> from app_batt.o(.text) referenced from app.o(.constdata)
 <LI><a href="#[5a]">app_batt_msg_dflt_handler</a> from app_batt.o(.text) referenced from app_batt.o(.constdata)
 <LI><a href="#[7c]">app_ble_auto_conn_handler</a> from app_task.o(.text) referenced from app_task.o(.constdata)
 <LI><a href="#[55]">app_dis_add_dis</a> from app_dis.o(.text) referenced from app.o(.constdata)
 <LI><a href="#[58]">app_fcc0_add_fcc0s</a> from app_fcc0.o(.text) referenced from app.o(.constdata)
 <LI><a href="#[85]">app_fcc0_msg_dflt_handler</a> from app_fcc0.o(.text) referenced from app_fcc0.o(.constdata)
 <LI><a href="#[57]">app_fee0_add_fee0s</a> from app_fee0.o(.text) referenced from app.o(.constdata)
 <LI><a href="#[7e]">app_fee0_msg_dflt_handler</a> from app_fee0.o(.text) referenced from app_fee0.o(.constdata)
 <LI><a href="#[8b]">app_ffc1_writer_req_handler</a> from app_oads.o(.text) referenced from app_oads.o(.constdata)
 <LI><a href="#[8d]">app_ffc2_writer_req_handler</a> from app_oads.o(.text) referenced from app_oads.o(.constdata)
 <LI><a href="#[76]">app_gattc_event_ind_handler</a> from app_task.o(.text) referenced from app_task.o(.constdata)
 <LI><a href="#[77]">app_gattc_event_req_ind_handler</a> from app_task.o(.text) referenced from app_task.o(.constdata)
 <LI><a href="#[78]">app_gattc_mtu_changed_ind_handler</a> from app_task.o(.text) referenced from app_task.o(.constdata)
 <LI><a href="#[59]">app_oad_add_oads</a> from app_oads.o(.text) referenced from app.o(.constdata)
 <LI><a href="#[89]">app_oads_msg_dflt_handler</a> from app_oads.o(.text) referenced from app_oads.o(.constdata)
 <LI><a href="#[5f]">app_sec_msg_dflt_handler</a> from app_sec.o(.text) referenced from app_sec.o(.constdata)
 <LI><a href="#[7a]">app_send_security_req_handler</a> from app_task.o(.text) referenced from app_task.o(.constdata)
 <LI><a href="#[7b]">app_user_change_mtu_size_handler</a> from app_task.o(.text) referenced from app_task.o(.constdata)
 <LI><a href="#[30]">appm_init</a> from app.o(.text) referenced from arch_main.o(.text)
 <LI><a href="#[65]">appm_msg_handler</a> from app_task.o(.text) referenced from app_task.o(.constdata)
 <LI><a href="#[7d]">appm_scan_dev_timerout_handler</a> from app_task.o(.text) referenced from app_task.o(.constdata)
 <LI><a href="#[38]">at_mode</a> from cli_api.o(.text) referenced from cli_api.o(.constdata)
 <LI><a href="#[4c]">auto_conn_cmd</a> from cli_api.o(.text) referenced from cli_api.o(.constdata)
 <LI><a href="#[4d]">auto_parm_cmd</a> from cli_api.o(.text) referenced from cli_api.o(.constdata)
 <LI><a href="#[5c]">bass_batt_level_ntf_cfg_ind_handler</a> from app_batt.o(.text) referenced from app_batt.o(.constdata)
 <LI><a href="#[a5]">bass_batt_level_upd_req_handler</a> from bass_task.o(.text) referenced from bass_task.o(.constdata)
 <LI><a href="#[a3]">bass_cleanup</a> from bass.o(.text) referenced from bass.o(.constdata)
 <LI><a href="#[a2]">bass_create</a> from bass.o(.text) referenced from bass.o(.constdata)
 <LI><a href="#[a1]">bass_destroy</a> from bass.o(.text) referenced from bass.o(.constdata)
 <LI><a href="#[a4]">bass_enable_req_handler</a> from bass_task.o(.text) referenced from bass_task.o(.constdata)
 <LI><a href="#[5b]">bass_enable_rsp_handler</a> from app_batt.o(.text) referenced from app_batt.o(.constdata)
 <LI><a href="#[a0]">bass_init</a> from bass.o(.text) referenced from bass.o(.constdata)
 <LI><a href="#[5d]">batt_level_upd_handler</a> from app_batt.o(.text) referenced from app_batt.o(.constdata)
 <LI><a href="#[53]">baud_cmd</a> from cli_api.o(.text) referenced from cli_api.o(.constdata)
 <LI><a href="#[51]">ble_parm_cmd</a> from cli_api.o(.text) referenced from cli_api.o(.constdata)
 <LI><a href="#[46]">ble_status_cmd</a> from cli_api.o(.text) referenced from cli_api.o(.constdata)
 <LI><a href="#[44]">bufs_cmd</a> from cli_api.o(.text) referenced from cli_api.o(.constdata)
 <LI><a href="#[1a]">cli_main</a> from cli_krhino.o(.text) referenced from cli_krhino.o(.text)
 <LI><a href="#[4e]">connect</a> from cli_api.o(.text) referenced from cli_api.o(.constdata)
 <LI><a href="#[52]">connected_info_cmd</a> from cli_api.o(.text) referenced from cli_api.o(.constdata)
 <LI><a href="#[39]">data_mode</a> from cli_api.o(.text) referenced from cli_api.o(.constdata)
 <LI><a href="#[3d]">dev_name_cmd</a> from cli_api.o(.text) referenced from cli_api.o(.constdata)
 <LI><a href="#[50]">disconn_cmd</a> from cli_api.o(.text) referenced from cli_api.o(.constdata)
 <LI><a href="#[92]">diss_cleanup</a> from diss.o(.text) referenced from diss.o(.constdata)
 <LI><a href="#[91]">diss_create</a> from diss.o(.text) referenced from diss.o(.constdata)
 <LI><a href="#[90]">diss_destroy</a> from diss.o(.text) referenced from diss.o(.constdata)
 <LI><a href="#[8f]">diss_init</a> from diss.o(.text) referenced from diss.o(.constdata)
 <LI><a href="#[93]">diss_set_value_req_handler</a> from diss_task.o(.text) referenced from diss_task.o(.constdata)
 <LI><a href="#[95]">diss_value_cfm_handler</a> from diss_task.o(.text) referenced from diss_task.o(.constdata)
 <LI><a href="#[5e]">diss_value_req_ind_handler</a> from app_dis.o(.text) referenced from app_dis.o(.constdata)
 <LI><a href="#[86]">fcc0s_fcc2_val_ntf_cfg_ind_handler</a> from app_fcc0.o(.text) referenced from app_fcc0.o(.constdata)
 <LI><a href="#[88]">fcc1_writer_cmd_handler</a> from app_fcc0.o(.text) referenced from app_fcc0.o(.constdata)
 <LI><a href="#[87]">fcc2_val_upd_rsp_handler</a> from app_fcc0.o(.text) referenced from app_fcc0.o(.constdata)
 <LI><a href="#[99]">fee0s_cleanup</a> from fee0s.o(.text) referenced from fee0s.o(.constdata)
 <LI><a href="#[98]">fee0s_create</a> from fee0s.o(.text) referenced from fee0s.o(.constdata)
 <LI><a href="#[97]">fee0s_destroy</a> from fee0s.o(.text) referenced from fee0s.o(.constdata)
 <LI><a href="#[7f]">fee0s_fee4_val_ntf_cfg_ind_handler</a> from app_fee0.o(.text) referenced from app_fee0.o(.constdata)
 <LI><a href="#[9a]">fee0s_fee4_val_upd_req_handler</a> from fee0s_task.o(.text) referenced from fee0s_task.o(.constdata)
 <LI><a href="#[80]">fee0s_fee5_val_ind_cfg_ind_handler</a> from app_fee0.o(.text) referenced from app_fee0.o(.constdata)
 <LI><a href="#[9b]">fee0s_fee5_val_upd_req_handler</a> from fee0s_task.o(.text) referenced from fee0s_task.o(.constdata)
 <LI><a href="#[96]">fee0s_init</a> from fee0s.o(.text) referenced from fee0s.o(.constdata)
 <LI><a href="#[83]">fee2_writer_cmd_handler</a> from app_fee0.o(.text) referenced from app_fee0.o(.constdata)
 <LI><a href="#[84]">fee3_writer_req_handler</a> from app_fee0.o(.text) referenced from app_fee0.o(.constdata)
 <LI><a href="#[81]">fee4_val_upd_rsp_handler</a> from app_fee0.o(.text) referenced from app_fee0.o(.constdata)
 <LI><a href="#[82]">fee5_val_upd_rsp_handler</a> from app_fee0.o(.text) referenced from app_fee0.o(.constdata)
 <LI><a href="#[61]">gapc_bond_ind_handler</a> from app_sec.o(.text) referenced from app_sec.o(.constdata)
 <LI><a href="#[60]">gapc_bond_req_ind_handler</a> from app_sec.o(.text) referenced from app_sec.o(.constdata)
 <LI><a href="#[73]">gapc_cmp_evt_handler</a> from app_task.o(.text) referenced from app_task.o(.constdata)
 <LI><a href="#[6f]">gapc_connection_req_ind_handler</a> from app_task.o(.text) referenced from app_task.o(.constdata)
 <LI><a href="#[74]">gapc_disconnect_ind_handler</a> from app_task.o(.text) referenced from app_task.o(.constdata)
 <LI><a href="#[63]">gapc_encrypt_ind_handler</a> from app_sec.o(.text) referenced from app_sec.o(.constdata)
 <LI><a href="#[62]">gapc_encrypt_req_ind_handler</a> from app_sec.o(.text) referenced from app_sec.o(.constdata)
 <LI><a href="#[6d]">gapc_get_dev_info_req_ind_handler</a> from app_task.o(.text) referenced from app_task.o(.constdata)
 <LI><a href="#[72]">gapc_le_pkt_size_ind_handler</a> from app_task.o(.text) referenced from app_task.o(.constdata)
 <LI><a href="#[70]">gapc_param_update_req_ind_handler</a> from app_task.o(.text) referenced from app_task.o(.constdata)
 <LI><a href="#[71]">gapc_param_updated_ind_handler</a> from app_task.o(.text) referenced from app_task.o(.constdata)
 <LI><a href="#[64]">gapc_security_ind_handler</a> from app_sec.o(.text) referenced from app_sec.o(.constdata)
 <LI><a href="#[6e]">gapc_set_dev_info_req_ind_handler</a> from app_task.o(.text) referenced from app_task.o(.constdata)
 <LI><a href="#[67]">gapm_activity_created_ind_handler</a> from app_task.o(.text) referenced from app_task.o(.constdata)
 <LI><a href="#[68]">gapm_activity_stopped_ind_handler</a> from app_task.o(.text) referenced from app_task.o(.constdata)
 <LI><a href="#[69]">gapm_cmp_evt_handler</a> from app_task.o(.text) referenced from app_task.o(.constdata)
 <LI><a href="#[6c]">gapm_ext_adv_report_ind_handler</a> from app_task.o(.text) referenced from app_task.o(.constdata)
 <LI><a href="#[6a]">gapm_gen_rand_nb_ind_handler</a> from app_task.o(.text) referenced from app_task.o(.constdata)
 <LI><a href="#[66]">gapm_profile_added_ind_handler</a> from app_task.o(.text) referenced from app_task.o(.constdata)
 <LI><a href="#[6b]">gapm_scan_request_ind_handler</a> from app_task.o(.text) referenced from app_task.o(.constdata)
 <LI><a href="#[9c]">gattc_att_info_req_ind_handler</a> from fee0s_task.o(.text) referenced 2 times from fee0s_task.o(.constdata)
 <LI><a href="#[79]">gattc_cmp_evt_handler</a> from app_task.o(.text) referenced 5 times from app_task.o(.constdata)
 <LI><a href="#[b4]">gattc_event_ind_handler</a> from sdp_service_task.o(.text) referenced from sdp_service_task.o(.constdata)
 <LI><a href="#[b5]">gattc_event_req_ind_handler</a> from sdp_service_task.o(.text) referenced from sdp_service_task.o(.constdata)
 <LI><a href="#[b3]">gattc_read_ind_handler</a> from sdp_service_task.o(.text) referenced from sdp_service_task.o(.constdata)
 <LI><a href="#[94]">gattc_read_req_ind_handler</a> from diss_task.o(.text) referenced 4 times from diss_task.o(.constdata)
 <LI><a href="#[75]">gattc_sdp_svc_ind_handler</a> from app_task.o(.text) referenced from app_task.o(.constdata)
 <LI><a href="#[9d]">gattc_write_req_ind_handler</a> from fee0s_task.o(.text) referenced 3 times from fee0s_task.o(.constdata)
 <LI><a href="#[37]">help_cmd</a> from cli_api.o(.text) referenced from cli_api.o(.constdata)
 <LI><a href="#[47]">mac_cmd</a> from cli_api.o(.text) referenced from cli_api.o(.constdata)
 <LI><a href="#[11]">main</a> from main.o(.text) referenced from __rtentry2.o(.ARM.Collect$$rtentry$$0000000D)
 <LI><a href="#[45]">name_cmd</a> from cli_api.o(.text) referenced from cli_api.o(.constdata)
 <LI><a href="#[23]">nvds_del</a> from nvds.o(.text) referenced from arch_main.o(.text)
 <LI><a href="#[1f]">nvds_erase</a> from nvds.o(.text) referenced from nvds.o(.text)
 <LI><a href="#[21]">nvds_get</a> from nvds.o(.text) referenced from arch_main.o(.text)
 <LI><a href="#[22]">nvds_put</a> from nvds.o(.text) referenced from arch_main.o(.text)
 <LI><a href="#[1d]">nvds_read</a> from nvds.o(.text) referenced from nvds.o(.text)
 <LI><a href="#[1e]">nvds_write</a> from nvds.o(.text) referenced from nvds.o(.text)
 <LI><a href="#[ba]">oads_cleanup</a> from oads.o(.text) referenced from oads.o(.constdata)
 <LI><a href="#[b9]">oads_create</a> from oads.o(.text) referenced from oads.o(.constdata)
 <LI><a href="#[b8]">oads_destroy</a> from oads.o(.text) referenced from oads.o(.constdata)
 <LI><a href="#[bb]">oads_enable_req_handler</a> from oads_task.o(.text) referenced from oads_task.o(.constdata)
 <LI><a href="#[8a]">oads_enable_rsp_handler</a> from app_oads.o(.text) referenced from app_oads.o(.constdata)
 <LI><a href="#[bc]">oads_ffc1_upd_req_handler</a> from oads_task.o(.text) referenced from oads_task.o(.constdata)
 <LI><a href="#[8c]">oads_ffc1_upd_rsp_handler</a> from app_oads.o(.text) referenced from app_oads.o(.constdata)
 <LI><a href="#[bd]">oads_ffc2_upd_req_handler</a> from oads_task.o(.text) referenced from oads_task.o(.constdata)
 <LI><a href="#[8e]">oads_ffc2_upd_rsp_handler</a> from app_oads.o(.text) referenced from app_oads.o(.constdata)
 <LI><a href="#[b7]">oads_init</a> from oads.o(.text) referenced from oads.o(.constdata)
 <LI><a href="#[4a]">pincode_cmd</a> from cli_api.o(.text) referenced from cli_api.o(.constdata)
 <LI><a href="#[2f]">platform_reset</a> from arch_main.o(.text) referenced from arch_main.o(.text)
 <LI><a href="#[48]">power_cmd</a> from cli_api.o(.text) referenced from cli_api.o(.constdata)
 <LI><a href="#[2d]">prf_add_profile</a> from prf.o(.text) referenced from arch_main.o(.text)
 <LI><a href="#[2c]">prf_cleanup</a> from prf.o(.text) referenced from arch_main.o(.text)
 <LI><a href="#[2b]">prf_create</a> from prf.o(.text) referenced from arch_main.o(.text)
 <LI><a href="#[28]">prf_get_id_from_task</a> from prf.o(.text) referenced from arch_main.o(.text)
 <LI><a href="#[29]">prf_get_task_from_id</a> from prf.o(.text) referenced from arch_main.o(.text)
 <LI><a href="#[2a]">prf_init</a> from prf.o(.text) referenced from arch_main.o(.text)
 <LI><a href="#[3e]">reboot_cmd</a> from cli_api.o(.text) referenced from cli_api.o(.constdata)
 <LI><a href="#[4b]">remove_bond_cmd</a> from cli_api.o(.text) referenced from cli_api.o(.constdata)
 <LI><a href="#[17]">rf_force_agc_enable</a> from rf_xvr.o(.text) referenced from rf_xvr.o(.text)
 <LI><a href="#[31]">rf_init</a> from rf_xvr.o(.text) referenced from arch_main.o(.text)
 <LI><a href="#[16]">rf_reset</a> from rf_xvr.o(.text) referenced from rf_xvr.o(.text)
 <LI><a href="#[12]">rf_rpl_reg_rd</a> from rf_xvr.o(.text) referenced from rf_xvr.o(.text)
 <LI><a href="#[13]">rf_rpl_reg_wr</a> from rf_xvr.o(.text) referenced from rf_xvr.o(.text)
 <LI><a href="#[18]">rf_rssi_convert</a> from rf_xvr.o(.text) referenced from rf_xvr.o(.text)
 <LI><a href="#[15]">rf_sleep</a> from rf_xvr.o(.text) referenced from rf_xvr.o(.text)
 <LI><a href="#[19]">rf_txpwr_cs_get</a> from rf_xvr.o(.text) referenced from rf_xvr.o(.text)
 <LI><a href="#[14]">rf_txpwr_dbm_get</a> from rf_xvr.o(.text) referenced from rf_xvr.o(.text)
 <LI><a href="#[49]">rssi_cmd</a> from cli_api.o(.text) referenced from cli_api.o(.constdata)
 <LI><a href="#[33]">rwip_crypt_evt_handler</a> from rwip_driver.o(.text) referenced from rwip_driver.o(.text)
 <LI><a href="#[32]">rwip_driver_init</a> from rwip_driver.o(.text) referenced from arch_main.o(.text)
 <LI><a href="#[2e]">rwip_reset</a> from peripheral_stack_symbol.txt(ABSOLUTE) referenced from arch_main.o(.text)
 <LI><a href="#[4f]">scan_cmd</a> from cli_api.o(.text) referenced from cli_api.o(.constdata)
 <LI><a href="#[ad]">sdp_cleanup</a> from sdp_service.o(.text) referenced from sdp_service.o(.constdata)
 <LI><a href="#[ac]">sdp_create</a> from sdp_service.o(.text) referenced from sdp_service.o(.constdata)
 <LI><a href="#[ae]">sdp_default_msg_handler</a> from sdp_service_task.o(.text) referenced from sdp_service_task.o(.constdata)
 <LI><a href="#[ab]">sdp_destroy</a> from sdp_service.o(.text) referenced from sdp_service.o(.constdata)
 <LI><a href="#[af]">sdp_enable_req_handler</a> from sdp_service_task.o(.text) referenced from sdp_service_task.o(.constdata)
 <LI><a href="#[aa]">sdp_init</a> from sdp_service.o(.text) referenced from sdp_service.o(.constdata)
 <LI><a href="#[b0]">sdp_read_info_req_handler</a> from sdp_service_task.o(.text) referenced from sdp_service_task.o(.constdata)
 <LI><a href="#[b2]">sdp_write_ntf_cfg_req_handler</a> from sdp_service_task.o(.text) referenced from sdp_service_task.o(.constdata)
 <LI><a href="#[b1]">sdp_write_value_info_req_handler</a> from sdp_service_task.o(.text) referenced from sdp_service_task.o(.constdata)
 <LI><a href="#[40]">sleep_cmd</a> from cli_api.o(.text) referenced from cli_api.o(.constdata)
 <LI><a href="#[3b]">sn_cmd</a> from cli_api.o(.text) referenced from cli_api.o(.constdata)
 <LI><a href="#[c1]">sys_Reset</a> from boot_handlers.o(SYS_BOOT) referenced from boot_vectors.o(SYS_BOOT)
 <LI><a href="#[e]">sys_reserved</a> from boot_vectors.o(SYS_BOOT) referenced from boot_vectors.o(SYS_BOOT)
 <LI><a href="#[1b]">timer0_0_isr_handler</a> from timer.o(.text) referenced from timer.o(.text)
 <LI><a href="#[1c]">timer0_1_isr_handler</a> from timer.o(.text) referenced from timer.o(.text)
 <LI><a href="#[24]">uart_flow_off</a> from uart.o(.text) referenced from arch_main.o(.text)
 <LI><a href="#[25]">uart_flow_on</a> from uart.o(.text) referenced from arch_main.o(.text)
 <LI><a href="#[20]">uart_printf_null</a> from uart.o(.text) referenced from arch_main.o(.text)
 <LI><a href="#[26]">uart_read</a> from uart.o(.text) referenced from arch_main.o(.text)
 <LI><a href="#[27]">uart_write</a> from uart.o(.text) referenced from arch_main.o(.text)
 <LI><a href="#[3c]">uuid_cmd</a> from cli_api.o(.text) referenced from cli_api.o(.constdata)
 <LI><a href="#[3a]">version_cmd</a> from cli_api.o(.text) referenced from cli_api.o(.constdata)
 <LI><a href="#[3f]">wdt_cmd</a> from cli_api.o(.text) referenced from cli_api.o(.constdata)
</UL>
<P>
<H3>
Global Symbols
</H3>
<P><STRONG><a name="[203]"></a>uart_stack_register</STRONG> (Thumb, 0 bytes, Stack size 0 bytes, peripheral_stack_symbol.txt(ABSOLUTE))
<BR><BR>[Called By]<UL><LI><a href="#[115]">&gt;&gt;</a>&nbsp;&nbsp;&nbsp;rw_main
</UL>

<P><STRONG><a name="[2ae]"></a>Undefined_Exception</STRONG> (Thumb, 0 bytes, Stack size 0 bytes, peripheral_stack_symbol.txt(ABSOLUTE))
<BR><BR>[Called By]<UL><LI><a href="#[a]">&gt;&gt;</a>&nbsp;&nbsp;&nbsp;Undefined (via Veneer)
</UL>

<P><STRONG><a name="[2af]"></a>SoftwareInterrupt_Exception</STRONG> (Thumb, 0 bytes, Stack size 0 bytes, peripheral_stack_symbol.txt(ABSOLUTE))
<BR><BR>[Called By]<UL><LI><a href="#[b]">&gt;&gt;</a>&nbsp;&nbsp;&nbsp;SoftwareInterrupt (via Veneer)
</UL>

<P><STRONG><a name="[2b0]"></a>PrefetchAbort_Exception</STRONG> (Thumb, 0 bytes, Stack size 0 bytes, peripheral_stack_symbol.txt(ABSOLUTE))
<BR><BR>[Called By]<UL><LI><a href="#[c]">&gt;&gt;</a>&nbsp;&nbsp;&nbsp;PrefetchAbort (via Veneer)
</UL>

<P><STRONG><a name="[2b1]"></a>DataAbort_Exception</STRONG> (Thumb, 0 bytes, Stack size 0 bytes, peripheral_stack_symbol.txt(ABSOLUTE))
<BR><BR>[Called By]<UL><LI><a href="#[d]">&gt;&gt;</a>&nbsp;&nbsp;&nbsp;DataAbort (via Veneer)
</UL>

<P><STRONG><a name="[2b2]"></a>Reserved_Exception</STRONG> (Thumb, 0 bytes, Stack size 0 bytes, peripheral_stack_symbol.txt(ABSOLUTE))
<BR><BR>[Called By]<UL><LI><a href="#[e]">&gt;&gt;</a>&nbsp;&nbsp;&nbsp;sys_reserved (via Veneer)
</UL>

<P><STRONG><a name="[212]"></a>ke_sleep_check</STRONG> (Thumb, 0 bytes, Stack size 0 bytes, peripheral_stack_symbol.txt(ABSOLUTE))
<BR><BR>[Called By]<UL><LI><a href="#[20d]">&gt;&gt;</a>&nbsp;&nbsp;&nbsp;rwip_sleep
</UL>

<P><STRONG><a name="[14e]"></a>ke_event_callback_set</STRONG> (Thumb, 0 bytes, Stack size 0 bytes, peripheral_stack_symbol.txt(ABSOLUTE))
<BR><BR>[Called By]<UL><LI><a href="#[14b]">&gt;&gt;</a>&nbsp;&nbsp;&nbsp;aos_cli_init
<LI><a href="#[32]">&gt;&gt;</a>&nbsp;&nbsp;&nbsp;rwip_driver_init
</UL>

<P><STRONG><a name="[cd]"></a>ke_event_set</STRONG> (Thumb, 0 bytes, Stack size 0 bytes, peripheral_stack_symbol.txt(ABSOLUTE))
<BR><BR>[Called By]<UL><LI><a href="#[84]">&gt;&gt;</a>&nbsp;&nbsp;&nbsp;fee3_writer_req_handler
<LI><a href="#[d2]">&gt;&gt;</a>&nbsp;&nbsp;&nbsp;rwip_isr
<LI><a href="#[ca]">&gt;&gt;</a>&nbsp;&nbsp;&nbsp;UART0ISR
<LI><a href="#[21d]">&gt;&gt;</a>&nbsp;&nbsp;&nbsp;rwip_timer_10ms_handler
</UL>

<P><STRONG><a name="[142]"></a>ke_event_clear</STRONG> (Thumb, 0 bytes, Stack size 0 bytes, peripheral_stack_symbol.txt(ABSOLUTE))
<BR><BR>[Called By]<UL><LI><a href="#[1a]">&gt;&gt;</a>&nbsp;&nbsp;&nbsp;cli_main
<LI><a href="#[33]">&gt;&gt;</a>&nbsp;&nbsp;&nbsp;rwip_crypt_evt_handler
</UL>

<P><STRONG><a name="[252]"></a>ke_check_malloc</STRONG> (Thumb, 0 bytes, Stack size 0 bytes, peripheral_stack_symbol.txt(ABSOLUTE))
<BR><BR>[Called By]<UL><LI><a href="#[251]">&gt;&gt;</a>&nbsp;&nbsp;&nbsp;check_enough_mem_add_service
</UL>

<P><STRONG><a name="[14c]"></a>ke_malloc</STRONG> (Thumb, 0 bytes, Stack size 0 bytes, peripheral_stack_symbol.txt(ABSOLUTE))
<BR><BR>[Called By]<UL><LI><a href="#[1f3]">&gt;&gt;</a>&nbsp;&nbsp;&nbsp;sdp_extract_svc_info
<LI><a href="#[1ec]">&gt;&gt;</a>&nbsp;&nbsp;&nbsp;appm_add_adv_report_to_filter
<LI><a href="#[1ba]">&gt;&gt;</a>&nbsp;&nbsp;&nbsp;sdp_service_init
<LI><a href="#[14b]">&gt;&gt;</a>&nbsp;&nbsp;&nbsp;aos_cli_init
<LI><a href="#[b7]">&gt;&gt;</a>&nbsp;&nbsp;&nbsp;oads_init
<LI><a href="#[a0]">&gt;&gt;</a>&nbsp;&nbsp;&nbsp;bass_init
<LI><a href="#[96]">&gt;&gt;</a>&nbsp;&nbsp;&nbsp;fee0s_init
<LI><a href="#[93]">&gt;&gt;</a>&nbsp;&nbsp;&nbsp;diss_set_value_req_handler
<LI><a href="#[8f]">&gt;&gt;</a>&nbsp;&nbsp;&nbsp;diss_init
</UL>

<P><STRONG><a name="[14d]"></a>ke_free</STRONG> (Thumb, 0 bytes, Stack size 0 bytes, peripheral_stack_symbol.txt(ABSOLUTE))
<BR><BR>[Called By]<UL><LI><a href="#[1f0]">&gt;&gt;</a>&nbsp;&nbsp;&nbsp;appm_adv_report_filter_free
<LI><a href="#[14b]">&gt;&gt;</a>&nbsp;&nbsp;&nbsp;aos_cli_init
<LI><a href="#[b8]">&gt;&gt;</a>&nbsp;&nbsp;&nbsp;oads_destroy
<LI><a href="#[ad]">&gt;&gt;</a>&nbsp;&nbsp;&nbsp;sdp_cleanup
<LI><a href="#[24c]">&gt;&gt;</a>&nbsp;&nbsp;&nbsp;bass_exe_operation
<LI><a href="#[a1]">&gt;&gt;</a>&nbsp;&nbsp;&nbsp;bass_destroy
<LI><a href="#[a0]">&gt;&gt;</a>&nbsp;&nbsp;&nbsp;bass_init
<LI><a href="#[97]">&gt;&gt;</a>&nbsp;&nbsp;&nbsp;fee0s_destroy
<LI><a href="#[96]">&gt;&gt;</a>&nbsp;&nbsp;&nbsp;fee0s_init
<LI><a href="#[93]">&gt;&gt;</a>&nbsp;&nbsp;&nbsp;diss_set_value_req_handler
<LI><a href="#[90]">&gt;&gt;</a>&nbsp;&nbsp;&nbsp;diss_destroy
</UL>

<P><STRONG><a name="[1bb]"></a>ke_msg_alloc</STRONG> (Thumb, 0 bytes, Stack size 0 bytes, peripheral_stack_symbol.txt(ABSOLUTE))
<BR><BR>[Called By]<UL><LI><a href="#[1f4]">&gt;&gt;</a>&nbsp;&nbsp;&nbsp;sdp_add_profiles
<LI><a href="#[1f2]">&gt;&gt;</a>&nbsp;&nbsp;&nbsp;app_fee5_send_ind
<LI><a href="#[1f1]">&gt;&gt;</a>&nbsp;&nbsp;&nbsp;app_fee4_send_ntf
<LI><a href="#[70]">&gt;&gt;</a>&nbsp;&nbsp;&nbsp;gapc_param_update_req_ind_handler
<LI><a href="#[6f]">&gt;&gt;</a>&nbsp;&nbsp;&nbsp;gapc_connection_req_ind_handler
<LI><a href="#[6e]">&gt;&gt;</a>&nbsp;&nbsp;&nbsp;gapc_set_dev_info_req_ind_handler
<LI><a href="#[6d]">&gt;&gt;</a>&nbsp;&nbsp;&nbsp;gapc_get_dev_info_req_ind_handler
<LI><a href="#[69]">&gt;&gt;</a>&nbsp;&nbsp;&nbsp;gapm_cmp_evt_handler
<LI><a href="#[1e0]">&gt;&gt;</a>&nbsp;&nbsp;&nbsp;sdp_discover_all_service
<LI><a href="#[1dd]">&gt;&gt;</a>&nbsp;&nbsp;&nbsp;app_sec_send_bond_cmd
<LI><a href="#[1dc]">&gt;&gt;</a>&nbsp;&nbsp;&nbsp;app_sec_send_security_req
<LI><a href="#[62]">&gt;&gt;</a>&nbsp;&nbsp;&nbsp;gapc_encrypt_req_ind_handler
<LI><a href="#[60]">&gt;&gt;</a>&nbsp;&nbsp;&nbsp;gapc_bond_req_ind_handler
<LI><a href="#[5e]">&gt;&gt;</a>&nbsp;&nbsp;&nbsp;diss_value_req_ind_handler
<LI><a href="#[1da]">&gt;&gt;</a>&nbsp;&nbsp;&nbsp;app_batt_send_lvl
<LI><a href="#[1d9]">&gt;&gt;</a>&nbsp;&nbsp;&nbsp;app_batt_enable_prf
<LI><a href="#[1d8]">&gt;&gt;</a>&nbsp;&nbsp;&nbsp;appm_read_service_userDesc_by_handle_req
<LI><a href="#[1d7]">&gt;&gt;</a>&nbsp;&nbsp;&nbsp;appm_read_service_ntf_ind_cfg_by_handle_req
<LI><a href="#[1d6]">&gt;&gt;</a>&nbsp;&nbsp;&nbsp;appm_read_service_data_by_handle_req
<LI><a href="#[1d5]">&gt;&gt;</a>&nbsp;&nbsp;&nbsp;appm_read_service_data_by_uuid_req
<LI><a href="#[1d4]">&gt;&gt;</a>&nbsp;&nbsp;&nbsp;appc_write_service_ntf_cfg_req
<LI><a href="#[1d3]">&gt;&gt;</a>&nbsp;&nbsp;&nbsp;appc_write_service_data_req
<LI><a href="#[1cf]">&gt;&gt;</a>&nbsp;&nbsp;&nbsp;appm_stop_connencting
<LI><a href="#[1ce]">&gt;&gt;</a>&nbsp;&nbsp;&nbsp;appm_start_connecting
<LI><a href="#[1d1]">&gt;&gt;</a>&nbsp;&nbsp;&nbsp;appm_create_init
<LI><a href="#[1c9]">&gt;&gt;</a>&nbsp;&nbsp;&nbsp;appm_scan_fsm_next
<LI><a href="#[1c8]">&gt;&gt;</a>&nbsp;&nbsp;&nbsp;appm_delete_scaning
<LI><a href="#[1ca]">&gt;&gt;</a>&nbsp;&nbsp;&nbsp;appm_create_scaning
<LI><a href="#[1c7]">&gt;&gt;</a>&nbsp;&nbsp;&nbsp;appm_start_scaning
<LI><a href="#[1c6]">&gt;&gt;</a>&nbsp;&nbsp;&nbsp;appm_updata_adv_data
<LI><a href="#[1c4]">&gt;&gt;</a>&nbsp;&nbsp;&nbsp;appm_adv_fsm_next
<LI><a href="#[1c2]">&gt;&gt;</a>&nbsp;&nbsp;&nbsp;appm_delete_advertising
<LI><a href="#[1c3]">&gt;&gt;</a>&nbsp;&nbsp;&nbsp;appm_set_adv_data
<LI><a href="#[59]">&gt;&gt;</a>&nbsp;&nbsp;&nbsp;app_oad_add_oads
<LI><a href="#[57]">&gt;&gt;</a>&nbsp;&nbsp;&nbsp;app_fee0_add_fee0s
<LI><a href="#[58]">&gt;&gt;</a>&nbsp;&nbsp;&nbsp;app_fcc0_add_fcc0s
<LI><a href="#[55]">&gt;&gt;</a>&nbsp;&nbsp;&nbsp;app_dis_add_dis
<LI><a href="#[56]">&gt;&gt;</a>&nbsp;&nbsp;&nbsp;app_batt_add_bas
<LI><a href="#[1c1]">&gt;&gt;</a>&nbsp;&nbsp;&nbsp;appc_gatt_mtu_change
<LI><a href="#[1bf]">&gt;&gt;</a>&nbsp;&nbsp;&nbsp;appc_le_data_length_update_req
<LI><a href="#[1be]">&gt;&gt;</a>&nbsp;&nbsp;&nbsp;appm_update_param
<LI><a href="#[30]">&gt;&gt;</a>&nbsp;&nbsp;&nbsp;appm_init
<LI><a href="#[189]">&gt;&gt;</a>&nbsp;&nbsp;&nbsp;appm_disconnect
<LI><a href="#[bf]">&gt;&gt;</a>&nbsp;&nbsp;&nbsp;gattc_read_req_ind_handler
<LI><a href="#[be]">&gt;&gt;</a>&nbsp;&nbsp;&nbsp;gattc_write_req_ind_handler
<LI><a href="#[bb]">&gt;&gt;</a>&nbsp;&nbsp;&nbsp;oads_enable_req_handler
<LI><a href="#[25e]">&gt;&gt;</a>&nbsp;&nbsp;&nbsp;oadImgBlockReq
<LI><a href="#[25d]">&gt;&gt;</a>&nbsp;&nbsp;&nbsp;oadImgIdentifyReq
<LI><a href="#[b5]">&gt;&gt;</a>&nbsp;&nbsp;&nbsp;gattc_event_req_ind_handler
<LI><a href="#[b4]">&gt;&gt;</a>&nbsp;&nbsp;&nbsp;gattc_event_ind_handler
<LI><a href="#[b6]">&gt;&gt;</a>&nbsp;&nbsp;&nbsp;gattc_cmp_evt_handler
<LI><a href="#[254]">&gt;&gt;</a>&nbsp;&nbsp;&nbsp;sdp_enable_rsp_send
<LI><a href="#[250]">&gt;&gt;</a>&nbsp;&nbsp;&nbsp;sdp_discover_service
<LI><a href="#[255]">&gt;&gt;</a>&nbsp;&nbsp;&nbsp;sdp_write_service_ntf_cfg_req
<LI><a href="#[a8]">&gt;&gt;</a>&nbsp;&nbsp;&nbsp;gattc_read_req_ind_handler
<LI><a href="#[a7]">&gt;&gt;</a>&nbsp;&nbsp;&nbsp;gattc_write_req_ind_handler
<LI><a href="#[a6]">&gt;&gt;</a>&nbsp;&nbsp;&nbsp;gattc_att_info_req_ind_handler
<LI><a href="#[a5]">&gt;&gt;</a>&nbsp;&nbsp;&nbsp;bass_batt_level_upd_req_handler
<LI><a href="#[a4]">&gt;&gt;</a>&nbsp;&nbsp;&nbsp;bass_enable_req_handler
<LI><a href="#[24c]">&gt;&gt;</a>&nbsp;&nbsp;&nbsp;bass_exe_operation
<LI><a href="#[24a]">&gt;&gt;</a>&nbsp;&nbsp;&nbsp;bass_notify_batt_lvl
<LI><a href="#[9f]">&gt;&gt;</a>&nbsp;&nbsp;&nbsp;gattc_cmp_evt_handler
<LI><a href="#[9e]">&gt;&gt;</a>&nbsp;&nbsp;&nbsp;gattc_read_req_ind_handler
<LI><a href="#[9d]">&gt;&gt;</a>&nbsp;&nbsp;&nbsp;gattc_write_req_ind_handler
<LI><a href="#[9c]">&gt;&gt;</a>&nbsp;&nbsp;&nbsp;gattc_att_info_req_ind_handler
<LI><a href="#[246]">&gt;&gt;</a>&nbsp;&nbsp;&nbsp;fee0s_indicate_fee5_val
<LI><a href="#[245]">&gt;&gt;</a>&nbsp;&nbsp;&nbsp;fee0s_notify_fee4_val
<LI><a href="#[95]">&gt;&gt;</a>&nbsp;&nbsp;&nbsp;diss_value_cfm_handler
<LI><a href="#[94]">&gt;&gt;</a>&nbsp;&nbsp;&nbsp;gattc_read_req_ind_handler
<LI><a href="#[93]">&gt;&gt;</a>&nbsp;&nbsp;&nbsp;diss_set_value_req_handler
<LI><a href="#[22d]">&gt;&gt;</a>&nbsp;&nbsp;&nbsp;prf_client_att_info_rsp
<LI><a href="#[229]">&gt;&gt;</a>&nbsp;&nbsp;&nbsp;prf_gatt_write
<LI><a href="#[228]">&gt;&gt;</a>&nbsp;&nbsp;&nbsp;prf_disc_svc_send_uuid128
<LI><a href="#[227]">&gt;&gt;</a>&nbsp;&nbsp;&nbsp;prf_disc_svc_send
<LI><a href="#[226]">&gt;&gt;</a>&nbsp;&nbsp;&nbsp;prf_unregister_atthdl2gatt
<LI><a href="#[225]">&gt;&gt;</a>&nbsp;&nbsp;&nbsp;prf_register_atthdl2gatt
<LI><a href="#[223]">&gt;&gt;</a>&nbsp;&nbsp;&nbsp;prf_read_char_send
<LI><a href="#[1f9]">&gt;&gt;</a>&nbsp;&nbsp;&nbsp;app_ffc2_ntf_req
<LI><a href="#[1f8]">&gt;&gt;</a>&nbsp;&nbsp;&nbsp;app_ffc1_ntf_req
<LI><a href="#[1f6]">&gt;&gt;</a>&nbsp;&nbsp;&nbsp;app_oads_enable_prf
<LI><a href="#[1f5]">&gt;&gt;</a>&nbsp;&nbsp;&nbsp;app_fcc2_send_ntf
</UL>

<P><STRONG><a name="[1bc]"></a>ke_msg_send</STRONG> (Thumb, 0 bytes, Stack size 0 bytes, peripheral_stack_symbol.txt(ABSOLUTE))
<BR><BR>[Called By]<UL><LI><a href="#[1f4]">&gt;&gt;</a>&nbsp;&nbsp;&nbsp;sdp_add_profiles
<LI><a href="#[1f2]">&gt;&gt;</a>&nbsp;&nbsp;&nbsp;app_fee5_send_ind
<LI><a href="#[1f1]">&gt;&gt;</a>&nbsp;&nbsp;&nbsp;app_fee4_send_ntf
<LI><a href="#[70]">&gt;&gt;</a>&nbsp;&nbsp;&nbsp;gapc_param_update_req_ind_handler
<LI><a href="#[6f]">&gt;&gt;</a>&nbsp;&nbsp;&nbsp;gapc_connection_req_ind_handler
<LI><a href="#[6e]">&gt;&gt;</a>&nbsp;&nbsp;&nbsp;gapc_set_dev_info_req_ind_handler
<LI><a href="#[6d]">&gt;&gt;</a>&nbsp;&nbsp;&nbsp;gapc_get_dev_info_req_ind_handler
<LI><a href="#[69]">&gt;&gt;</a>&nbsp;&nbsp;&nbsp;gapm_cmp_evt_handler
<LI><a href="#[1e0]">&gt;&gt;</a>&nbsp;&nbsp;&nbsp;sdp_discover_all_service
<LI><a href="#[1dd]">&gt;&gt;</a>&nbsp;&nbsp;&nbsp;app_sec_send_bond_cmd
<LI><a href="#[1dc]">&gt;&gt;</a>&nbsp;&nbsp;&nbsp;app_sec_send_security_req
<LI><a href="#[62]">&gt;&gt;</a>&nbsp;&nbsp;&nbsp;gapc_encrypt_req_ind_handler
<LI><a href="#[60]">&gt;&gt;</a>&nbsp;&nbsp;&nbsp;gapc_bond_req_ind_handler
<LI><a href="#[5e]">&gt;&gt;</a>&nbsp;&nbsp;&nbsp;diss_value_req_ind_handler
<LI><a href="#[1da]">&gt;&gt;</a>&nbsp;&nbsp;&nbsp;app_batt_send_lvl
<LI><a href="#[1d9]">&gt;&gt;</a>&nbsp;&nbsp;&nbsp;app_batt_enable_prf
<LI><a href="#[1d8]">&gt;&gt;</a>&nbsp;&nbsp;&nbsp;appm_read_service_userDesc_by_handle_req
<LI><a href="#[1d7]">&gt;&gt;</a>&nbsp;&nbsp;&nbsp;appm_read_service_ntf_ind_cfg_by_handle_req
<LI><a href="#[1d6]">&gt;&gt;</a>&nbsp;&nbsp;&nbsp;appm_read_service_data_by_handle_req
<LI><a href="#[1d5]">&gt;&gt;</a>&nbsp;&nbsp;&nbsp;appm_read_service_data_by_uuid_req
<LI><a href="#[1d4]">&gt;&gt;</a>&nbsp;&nbsp;&nbsp;appc_write_service_ntf_cfg_req
<LI><a href="#[1d3]">&gt;&gt;</a>&nbsp;&nbsp;&nbsp;appc_write_service_data_req
<LI><a href="#[1cf]">&gt;&gt;</a>&nbsp;&nbsp;&nbsp;appm_stop_connencting
<LI><a href="#[1ce]">&gt;&gt;</a>&nbsp;&nbsp;&nbsp;appm_start_connecting
<LI><a href="#[1d1]">&gt;&gt;</a>&nbsp;&nbsp;&nbsp;appm_create_init
<LI><a href="#[1c9]">&gt;&gt;</a>&nbsp;&nbsp;&nbsp;appm_scan_fsm_next
<LI><a href="#[1c8]">&gt;&gt;</a>&nbsp;&nbsp;&nbsp;appm_delete_scaning
<LI><a href="#[1ca]">&gt;&gt;</a>&nbsp;&nbsp;&nbsp;appm_create_scaning
<LI><a href="#[1c7]">&gt;&gt;</a>&nbsp;&nbsp;&nbsp;appm_start_scaning
<LI><a href="#[1c6]">&gt;&gt;</a>&nbsp;&nbsp;&nbsp;appm_updata_adv_data
<LI><a href="#[1c4]">&gt;&gt;</a>&nbsp;&nbsp;&nbsp;appm_adv_fsm_next
<LI><a href="#[1c2]">&gt;&gt;</a>&nbsp;&nbsp;&nbsp;appm_delete_advertising
<LI><a href="#[1c3]">&gt;&gt;</a>&nbsp;&nbsp;&nbsp;appm_set_adv_data
<LI><a href="#[59]">&gt;&gt;</a>&nbsp;&nbsp;&nbsp;app_oad_add_oads
<LI><a href="#[57]">&gt;&gt;</a>&nbsp;&nbsp;&nbsp;app_fee0_add_fee0s
<LI><a href="#[58]">&gt;&gt;</a>&nbsp;&nbsp;&nbsp;app_fcc0_add_fcc0s
<LI><a href="#[55]">&gt;&gt;</a>&nbsp;&nbsp;&nbsp;app_dis_add_dis
<LI><a href="#[56]">&gt;&gt;</a>&nbsp;&nbsp;&nbsp;app_batt_add_bas
<LI><a href="#[1c1]">&gt;&gt;</a>&nbsp;&nbsp;&nbsp;appc_gatt_mtu_change
<LI><a href="#[1bf]">&gt;&gt;</a>&nbsp;&nbsp;&nbsp;appc_le_data_length_update_req
<LI><a href="#[1be]">&gt;&gt;</a>&nbsp;&nbsp;&nbsp;appm_update_param
<LI><a href="#[30]">&gt;&gt;</a>&nbsp;&nbsp;&nbsp;appm_init
<LI><a href="#[189]">&gt;&gt;</a>&nbsp;&nbsp;&nbsp;appm_disconnect
<LI><a href="#[bf]">&gt;&gt;</a>&nbsp;&nbsp;&nbsp;gattc_read_req_ind_handler
<LI><a href="#[be]">&gt;&gt;</a>&nbsp;&nbsp;&nbsp;gattc_write_req_ind_handler
<LI><a href="#[bb]">&gt;&gt;</a>&nbsp;&nbsp;&nbsp;oads_enable_req_handler
<LI><a href="#[25e]">&gt;&gt;</a>&nbsp;&nbsp;&nbsp;oadImgBlockReq
<LI><a href="#[25d]">&gt;&gt;</a>&nbsp;&nbsp;&nbsp;oadImgIdentifyReq
<LI><a href="#[b5]">&gt;&gt;</a>&nbsp;&nbsp;&nbsp;gattc_event_req_ind_handler
<LI><a href="#[b4]">&gt;&gt;</a>&nbsp;&nbsp;&nbsp;gattc_event_ind_handler
<LI><a href="#[b6]">&gt;&gt;</a>&nbsp;&nbsp;&nbsp;gattc_cmp_evt_handler
<LI><a href="#[254]">&gt;&gt;</a>&nbsp;&nbsp;&nbsp;sdp_enable_rsp_send
<LI><a href="#[250]">&gt;&gt;</a>&nbsp;&nbsp;&nbsp;sdp_discover_service
<LI><a href="#[255]">&gt;&gt;</a>&nbsp;&nbsp;&nbsp;sdp_write_service_ntf_cfg_req
<LI><a href="#[a8]">&gt;&gt;</a>&nbsp;&nbsp;&nbsp;gattc_read_req_ind_handler
<LI><a href="#[a7]">&gt;&gt;</a>&nbsp;&nbsp;&nbsp;gattc_write_req_ind_handler
<LI><a href="#[a6]">&gt;&gt;</a>&nbsp;&nbsp;&nbsp;gattc_att_info_req_ind_handler
<LI><a href="#[a5]">&gt;&gt;</a>&nbsp;&nbsp;&nbsp;bass_batt_level_upd_req_handler
<LI><a href="#[a4]">&gt;&gt;</a>&nbsp;&nbsp;&nbsp;bass_enable_req_handler
<LI><a href="#[24c]">&gt;&gt;</a>&nbsp;&nbsp;&nbsp;bass_exe_operation
<LI><a href="#[24a]">&gt;&gt;</a>&nbsp;&nbsp;&nbsp;bass_notify_batt_lvl
<LI><a href="#[9f]">&gt;&gt;</a>&nbsp;&nbsp;&nbsp;gattc_cmp_evt_handler
<LI><a href="#[9e]">&gt;&gt;</a>&nbsp;&nbsp;&nbsp;gattc_read_req_ind_handler
<LI><a href="#[9d]">&gt;&gt;</a>&nbsp;&nbsp;&nbsp;gattc_write_req_ind_handler
<LI><a href="#[9c]">&gt;&gt;</a>&nbsp;&nbsp;&nbsp;gattc_att_info_req_ind_handler
<LI><a href="#[246]">&gt;&gt;</a>&nbsp;&nbsp;&nbsp;fee0s_indicate_fee5_val
<LI><a href="#[245]">&gt;&gt;</a>&nbsp;&nbsp;&nbsp;fee0s_notify_fee4_val
<LI><a href="#[95]">&gt;&gt;</a>&nbsp;&nbsp;&nbsp;diss_value_cfm_handler
<LI><a href="#[94]">&gt;&gt;</a>&nbsp;&nbsp;&nbsp;gattc_read_req_ind_handler
<LI><a href="#[93]">&gt;&gt;</a>&nbsp;&nbsp;&nbsp;diss_set_value_req_handler
<LI><a href="#[22d]">&gt;&gt;</a>&nbsp;&nbsp;&nbsp;prf_client_att_info_rsp
<LI><a href="#[229]">&gt;&gt;</a>&nbsp;&nbsp;&nbsp;prf_gatt_write
<LI><a href="#[228]">&gt;&gt;</a>&nbsp;&nbsp;&nbsp;prf_disc_svc_send_uuid128
<LI><a href="#[227]">&gt;&gt;</a>&nbsp;&nbsp;&nbsp;prf_disc_svc_send
<LI><a href="#[226]">&gt;&gt;</a>&nbsp;&nbsp;&nbsp;prf_unregister_atthdl2gatt
<LI><a href="#[225]">&gt;&gt;</a>&nbsp;&nbsp;&nbsp;prf_register_atthdl2gatt
<LI><a href="#[223]">&gt;&gt;</a>&nbsp;&nbsp;&nbsp;prf_read_char_send
<LI><a href="#[1f9]">&gt;&gt;</a>&nbsp;&nbsp;&nbsp;app_ffc2_ntf_req
<LI><a href="#[1f8]">&gt;&gt;</a>&nbsp;&nbsp;&nbsp;app_ffc1_ntf_req
<LI><a href="#[1f6]">&gt;&gt;</a>&nbsp;&nbsp;&nbsp;app_oads_enable_prf
<LI><a href="#[1f5]">&gt;&gt;</a>&nbsp;&nbsp;&nbsp;app_fcc2_send_ntf
</UL>

<P><STRONG><a name="[1e3]"></a>ke_msg_send_basic</STRONG> (Thumb, 0 bytes, Stack size 0 bytes, peripheral_stack_symbol.txt(ABSOLUTE))
<BR><BR>[Called By]<UL><LI><a href="#[68]">&gt;&gt;</a>&nbsp;&nbsp;&nbsp;gapm_activity_stopped_ind_handler
</UL>

<P><STRONG><a name="[1b2]"></a>ke_task_create</STRONG> (Thumb, 0 bytes, Stack size 0 bytes, peripheral_stack_symbol.txt(ABSOLUTE))
<BR><BR>[Called By]<UL><LI><a href="#[30]">&gt;&gt;</a>&nbsp;&nbsp;&nbsp;appm_init
<LI><a href="#[2a]">&gt;&gt;</a>&nbsp;&nbsp;&nbsp;prf_init
</UL>

<P><STRONG><a name="[1b3]"></a>ke_state_set</STRONG> (Thumb, 0 bytes, Stack size 0 bytes, peripheral_stack_symbol.txt(ABSOLUTE))
<BR><BR>[Called By]<UL><LI><a href="#[79]">&gt;&gt;</a>&nbsp;&nbsp;&nbsp;gattc_cmp_evt_handler
<LI><a href="#[74]">&gt;&gt;</a>&nbsp;&nbsp;&nbsp;gapc_disconnect_ind_handler
<LI><a href="#[6f]">&gt;&gt;</a>&nbsp;&nbsp;&nbsp;gapc_connection_req_ind_handler
<LI><a href="#[69]">&gt;&gt;</a>&nbsp;&nbsp;&nbsp;gapm_cmp_evt_handler
<LI><a href="#[30]">&gt;&gt;</a>&nbsp;&nbsp;&nbsp;appm_init
<LI><a href="#[b7]">&gt;&gt;</a>&nbsp;&nbsp;&nbsp;oads_init
<LI><a href="#[ad]">&gt;&gt;</a>&nbsp;&nbsp;&nbsp;sdp_cleanup
<LI><a href="#[ac]">&gt;&gt;</a>&nbsp;&nbsp;&nbsp;sdp_create
<LI><a href="#[aa]">&gt;&gt;</a>&nbsp;&nbsp;&nbsp;sdp_init
<LI><a href="#[a5]">&gt;&gt;</a>&nbsp;&nbsp;&nbsp;bass_batt_level_upd_req_handler
<LI><a href="#[a4]">&gt;&gt;</a>&nbsp;&nbsp;&nbsp;bass_enable_req_handler
<LI><a href="#[24c]">&gt;&gt;</a>&nbsp;&nbsp;&nbsp;bass_exe_operation
<LI><a href="#[a0]">&gt;&gt;</a>&nbsp;&nbsp;&nbsp;bass_init
<LI><a href="#[9f]">&gt;&gt;</a>&nbsp;&nbsp;&nbsp;gattc_cmp_evt_handler
<LI><a href="#[9b]">&gt;&gt;</a>&nbsp;&nbsp;&nbsp;fee0s_fee5_val_upd_req_handler
<LI><a href="#[9a]">&gt;&gt;</a>&nbsp;&nbsp;&nbsp;fee0s_fee4_val_upd_req_handler
<LI><a href="#[96]">&gt;&gt;</a>&nbsp;&nbsp;&nbsp;fee0s_init
<LI><a href="#[95]">&gt;&gt;</a>&nbsp;&nbsp;&nbsp;diss_value_cfm_handler
<LI><a href="#[94]">&gt;&gt;</a>&nbsp;&nbsp;&nbsp;gattc_read_req_ind_handler
<LI><a href="#[8f]">&gt;&gt;</a>&nbsp;&nbsp;&nbsp;diss_init
</UL>

<P><STRONG><a name="[1c0]"></a>ke_state_get</STRONG> (Thumb, 0 bytes, Stack size 0 bytes, peripheral_stack_symbol.txt(ABSOLUTE))
<BR><BR>[Called By]<UL><LI><a href="#[1f1]">&gt;&gt;</a>&nbsp;&nbsp;&nbsp;app_fee4_send_ntf
<LI><a href="#[83]">&gt;&gt;</a>&nbsp;&nbsp;&nbsp;fee2_writer_cmd_handler
<LI><a href="#[79]">&gt;&gt;</a>&nbsp;&nbsp;&nbsp;gattc_cmp_evt_handler
<LI><a href="#[77]">&gt;&gt;</a>&nbsp;&nbsp;&nbsp;app_gattc_event_req_ind_handler
<LI><a href="#[76]">&gt;&gt;</a>&nbsp;&nbsp;&nbsp;app_gattc_event_ind_handler
<LI><a href="#[66]">&gt;&gt;</a>&nbsp;&nbsp;&nbsp;gapm_profile_added_ind_handler
<LI><a href="#[1d8]">&gt;&gt;</a>&nbsp;&nbsp;&nbsp;appm_read_service_userDesc_by_handle_req
<LI><a href="#[1d7]">&gt;&gt;</a>&nbsp;&nbsp;&nbsp;appm_read_service_ntf_ind_cfg_by_handle_req
<LI><a href="#[1d6]">&gt;&gt;</a>&nbsp;&nbsp;&nbsp;appm_read_service_data_by_handle_req
<LI><a href="#[1d5]">&gt;&gt;</a>&nbsp;&nbsp;&nbsp;appm_read_service_data_by_uuid_req
<LI><a href="#[1d4]">&gt;&gt;</a>&nbsp;&nbsp;&nbsp;appc_write_service_ntf_cfg_req
<LI><a href="#[1d3]">&gt;&gt;</a>&nbsp;&nbsp;&nbsp;appc_write_service_data_req
<LI><a href="#[1c1]">&gt;&gt;</a>&nbsp;&nbsp;&nbsp;appc_gatt_mtu_change
<LI><a href="#[1bf]">&gt;&gt;</a>&nbsp;&nbsp;&nbsp;appc_le_data_length_update_req
<LI><a href="#[17e]">&gt;&gt;</a>&nbsp;&nbsp;&nbsp;user_remove_bond
<LI><a href="#[175]">&gt;&gt;</a>&nbsp;&nbsp;&nbsp;get_ble_state
<LI><a href="#[183]">&gt;&gt;</a>&nbsp;&nbsp;&nbsp;free_channel_search
<LI><a href="#[188]">&gt;&gt;</a>&nbsp;&nbsp;&nbsp;channel_search
<LI><a href="#[18c]">&gt;&gt;</a>&nbsp;&nbsp;&nbsp;app_connect_device_info_get
<LI><a href="#[26c]">&gt;&gt;</a>&nbsp;&nbsp;&nbsp;mac_search
<LI><a href="#[bf]">&gt;&gt;</a>&nbsp;&nbsp;&nbsp;gattc_read_req_ind_handler
<LI><a href="#[be]">&gt;&gt;</a>&nbsp;&nbsp;&nbsp;gattc_write_req_ind_handler
<LI><a href="#[bb]">&gt;&gt;</a>&nbsp;&nbsp;&nbsp;oads_enable_req_handler
<LI><a href="#[b5]">&gt;&gt;</a>&nbsp;&nbsp;&nbsp;gattc_event_req_ind_handler
<LI><a href="#[b4]">&gt;&gt;</a>&nbsp;&nbsp;&nbsp;gattc_event_ind_handler
<LI><a href="#[b3]">&gt;&gt;</a>&nbsp;&nbsp;&nbsp;gattc_read_ind_handler
<LI><a href="#[b6]">&gt;&gt;</a>&nbsp;&nbsp;&nbsp;gattc_cmp_evt_handler
<LI><a href="#[255]">&gt;&gt;</a>&nbsp;&nbsp;&nbsp;sdp_write_service_ntf_cfg_req
<LI><a href="#[a5]">&gt;&gt;</a>&nbsp;&nbsp;&nbsp;bass_batt_level_upd_req_handler
<LI><a href="#[a4]">&gt;&gt;</a>&nbsp;&nbsp;&nbsp;bass_enable_req_handler
<LI><a href="#[9f]">&gt;&gt;</a>&nbsp;&nbsp;&nbsp;gattc_cmp_evt_handler
<LI><a href="#[9b]">&gt;&gt;</a>&nbsp;&nbsp;&nbsp;fee0s_fee5_val_upd_req_handler
<LI><a href="#[9a]">&gt;&gt;</a>&nbsp;&nbsp;&nbsp;fee0s_fee4_val_upd_req_handler
<LI><a href="#[95]">&gt;&gt;</a>&nbsp;&nbsp;&nbsp;diss_value_cfm_handler
<LI><a href="#[94]">&gt;&gt;</a>&nbsp;&nbsp;&nbsp;gattc_read_req_ind_handler
</UL>

<P><STRONG><a name="[235]"></a>ke_task_msg_flush</STRONG> (Thumb, 0 bytes, Stack size 0 bytes, peripheral_stack_symbol.txt(ABSOLUTE))
<BR><BR>[Called By]<UL><LI><a href="#[2a]">&gt;&gt;</a>&nbsp;&nbsp;&nbsp;prf_init
</UL>

<P><STRONG><a name="[187]"></a>ke_timer_set</STRONG> (Thumb, 0 bytes, Stack size 0 bytes, peripheral_stack_symbol.txt(ABSOLUTE))
<BR><BR>[Called By]<UL><LI><a href="#[6c]">&gt;&gt;</a>&nbsp;&nbsp;&nbsp;gapm_ext_adv_report_ind_handler
<LI><a href="#[61]">&gt;&gt;</a>&nbsp;&nbsp;&nbsp;gapc_bond_ind_handler
<LI><a href="#[17f]">&gt;&gt;</a>&nbsp;&nbsp;&nbsp;set_ble_auto_connect
<LI><a href="#[4f]">&gt;&gt;</a>&nbsp;&nbsp;&nbsp;scan_cmd
</UL>

<P><STRONG><a name="[1e2]"></a>ke_timer_clear</STRONG> (Thumb, 0 bytes, Stack size 0 bytes, peripheral_stack_symbol.txt(ABSOLUTE))
<BR><BR>[Called By]<UL><LI><a href="#[68]">&gt;&gt;</a>&nbsp;&nbsp;&nbsp;gapm_activity_stopped_ind_handler
</UL>

<P><STRONG><a name="[186]"></a>ke_timer_active</STRONG> (Thumb, 0 bytes, Stack size 0 bytes, peripheral_stack_symbol.txt(ABSOLUTE))
<BR><BR>[Called By]<UL><LI><a href="#[6c]">&gt;&gt;</a>&nbsp;&nbsp;&nbsp;gapm_ext_adv_report_ind_handler
<LI><a href="#[68]">&gt;&gt;</a>&nbsp;&nbsp;&nbsp;gapm_activity_stopped_ind_handler
<LI><a href="#[4f]">&gt;&gt;</a>&nbsp;&nbsp;&nbsp;scan_cmd
</UL>

<P><STRONG><a name="[270]"></a>lld_con_rssi_get</STRONG> (Thumb, 0 bytes, Stack size 0 bytes, peripheral_stack_symbol.txt(ABSOLUTE))
<BR><BR>[Called By]<UL><LI><a href="#[17b]">&gt;&gt;</a>&nbsp;&nbsp;&nbsp;get_ble_rssi
</UL>

<P><STRONG><a name="[271]"></a>llm_rx_path_comp_get</STRONG> (Thumb, 0 bytes, Stack size 0 bytes, peripheral_stack_symbol.txt(ABSOLUTE))
<BR><BR>[Called By]<UL><LI><a href="#[17b]">&gt;&gt;</a>&nbsp;&nbsp;&nbsp;get_ble_rssi
</UL>

<P><STRONG><a name="[21f]"></a>sch_alarm_timer_isr</STRONG> (Thumb, 0 bytes, Stack size 0 bytes, peripheral_stack_symbol.txt(ABSOLUTE))
<BR><BR>[Called By]<UL><LI><a href="#[217]">&gt;&gt;</a>&nbsp;&nbsp;&nbsp;rwip_timer_hs_handler
</UL>

<P><STRONG><a name="[220]"></a>sch_arb_event_start_isr</STRONG> (Thumb, 0 bytes, Stack size 0 bytes, peripheral_stack_symbol.txt(ABSOLUTE))
<BR><BR>[Called By]<UL><LI><a href="#[218]">&gt;&gt;</a>&nbsp;&nbsp;&nbsp;rwip_timer_hus_handler
</UL>

<P><STRONG><a name="[21e]"></a>sch_arb_sw_isr</STRONG> (Thumb, 0 bytes, Stack size 0 bytes, peripheral_stack_symbol.txt(ABSOLUTE))
<BR><BR>[Called By]<UL><LI><a href="#[d2]">&gt;&gt;</a>&nbsp;&nbsp;&nbsp;rwip_isr
</UL>

<P><STRONG><a name="[21a]"></a>sch_prog_fifo_isr</STRONG> (Thumb, 0 bytes, Stack size 0 bytes, peripheral_stack_symbol.txt(ABSOLUTE))
<BR><BR>[Called By]<UL><LI><a href="#[d2]">&gt;&gt;</a>&nbsp;&nbsp;&nbsp;rwip_isr
</UL>

<P><STRONG><a name="[211]"></a>aes_result_handler</STRONG> (Thumb, 0 bytes, Stack size 0 bytes, peripheral_stack_symbol.txt(ABSOLUTE))
<BR><BR>[Called By]<UL><LI><a href="#[33]">&gt;&gt;</a>&nbsp;&nbsp;&nbsp;rwip_crypt_evt_handler
</UL>

<P><STRONG><a name="[23a]"></a>co_list_init</STRONG> (Thumb, 0 bytes, Stack size 0 bytes, peripheral_stack_symbol.txt(ABSOLUTE))
<BR><BR>[Called By]<UL><LI><a href="#[96]">&gt;&gt;</a>&nbsp;&nbsp;&nbsp;fee0s_init
<LI><a href="#[8f]">&gt;&gt;</a>&nbsp;&nbsp;&nbsp;diss_init
</UL>

<P><STRONG><a name="[240]"></a>co_list_push_back</STRONG> (Thumb, 0 bytes, Stack size 0 bytes, peripheral_stack_symbol.txt(ABSOLUTE))
<BR><BR>[Called By]<UL><LI><a href="#[93]">&gt;&gt;</a>&nbsp;&nbsp;&nbsp;diss_set_value_req_handler
</UL>

<P><STRONG><a name="[23b]"></a>co_list_pop_front</STRONG> (Thumb, 0 bytes, Stack size 0 bytes, peripheral_stack_symbol.txt(ABSOLUTE))
<BR><BR>[Called By]<UL><LI><a href="#[90]">&gt;&gt;</a>&nbsp;&nbsp;&nbsp;diss_destroy
</UL>

<P><STRONG><a name="[23f]"></a>co_list_extract</STRONG> (Thumb, 0 bytes, Stack size 0 bytes, peripheral_stack_symbol.txt(ABSOLUTE))
<BR><BR>[Called By]<UL><LI><a href="#[93]">&gt;&gt;</a>&nbsp;&nbsp;&nbsp;diss_set_value_req_handler
</UL>

<P><STRONG><a name="[d3]"></a>rwble_isr</STRONG> (Thumb, 0 bytes, Stack size 0 bytes, peripheral_stack_symbol.txt(ABSOLUTE))
<BR><BR>[Called By]<UL><LI><a href="#[c9]">&gt;&gt;</a>&nbsp;&nbsp;&nbsp;intc_irq
<LI><a href="#[c7]">&gt;&gt;</a>&nbsp;&nbsp;&nbsp;intc_fiq
</UL>

<P><STRONG><a name="[214]"></a>rwble_sleep_enter</STRONG> (Thumb, 0 bytes, Stack size 0 bytes, peripheral_stack_symbol.txt(ABSOLUTE))
<BR><BR>[Called By]<UL><LI><a href="#[20d]">&gt;&gt;</a>&nbsp;&nbsp;&nbsp;rwip_sleep
</UL>

<P><STRONG><a name="[222]"></a>rwble_sleep_wakeup_end</STRONG> (Thumb, 0 bytes, Stack size 0 bytes, peripheral_stack_symbol.txt(ABSOLUTE))
<BR><BR>[Called By]<UL><LI><a href="#[219]">&gt;&gt;</a>&nbsp;&nbsp;&nbsp;rwip_wakeup_end
</UL>

<P><STRONG><a name="[208]"></a>rwip_eif_api_init</STRONG> (Thumb, 0 bytes, Stack size 0 bytes, peripheral_stack_symbol.txt(ABSOLUTE))
<BR><BR>[Called By]<UL><LI><a href="#[115]">&gt;&gt;</a>&nbsp;&nbsp;&nbsp;rw_main
</UL>

<P><STRONG><a name="[205]"></a>rwip_param_init</STRONG> (Thumb, 0 bytes, Stack size 0 bytes, peripheral_stack_symbol.txt(ABSOLUTE))
<BR><BR>[Called By]<UL><LI><a href="#[115]">&gt;&gt;</a>&nbsp;&nbsp;&nbsp;rw_main
</UL>

<P><STRONG><a name="[207]"></a>rwip_ke_mem_init</STRONG> (Thumb, 0 bytes, Stack size 0 bytes, peripheral_stack_symbol.txt(ABSOLUTE))
<BR><BR>[Called By]<UL><LI><a href="#[115]">&gt;&gt;</a>&nbsp;&nbsp;&nbsp;rw_main
</UL>

<P><STRONG><a name="[209]"></a>rwip_init</STRONG> (Thumb, 0 bytes, Stack size 0 bytes, peripheral_stack_symbol.txt(ABSOLUTE))
<BR><BR>[Called By]<UL><LI><a href="#[115]">&gt;&gt;</a>&nbsp;&nbsp;&nbsp;rw_main
</UL>

<P><STRONG><a name="[2e]"></a>rwip_reset</STRONG> (Thumb, 0 bytes, Stack size 0 bytes, peripheral_stack_symbol.txt(ABSOLUTE), UNUSED)
<BR>[Address Reference Count : 1]<UL><LI> arch_main.o(.text)
</UL>
<P><STRONG><a name="[20a]"></a>rwip_schedule</STRONG> (Thumb, 0 bytes, Stack size 0 bytes, peripheral_stack_symbol.txt(ABSOLUTE))
<BR><BR>[Called By]<UL><LI><a href="#[115]">&gt;&gt;</a>&nbsp;&nbsp;&nbsp;rw_main
</UL>

<P><STRONG><a name="[213]"></a>rwip_time_get</STRONG> (Thumb, 0 bytes, Stack size 0 bytes, peripheral_stack_symbol.txt(ABSOLUTE))
<BR><BR>[Called By]<UL><LI><a href="#[269]">&gt;&gt;</a>&nbsp;&nbsp;&nbsp;adc_task
<LI><a href="#[219]">&gt;&gt;</a>&nbsp;&nbsp;&nbsp;rwip_wakeup_end
<LI><a href="#[20d]">&gt;&gt;</a>&nbsp;&nbsp;&nbsp;rwip_sleep
</UL>

<P><STRONG><a name="[215]"></a>rwip_prevent_sleep_set</STRONG> (Thumb, 0 bytes, Stack size 0 bytes, peripheral_stack_symbol.txt(ABSOLUTE))
<BR><BR>[Called By]<UL><LI><a href="#[21b]">&gt;&gt;</a>&nbsp;&nbsp;&nbsp;rwip_wakeup
<LI><a href="#[20d]">&gt;&gt;</a>&nbsp;&nbsp;&nbsp;rwip_sleep
<LI><a href="#[32]">&gt;&gt;</a>&nbsp;&nbsp;&nbsp;rwip_driver_init
</UL>

<P><STRONG><a name="[21c]"></a>rwip_prevent_sleep_clear</STRONG> (Thumb, 0 bytes, Stack size 0 bytes, peripheral_stack_symbol.txt(ABSOLUTE))
<BR><BR>[Called By]<UL><LI><a href="#[d2]">&gt;&gt;</a>&nbsp;&nbsp;&nbsp;rwip_isr
<LI><a href="#[219]">&gt;&gt;</a>&nbsp;&nbsp;&nbsp;rwip_wakeup_end
</UL>

<P><STRONG><a name="[24d]"></a>gapc_get_conhdl</STRONG> (Thumb, 0 bytes, Stack size 0 bytes, peripheral_stack_symbol.txt(ABSOLUTE))
<BR><BR>[Called By]<UL><LI><a href="#[bb]">&gt;&gt;</a>&nbsp;&nbsp;&nbsp;oads_enable_req_handler
<LI><a href="#[a4]">&gt;&gt;</a>&nbsp;&nbsp;&nbsp;bass_enable_req_handler
</UL>

<P><STRONG><a name="[1df]"></a>gapc_get_bdaddr</STRONG> (Thumb, 0 bytes, Stack size 0 bytes, peripheral_stack_symbol.txt(ABSOLUTE))
<BR><BR>[Called By]<UL><LI><a href="#[61]">&gt;&gt;</a>&nbsp;&nbsp;&nbsp;gapc_bond_ind_handler
</UL>

<P><STRONG><a name="[22c]"></a>attm_uuid16_comp</STRONG> (Thumb, 0 bytes, Stack size 0 bytes, peripheral_stack_symbol.txt(ABSOLUTE), UNUSED)
<BR><BR>[Called By]<UL><LI><a href="#[22b]">&gt;&gt;</a>&nbsp;&nbsp;&nbsp;prf_extract_svc_info
</UL>

<P><STRONG><a name="[238]"></a>attm_svc_create_db</STRONG> (Thumb, 0 bytes, Stack size 0 bytes, peripheral_stack_symbol.txt(ABSOLUTE))
<BR><BR>[Called By]<UL><LI><a href="#[a0]">&gt;&gt;</a>&nbsp;&nbsp;&nbsp;bass_init
<LI><a href="#[96]">&gt;&gt;</a>&nbsp;&nbsp;&nbsp;fee0s_init
<LI><a href="#[8f]">&gt;&gt;</a>&nbsp;&nbsp;&nbsp;diss_init
</UL>

<P><STRONG><a name="[258]"></a>attm_svc_create_db128</STRONG> (Thumb, 0 bytes, Stack size 0 bytes, peripheral_stack_symbol.txt(ABSOLUTE))
<BR><BR>[Called By]<UL><LI><a href="#[b7]">&gt;&gt;</a>&nbsp;&nbsp;&nbsp;oads_init
</UL>

<P><STRONG><a name="[242]"></a>attm_att_set_permission</STRONG> (Thumb, 0 bytes, Stack size 0 bytes, peripheral_stack_symbol.txt(ABSOLUTE))
<BR><BR>[Called By]<UL><LI><a href="#[b7]">&gt;&gt;</a>&nbsp;&nbsp;&nbsp;oads_init
<LI><a href="#[a0]">&gt;&gt;</a>&nbsp;&nbsp;&nbsp;bass_init
<LI><a href="#[96]">&gt;&gt;</a>&nbsp;&nbsp;&nbsp;fee0s_init
</UL>

<P><STRONG><a name="[d9]"></a>__aeabi_uidivmod</STRONG> (Thumb, 0 bytes, Stack size 0 bytes, peripheral_stack_symbol.txt(ABSOLUTE))
<BR><BR>[Called By]<UL><LI><a href="#[1f3]">&gt;&gt;</a>&nbsp;&nbsp;&nbsp;sdp_extract_svc_info
<LI><a href="#[1b1]">&gt;&gt;</a>&nbsp;&nbsp;&nbsp;calib_adc
<LI><a href="#[d8]">&gt;&gt;</a>&nbsp;&nbsp;&nbsp;timer0_init
<LI><a href="#[1aa]">&gt;&gt;</a>&nbsp;&nbsp;&nbsp;timer0_set
<LI><a href="#[11a]">&gt;&gt;</a>&nbsp;&nbsp;&nbsp;kmod_calibration
<LI><a href="#[113]">&gt;&gt;</a>&nbsp;&nbsp;&nbsp;UartDbgInit
<LI><a href="#[114]">&gt;&gt;</a>&nbsp;&nbsp;&nbsp;Uart1DbgInit
<LI><a href="#[21b]">&gt;&gt;</a>&nbsp;&nbsp;&nbsp;rwip_wakeup
<LI><a href="#[216]">&gt;&gt;</a>&nbsp;&nbsp;&nbsp;rwip_us_2_lpcycles
</UL>

<P><STRONG><a name="[272]"></a>__aeabi_idivmod</STRONG> (Thumb, 0 bytes, Stack size 0 bytes, peripheral_stack_symbol.txt(ABSOLUTE))
<BR><BR>[Called By]<UL><LI><a href="#[17b]">&gt;&gt;</a>&nbsp;&nbsp;&nbsp;get_ble_rssi
<LI><a href="#[292]">&gt;&gt;</a>&nbsp;&nbsp;&nbsp;_btod_etento
<LI><a href="#[299]">&gt;&gt;</a>&nbsp;&nbsp;&nbsp;_printf_fp_hex_real
</UL>

<P><STRONG><a name="[1de]"></a>rand</STRONG> (Thumb, 0 bytes, Stack size 0 bytes, peripheral_stack_symbol.txt(ABSOLUTE))
<BR><BR>[Called By]<UL><LI><a href="#[60]">&gt;&gt;</a>&nbsp;&nbsp;&nbsp;gapc_bond_req_ind_handler
</UL>

<P><STRONG><a name="[11d]"></a>__aeabi_memcpy</STRONG> (Thumb, 0 bytes, Stack size 0 bytes, peripheral_stack_symbol.txt(ABSOLUTE))
<BR><BR>[Called By]<UL><LI><a href="#[1f3]">&gt;&gt;</a>&nbsp;&nbsp;&nbsp;sdp_extract_svc_info
<LI><a href="#[1f2]">&gt;&gt;</a>&nbsp;&nbsp;&nbsp;app_fee5_send_ind
<LI><a href="#[1f1]">&gt;&gt;</a>&nbsp;&nbsp;&nbsp;app_fee4_send_ntf
<LI><a href="#[1ec]">&gt;&gt;</a>&nbsp;&nbsp;&nbsp;appm_add_adv_report_to_filter
<LI><a href="#[6a]">&gt;&gt;</a>&nbsp;&nbsp;&nbsp;gapm_gen_rand_nb_ind_handler
<LI><a href="#[6f]">&gt;&gt;</a>&nbsp;&nbsp;&nbsp;gapc_connection_req_ind_handler
<LI><a href="#[69]">&gt;&gt;</a>&nbsp;&nbsp;&nbsp;gapm_cmp_evt_handler
<LI><a href="#[62]">&gt;&gt;</a>&nbsp;&nbsp;&nbsp;gapc_encrypt_req_ind_handler
<LI><a href="#[60]">&gt;&gt;</a>&nbsp;&nbsp;&nbsp;gapc_bond_req_ind_handler
<LI><a href="#[5e]">&gt;&gt;</a>&nbsp;&nbsp;&nbsp;diss_value_req_ind_handler
<LI><a href="#[1d5]">&gt;&gt;</a>&nbsp;&nbsp;&nbsp;appm_read_service_data_by_uuid_req
<LI><a href="#[1d3]">&gt;&gt;</a>&nbsp;&nbsp;&nbsp;appc_write_service_data_req
<LI><a href="#[1d0]">&gt;&gt;</a>&nbsp;&nbsp;&nbsp;appm_init_fsm_next
<LI><a href="#[1ce]">&gt;&gt;</a>&nbsp;&nbsp;&nbsp;appm_start_connecting
<LI><a href="#[1cd]">&gt;&gt;</a>&nbsp;&nbsp;&nbsp;appm_get_connect_dev_addr
<LI><a href="#[1cc]">&gt;&gt;</a>&nbsp;&nbsp;&nbsp;appm_set_connect_dev_addr
<LI><a href="#[1c6]">&gt;&gt;</a>&nbsp;&nbsp;&nbsp;appm_updata_adv_data
<LI><a href="#[1c4]">&gt;&gt;</a>&nbsp;&nbsp;&nbsp;appm_adv_fsm_next
<LI><a href="#[1c3]">&gt;&gt;</a>&nbsp;&nbsp;&nbsp;appm_set_adv_data
<LI><a href="#[57]">&gt;&gt;</a>&nbsp;&nbsp;&nbsp;app_fee0_add_fee0s
<LI><a href="#[1a4]">&gt;&gt;</a>&nbsp;&nbsp;&nbsp;flash_write_data
<LI><a href="#[1a3]">&gt;&gt;</a>&nbsp;&nbsp;&nbsp;flash_read_data
<LI><a href="#[157]">&gt;&gt;</a>&nbsp;&nbsp;&nbsp;set_version_time
<LI><a href="#[15c]">&gt;&gt;</a>&nbsp;&nbsp;&nbsp;set_uuid
<LI><a href="#[15a]">&gt;&gt;</a>&nbsp;&nbsp;&nbsp;set_sn
<LI><a href="#[15e]">&gt;&gt;</a>&nbsp;&nbsp;&nbsp;set_product_name
<LI><a href="#[156]">&gt;&gt;</a>&nbsp;&nbsp;&nbsp;set_fw_version
<LI><a href="#[17d]">&gt;&gt;</a>&nbsp;&nbsp;&nbsp;set_ble_pincode
<LI><a href="#[174]">&gt;&gt;</a>&nbsp;&nbsp;&nbsp;set_ble_name
<LI><a href="#[178]">&gt;&gt;</a>&nbsp;&nbsp;&nbsp;set_ble_mac
<LI><a href="#[182]">&gt;&gt;</a>&nbsp;&nbsp;&nbsp;set_auto_connect_parm
<LI><a href="#[155]">&gt;&gt;</a>&nbsp;&nbsp;&nbsp;get_version_time
<LI><a href="#[15b]">&gt;&gt;</a>&nbsp;&nbsp;&nbsp;get_uuid
<LI><a href="#[159]">&gt;&gt;</a>&nbsp;&nbsp;&nbsp;get_sn
<LI><a href="#[15d]">&gt;&gt;</a>&nbsp;&nbsp;&nbsp;get_product_name
<LI><a href="#[154]">&gt;&gt;</a>&nbsp;&nbsp;&nbsp;get_fw_version
<LI><a href="#[17c]">&gt;&gt;</a>&nbsp;&nbsp;&nbsp;get_ble_pincode
<LI><a href="#[18b]">&gt;&gt;</a>&nbsp;&nbsp;&nbsp;get_ble_parm
<LI><a href="#[173]">&gt;&gt;</a>&nbsp;&nbsp;&nbsp;get_ble_name
<LI><a href="#[176]">&gt;&gt;</a>&nbsp;&nbsp;&nbsp;get_ble_mac
<LI><a href="#[181]">&gt;&gt;</a>&nbsp;&nbsp;&nbsp;get_auto_connect_parm
<LI><a href="#[45]">&gt;&gt;</a>&nbsp;&nbsp;&nbsp;name_cmd
<LI><a href="#[13e]">&gt;&gt;</a>&nbsp;&nbsp;&nbsp;read_uart_ringbuf_data
<LI><a href="#[13b]">&gt;&gt;</a>&nbsp;&nbsp;&nbsp;tab_complete
<LI><a href="#[137]">&gt;&gt;</a>&nbsp;&nbsp;&nbsp;handle_input
<LI><a href="#[cb]">&gt;&gt;</a>&nbsp;&nbsp;&nbsp;store_uart_ringbuf_data
<LI><a href="#[31]">&gt;&gt;</a>&nbsp;&nbsp;&nbsp;rf_init
<LI><a href="#[bf]">&gt;&gt;</a>&nbsp;&nbsp;&nbsp;gattc_read_req_ind_handler
<LI><a href="#[be]">&gt;&gt;</a>&nbsp;&nbsp;&nbsp;gattc_write_req_ind_handler
<LI><a href="#[25a]">&gt;&gt;</a>&nbsp;&nbsp;&nbsp;oad_save_reciveData
<LI><a href="#[b5]">&gt;&gt;</a>&nbsp;&nbsp;&nbsp;gattc_event_req_ind_handler
<LI><a href="#[b4]">&gt;&gt;</a>&nbsp;&nbsp;&nbsp;gattc_event_ind_handler
<LI><a href="#[250]">&gt;&gt;</a>&nbsp;&nbsp;&nbsp;sdp_discover_service
<LI><a href="#[a0]">&gt;&gt;</a>&nbsp;&nbsp;&nbsp;bass_init
<LI><a href="#[9e]">&gt;&gt;</a>&nbsp;&nbsp;&nbsp;gattc_read_req_ind_handler
<LI><a href="#[9d]">&gt;&gt;</a>&nbsp;&nbsp;&nbsp;gattc_write_req_ind_handler
<LI><a href="#[246]">&gt;&gt;</a>&nbsp;&nbsp;&nbsp;fee0s_indicate_fee5_val
<LI><a href="#[245]">&gt;&gt;</a>&nbsp;&nbsp;&nbsp;fee0s_notify_fee4_val
<LI><a href="#[96]">&gt;&gt;</a>&nbsp;&nbsp;&nbsp;fee0s_init
<LI><a href="#[95]">&gt;&gt;</a>&nbsp;&nbsp;&nbsp;diss_value_cfm_handler
<LI><a href="#[94]">&gt;&gt;</a>&nbsp;&nbsp;&nbsp;gattc_read_req_ind_handler
<LI><a href="#[93]">&gt;&gt;</a>&nbsp;&nbsp;&nbsp;diss_set_value_req_handler
<LI><a href="#[22d]">&gt;&gt;</a>&nbsp;&nbsp;&nbsp;prf_client_att_info_rsp
<LI><a href="#[229]">&gt;&gt;</a>&nbsp;&nbsp;&nbsp;prf_gatt_write
<LI><a href="#[228]">&gt;&gt;</a>&nbsp;&nbsp;&nbsp;prf_disc_svc_send_uuid128
<LI><a href="#[33]">&gt;&gt;</a>&nbsp;&nbsp;&nbsp;rwip_crypt_evt_handler
<LI><a href="#[1ff]">&gt;&gt;</a>&nbsp;&nbsp;&nbsp;nvds_purge
<LI><a href="#[1f5]">&gt;&gt;</a>&nbsp;&nbsp;&nbsp;app_fcc2_send_ntf
</UL>

<P><STRONG><a name="[261]"></a>__aeabi_memcpy4</STRONG> (Thumb, 0 bytes, Stack size 0 bytes, peripheral_stack_symbol.txt(ABSOLUTE))
<BR><BR>[Called By]<UL><LI><a href="#[17f]">&gt;&gt;</a>&nbsp;&nbsp;&nbsp;set_ble_auto_connect
<LI><a href="#[280]">&gt;&gt;</a>&nbsp;&nbsp;&nbsp;__rt_memmove_w (via Veneer)
<LI><a href="#[bf]">&gt;&gt;</a>&nbsp;&nbsp;&nbsp;gattc_read_req_ind_handler
<LI><a href="#[204]">&gt;&gt;</a>&nbsp;&nbsp;&nbsp;user_init
</UL>

<P><STRONG><a name="[127]"></a>__aeabi_memclr</STRONG> (Thumb, 0 bytes, Stack size 0 bytes, peripheral_stack_symbol.txt(ABSOLUTE))
<BR><BR>[Called By]<UL><LI><a href="#[1ec]">&gt;&gt;</a>&nbsp;&nbsp;&nbsp;appm_add_adv_report_to_filter
<LI><a href="#[69]">&gt;&gt;</a>&nbsp;&nbsp;&nbsp;gapm_cmp_evt_handler
<LI><a href="#[60]">&gt;&gt;</a>&nbsp;&nbsp;&nbsp;gapc_bond_req_ind_handler
<LI><a href="#[1b7]">&gt;&gt;</a>&nbsp;&nbsp;&nbsp;app_fee0_init
<LI><a href="#[30]">&gt;&gt;</a>&nbsp;&nbsp;&nbsp;appm_init
<LI><a href="#[192]">&gt;&gt;</a>&nbsp;&nbsp;&nbsp;uart1_ringbuf_clean
<LI><a href="#[174]">&gt;&gt;</a>&nbsp;&nbsp;&nbsp;set_ble_name
<LI><a href="#[140]">&gt;&gt;</a>&nbsp;&nbsp;&nbsp;uart_ringbuf_clean
<LI><a href="#[d0]">&gt;&gt;</a>&nbsp;&nbsp;&nbsp;clear_uart1_buffer
<LI><a href="#[126]">&gt;&gt;</a>&nbsp;&nbsp;&nbsp;clear_uart_buffer
<LI><a href="#[141]">&gt;&gt;</a>&nbsp;&nbsp;&nbsp;strncpy (via BLX)
<LI><a href="#[be]">&gt;&gt;</a>&nbsp;&nbsp;&nbsp;gattc_write_req_ind_handler
</UL>

<P><STRONG><a name="[138]"></a>__aeabi_memclr4</STRONG> (Thumb, 0 bytes, Stack size 0 bytes, peripheral_stack_symbol.txt(ABSOLUTE))
<BR><BR>[Called By]<UL><LI><a href="#[1ef]">&gt;&gt;</a>&nbsp;&nbsp;&nbsp;appm_scan_adv_repor
<LI><a href="#[60]">&gt;&gt;</a>&nbsp;&nbsp;&nbsp;gapc_bond_req_ind_handler
<LI><a href="#[1c5]">&gt;&gt;</a>&nbsp;&nbsp;&nbsp;app_gapm_adv_check_data_sanity
<LI><a href="#[1ba]">&gt;&gt;</a>&nbsp;&nbsp;&nbsp;sdp_service_init
<LI><a href="#[15e]">&gt;&gt;</a>&nbsp;&nbsp;&nbsp;set_product_name
<LI><a href="#[45]">&gt;&gt;</a>&nbsp;&nbsp;&nbsp;name_cmd
<LI><a href="#[3d]">&gt;&gt;</a>&nbsp;&nbsp;&nbsp;dev_name_cmd
<LI><a href="#[14b]">&gt;&gt;</a>&nbsp;&nbsp;&nbsp;aos_cli_init
<LI><a href="#[137]">&gt;&gt;</a>&nbsp;&nbsp;&nbsp;handle_input
<LI><a href="#[bf]">&gt;&gt;</a>&nbsp;&nbsp;&nbsp;gattc_read_req_ind_handler
<LI><a href="#[a0]">&gt;&gt;</a>&nbsp;&nbsp;&nbsp;bass_init
<LI><a href="#[96]">&gt;&gt;</a>&nbsp;&nbsp;&nbsp;fee0s_init
<LI><a href="#[206]">&gt;&gt;</a>&nbsp;&nbsp;&nbsp;rom_env_init
</UL>

<P><STRONG><a name="[1e1]"></a>memcmp</STRONG> (Thumb, 0 bytes, Stack size 0 bytes, peripheral_stack_symbol.txt(ABSOLUTE))
<BR><BR>[Called By]<UL><LI><a href="#[1ef]">&gt;&gt;</a>&nbsp;&nbsp;&nbsp;appm_scan_adv_repor
<LI><a href="#[1ec]">&gt;&gt;</a>&nbsp;&nbsp;&nbsp;appm_add_adv_report_to_filter
<LI><a href="#[1ed]">&gt;&gt;</a>&nbsp;&nbsp;&nbsp;app_add_sdp_fee0_srv
<LI><a href="#[76]">&gt;&gt;</a>&nbsp;&nbsp;&nbsp;app_gattc_event_ind_handler
<LI><a href="#[22]">&gt;&gt;</a>&nbsp;&nbsp;&nbsp;nvds_put
<LI><a href="#[62]">&gt;&gt;</a>&nbsp;&nbsp;&nbsp;gapc_encrypt_req_ind_handler
<LI><a href="#[188]">&gt;&gt;</a>&nbsp;&nbsp;&nbsp;channel_search
<LI><a href="#[26c]">&gt;&gt;</a>&nbsp;&nbsp;&nbsp;mac_search
<LI><a href="#[236]">&gt;&gt;</a>&nbsp;&nbsp;&nbsp;prf_env_get_from_uuid
<LI><a href="#[204]">&gt;&gt;</a>&nbsp;&nbsp;&nbsp;user_init
<LI><a href="#[1fa]">&gt;&gt;</a>&nbsp;&nbsp;&nbsp;nvds_init
</UL>

<P><STRONG><a name="[19f]"></a>__ARM_common_disable_fiq</STRONG> (ARM, 0 bytes, Stack size 0 bytes, peripheral_stack_symbol.txt(ABSOLUTE))
<BR><BR>[Called By]<UL><LI><a href="#[1a4]">&gt;&gt;</a>&nbsp;&nbsp;&nbsp;flash_write_data (via BLX)
<LI><a href="#[1a3]">&gt;&gt;</a>&nbsp;&nbsp;&nbsp;flash_read_data (via BLX)
<LI><a href="#[19e]">&gt;&gt;</a>&nbsp;&nbsp;&nbsp;flash_erase_sector (via BLX)
<LI><a href="#[115]">&gt;&gt;</a>&nbsp;&nbsp;&nbsp;rw_main (via BLX)
<LI><a href="#[2f]">&gt;&gt;</a>&nbsp;&nbsp;&nbsp;platform_reset (via BLX)
</UL>

<P><STRONG><a name="[1a0]"></a>__ARM_common_disable_irq</STRONG> (ARM, 0 bytes, Stack size 0 bytes, peripheral_stack_symbol.txt(ABSOLUTE))
<BR><BR>[Called By]<UL><LI><a href="#[1a4]">&gt;&gt;</a>&nbsp;&nbsp;&nbsp;flash_write_data (via BLX)
<LI><a href="#[1a3]">&gt;&gt;</a>&nbsp;&nbsp;&nbsp;flash_read_data (via BLX)
<LI><a href="#[19e]">&gt;&gt;</a>&nbsp;&nbsp;&nbsp;flash_erase_sector (via BLX)
<LI><a href="#[115]">&gt;&gt;</a>&nbsp;&nbsp;&nbsp;rw_main (via BLX)
<LI><a href="#[2f]">&gt;&gt;</a>&nbsp;&nbsp;&nbsp;platform_reset (via BLX)
</UL>

<P><STRONG><a name="[1a1]"></a>__ARM_common_enable_fiq</STRONG> (ARM, 0 bytes, Stack size 0 bytes, peripheral_stack_symbol.txt(ABSOLUTE))
<BR><BR>[Called By]<UL><LI><a href="#[1a4]">&gt;&gt;</a>&nbsp;&nbsp;&nbsp;flash_write_data (via BLX)
<LI><a href="#[1a3]">&gt;&gt;</a>&nbsp;&nbsp;&nbsp;flash_read_data (via BLX)
<LI><a href="#[19e]">&gt;&gt;</a>&nbsp;&nbsp;&nbsp;flash_erase_sector (via BLX)
<LI><a href="#[115]">&gt;&gt;</a>&nbsp;&nbsp;&nbsp;rw_main (via BLX)
</UL>

<P><STRONG><a name="[1a2]"></a>__ARM_common_enable_irq</STRONG> (ARM, 0 bytes, Stack size 0 bytes, peripheral_stack_symbol.txt(ABSOLUTE))
<BR><BR>[Called By]<UL><LI><a href="#[1a4]">&gt;&gt;</a>&nbsp;&nbsp;&nbsp;flash_write_data (via BLX)
<LI><a href="#[1a3]">&gt;&gt;</a>&nbsp;&nbsp;&nbsp;flash_read_data (via BLX)
<LI><a href="#[19e]">&gt;&gt;</a>&nbsp;&nbsp;&nbsp;flash_erase_sector (via BLX)
<LI><a href="#[115]">&gt;&gt;</a>&nbsp;&nbsp;&nbsp;rw_main (via BLX)
</UL>

<P><STRONG><a name="[120]"></a>__ARM_common_switch8</STRONG> (ARM, 0 bytes, Stack size 0 bytes, peripheral_stack_symbol.txt(ABSOLUTE))
<BR><BR>[Called By]<UL><LI><a href="#[69]">&gt;&gt;</a>&nbsp;&nbsp;&nbsp;gapm_cmp_evt_handler (via BLX)
<LI><a href="#[61]">&gt;&gt;</a>&nbsp;&nbsp;&nbsp;gapc_bond_ind_handler (via BLX)
<LI><a href="#[60]">&gt;&gt;</a>&nbsp;&nbsp;&nbsp;gapc_bond_req_ind_handler (via BLX)
<LI><a href="#[5e]">&gt;&gt;</a>&nbsp;&nbsp;&nbsp;diss_value_req_ind_handler (via BLX)
<LI><a href="#[1d0]">&gt;&gt;</a>&nbsp;&nbsp;&nbsp;appm_init_fsm_next (via BLX)
<LI><a href="#[1c9]">&gt;&gt;</a>&nbsp;&nbsp;&nbsp;appm_scan_fsm_next (via BLX)
<LI><a href="#[1c5]">&gt;&gt;</a>&nbsp;&nbsp;&nbsp;app_gapm_adv_check_data_sanity (via BLX)
<LI><a href="#[1c4]">&gt;&gt;</a>&nbsp;&nbsp;&nbsp;appm_adv_fsm_next (via BLX)
<LI><a href="#[123]">&gt;&gt;</a>&nbsp;&nbsp;&nbsp;Delay_us (via BLX)
<LI><a href="#[121]">&gt;&gt;</a>&nbsp;&nbsp;&nbsp;mcu_clk_switch (via BLX)
<LI><a href="#[11f]">&gt;&gt;</a>&nbsp;&nbsp;&nbsp;cpu_wakeup (via BLX)
<LI><a href="#[118]">&gt;&gt;</a>&nbsp;&nbsp;&nbsp;Delay_ms (via BLX)
</UL>

<P><STRONG><a name="[c2]"></a>vectors</STRONG> (ARM, 0 bytes, Stack size 0 bytes, boot_vectors.o(SYS_BOOT))

<P><STRONG><a name="[c1]"></a>sys_Reset</STRONG> (ARM, 0 bytes, Stack size 0 bytes, boot_handlers.o(SYS_BOOT))
<BR><BR>[Calls]<UL><LI><a href="#[c3]">&gt;&gt;</a>&nbsp;&nbsp;&nbsp;__main
</UL>

<P><STRONG><a name="[c4]"></a>__rt_div0</STRONG> (ARM, 0 bytes, Stack size 0 bytes, boot_handlers.o(SYS_BOOT), UNUSED, KEPT)
<BR><BR>[Calls]<UL><LI><a href="#[c4]">&gt;&gt;</a>&nbsp;&nbsp;&nbsp;__rt_div0
</UL>
<BR>[Called By]<UL><LI><a href="#[c4]">&gt;&gt;</a>&nbsp;&nbsp;&nbsp;__rt_div0
</UL>

<P><STRONG><a name="[c5]"></a>__user_initial_stackheap</STRONG> (ARM, 0 bytes, Stack size 0 bytes, boot_handlers.o(SYS_BOOT))
<BR><BR>[Called By]<UL><LI><a href="#[108]">&gt;&gt;</a>&nbsp;&nbsp;&nbsp;__user_setup_stackheap
</UL>

<P><STRONG><a name="[c6]"></a>SYSirq_FIQ_Handler</STRONG> (ARM, 16 bytes, Stack size 0 bytes, intc.o(sys_fiq_entry))
<BR><BR>[Calls]<UL><LI><a href="#[c7]">&gt;&gt;</a>&nbsp;&nbsp;&nbsp;intc_fiq (via BLX)
</UL>
<BR>[Called By]<UL><LI><a href="#[10]">&gt;&gt;</a>&nbsp;&nbsp;&nbsp;FIQ_Handler
</UL>

<P><STRONG><a name="[c8]"></a>SYSirq_IRQ_Handler</STRONG> (ARM, 16 bytes, Stack size 0 bytes, intc.o(sys_irq_entry))
<BR><BR>[Calls]<UL><LI><a href="#[c9]">&gt;&gt;</a>&nbsp;&nbsp;&nbsp;intc_irq (via BLX)
</UL>
<BR>[Called By]<UL><LI><a href="#[f]">&gt;&gt;</a>&nbsp;&nbsp;&nbsp;IRQ_Handler
</UL>

<P><STRONG><a name="[c3]"></a>__main</STRONG> (ARM, 8 bytes, Stack size 0 bytes, __main.o(!!!main))
<BR><BR>[Calls]<UL><LI><a href="#[db]">&gt;&gt;</a>&nbsp;&nbsp;&nbsp;__rt_entry
<LI><a href="#[da]">&gt;&gt;</a>&nbsp;&nbsp;&nbsp;__scatterload
</UL>
<BR>[Called By]<UL><LI><a href="#[c1]">&gt;&gt;</a>&nbsp;&nbsp;&nbsp;sys_Reset
</UL>

<P><STRONG><a name="[da]"></a>__scatterload</STRONG> (ARM, 0 bytes, Stack size 0 bytes, __scatter.o(!!!scatter))
<BR><BR>[Called By]<UL><LI><a href="#[c3]">&gt;&gt;</a>&nbsp;&nbsp;&nbsp;__main
</UL>

<P><STRONG><a name="[dc]"></a>__scatterload_rt2</STRONG> (ARM, 52 bytes, Stack size 0 bytes, __scatter.o(!!!scatter), UNUSED)
<BR><BR>[Calls]<UL><LI><a href="#[db]">&gt;&gt;</a>&nbsp;&nbsp;&nbsp;__rt_entry
</UL>

<P><STRONG><a name="[dd]"></a>__scatterload_copy</STRONG> (ARM, 40 bytes, Stack size 0 bytes, __scatter_copy.o(!!handler_copy), UNUSED)
<BR><BR>[Calls]<UL><LI><a href="#[dd]">&gt;&gt;</a>&nbsp;&nbsp;&nbsp;__scatterload_copy
</UL>
<BR>[Called By]<UL><LI><a href="#[dd]">&gt;&gt;</a>&nbsp;&nbsp;&nbsp;__scatterload_copy
</UL>

<P><STRONG><a name="[de]"></a>_printf_n</STRONG> (ARM, 0 bytes, Stack size 0 bytes, _printf_n.o(.ARM.Collect$$_printf_percent$$00000001))
<BR><BR>[Calls]<UL><LI><a href="#[df]">&gt;&gt;</a>&nbsp;&nbsp;&nbsp;_printf_charcount (via Veneer)
</UL>

<P><STRONG><a name="[27d]"></a>_printf_percent</STRONG> (ARM, 0 bytes, Stack size 0 bytes, _printf_percent.o(.ARM.Collect$$_printf_percent$$00000000))
<BR><BR>[Called By]<UL><LI><a href="#[27b]">&gt;&gt;</a>&nbsp;&nbsp;&nbsp;__printf (via BLX)
</UL>

<P><STRONG><a name="[e0]"></a>_printf_p</STRONG> (ARM, 0 bytes, Stack size 0 bytes, _printf_p.o(.ARM.Collect$$_printf_percent$$00000002))
<BR><BR>[Calls]<UL><LI><a href="#[e1]">&gt;&gt;</a>&nbsp;&nbsp;&nbsp;_printf_hex_ptr (via Veneer)
</UL>

<P><STRONG><a name="[e2]"></a>_printf_f</STRONG> (ARM, 0 bytes, Stack size 0 bytes, _printf_f.o(.ARM.Collect$$_printf_percent$$00000003))
<BR><BR>[Calls]<UL><LI><a href="#[e3]">&gt;&gt;</a>&nbsp;&nbsp;&nbsp;_printf_fp_dec
</UL>

<P><STRONG><a name="[e4]"></a>_printf_e</STRONG> (ARM, 0 bytes, Stack size 0 bytes, _printf_e.o(.ARM.Collect$$_printf_percent$$00000004))
<BR><BR>[Calls]<UL><LI><a href="#[e3]">&gt;&gt;</a>&nbsp;&nbsp;&nbsp;_printf_fp_dec
</UL>

<P><STRONG><a name="[e5]"></a>_printf_g</STRONG> (ARM, 0 bytes, Stack size 0 bytes, _printf_g.o(.ARM.Collect$$_printf_percent$$00000005))
<BR><BR>[Calls]<UL><LI><a href="#[e3]">&gt;&gt;</a>&nbsp;&nbsp;&nbsp;_printf_fp_dec
</UL>

<P><STRONG><a name="[e6]"></a>_printf_a</STRONG> (ARM, 0 bytes, Stack size 0 bytes, _printf_a.o(.ARM.Collect$$_printf_percent$$00000006))
<BR><BR>[Calls]<UL><LI><a href="#[e7]">&gt;&gt;</a>&nbsp;&nbsp;&nbsp;_printf_fp_hex
</UL>

<P><STRONG><a name="[e8]"></a>_printf_i</STRONG> (ARM, 0 bytes, Stack size 0 bytes, _printf_i.o(.ARM.Collect$$_printf_percent$$00000008))
<BR><BR>[Calls]<UL><LI><a href="#[e9]">&gt;&gt;</a>&nbsp;&nbsp;&nbsp;_printf_int_dec (via Veneer)
</UL>

<P><STRONG><a name="[ea]"></a>_printf_d</STRONG> (ARM, 0 bytes, Stack size 0 bytes, _printf_d.o(.ARM.Collect$$_printf_percent$$00000009))
<BR><BR>[Calls]<UL><LI><a href="#[e9]">&gt;&gt;</a>&nbsp;&nbsp;&nbsp;_printf_int_dec (via Veneer)
</UL>

<P><STRONG><a name="[eb]"></a>_printf_u</STRONG> (ARM, 0 bytes, Stack size 0 bytes, _printf_u.o(.ARM.Collect$$_printf_percent$$0000000A))
<BR><BR>[Calls]<UL><LI><a href="#[e9]">&gt;&gt;</a>&nbsp;&nbsp;&nbsp;_printf_int_dec (via Veneer)
</UL>

<P><STRONG><a name="[ec]"></a>_printf_o</STRONG> (ARM, 0 bytes, Stack size 0 bytes, _printf_o.o(.ARM.Collect$$_printf_percent$$0000000B))
<BR><BR>[Calls]<UL><LI><a href="#[ed]">&gt;&gt;</a>&nbsp;&nbsp;&nbsp;_printf_int_oct (via Veneer)
</UL>

<P><STRONG><a name="[ee]"></a>_printf_x</STRONG> (ARM, 0 bytes, Stack size 0 bytes, _printf_x.o(.ARM.Collect$$_printf_percent$$0000000C))
<BR><BR>[Calls]<UL><LI><a href="#[ef]">&gt;&gt;</a>&nbsp;&nbsp;&nbsp;_printf_int_hex (via Veneer)
</UL>

<P><STRONG><a name="[f0]"></a>_printf_lli</STRONG> (ARM, 0 bytes, Stack size 0 bytes, _printf_lli.o(.ARM.Collect$$_printf_percent$$0000000D))
<BR><BR>[Calls]<UL><LI><a href="#[f1]">&gt;&gt;</a>&nbsp;&nbsp;&nbsp;_printf_longlong_dec (via Veneer)
</UL>

<P><STRONG><a name="[f2]"></a>_printf_lld</STRONG> (ARM, 0 bytes, Stack size 0 bytes, _printf_lld.o(.ARM.Collect$$_printf_percent$$0000000E))
<BR><BR>[Calls]<UL><LI><a href="#[f1]">&gt;&gt;</a>&nbsp;&nbsp;&nbsp;_printf_longlong_dec (via Veneer)
</UL>

<P><STRONG><a name="[f3]"></a>_printf_llu</STRONG> (ARM, 0 bytes, Stack size 0 bytes, _printf_llu.o(.ARM.Collect$$_printf_percent$$0000000F))
<BR><BR>[Calls]<UL><LI><a href="#[f1]">&gt;&gt;</a>&nbsp;&nbsp;&nbsp;_printf_longlong_dec (via Veneer)
</UL>

<P><STRONG><a name="[f4]"></a>_printf_llo</STRONG> (ARM, 0 bytes, Stack size 0 bytes, _printf_llo.o(.ARM.Collect$$_printf_percent$$00000010))
<BR><BR>[Calls]<UL><LI><a href="#[f5]">&gt;&gt;</a>&nbsp;&nbsp;&nbsp;_printf_ll_oct (via Veneer)
</UL>

<P><STRONG><a name="[f6]"></a>_printf_llx</STRONG> (ARM, 0 bytes, Stack size 0 bytes, _printf_llx.o(.ARM.Collect$$_printf_percent$$00000011))
<BR><BR>[Calls]<UL><LI><a href="#[f7]">&gt;&gt;</a>&nbsp;&nbsp;&nbsp;_printf_ll_hex (via Veneer)
</UL>

<P><STRONG><a name="[f8]"></a>_printf_c</STRONG> (ARM, 0 bytes, Stack size 0 bytes, _printf_c.o(.ARM.Collect$$_printf_percent$$00000013))
<BR><BR>[Calls]<UL><LI><a href="#[f9]">&gt;&gt;</a>&nbsp;&nbsp;&nbsp;_printf_char (via Veneer)
</UL>

<P><STRONG><a name="[fa]"></a>_printf_s</STRONG> (ARM, 0 bytes, Stack size 0 bytes, _printf_s.o(.ARM.Collect$$_printf_percent$$00000014))
<BR><BR>[Calls]<UL><LI><a href="#[fb]">&gt;&gt;</a>&nbsp;&nbsp;&nbsp;_printf_string (via Veneer)
</UL>

<P><STRONG><a name="[fc]"></a>_printf_lc</STRONG> (ARM, 0 bytes, Stack size 0 bytes, _printf_lc.o(.ARM.Collect$$_printf_percent$$00000015))
<BR><BR>[Calls]<UL><LI><a href="#[fd]">&gt;&gt;</a>&nbsp;&nbsp;&nbsp;_printf_wchar (via Veneer)
</UL>

<P><STRONG><a name="[fe]"></a>_printf_ls</STRONG> (ARM, 0 bytes, Stack size 0 bytes, _printf_ls.o(.ARM.Collect$$_printf_percent$$00000016))
<BR><BR>[Calls]<UL><LI><a href="#[ff]">&gt;&gt;</a>&nbsp;&nbsp;&nbsp;_printf_wstring (via Veneer)
</UL>

<P><STRONG><a name="[10a]"></a>__rt_lib_init</STRONG> (Thumb, 0 bytes, Stack size 0 bytes, libinit.o(.ARM.Collect$$libinit$$00000000))
<BR><BR>[Called By]<UL><LI><a href="#[109]">&gt;&gt;</a>&nbsp;&nbsp;&nbsp;__rt_entry_li (via BLX)
</UL>

<P><STRONG><a name="[100]"></a>__rt_lib_init_heap_2</STRONG> (Thumb, 0 bytes, Stack size 0 bytes, libinit2.o(.ARM.Collect$$libinit$$00000005))
<BR><BR>[Calls]<UL><LI><a href="#[101]">&gt;&gt;</a>&nbsp;&nbsp;&nbsp;_init_alloc
</UL>

<P><STRONG><a name="[102]"></a>__rt_lib_init_lc_common</STRONG> (Thumb, 0 bytes, Stack size 0 bytes, libinit2.o(.ARM.Collect$$libinit$$0000000F))
<BR><BR>[Calls]<UL><LI><a href="#[103]">&gt;&gt;</a>&nbsp;&nbsp;&nbsp;__rt_locale (via BLX)
</UL>

<P><STRONG><a name="[104]"></a>__rt_lib_init_lc_ctype_2</STRONG> (Thumb, 0 bytes, Stack size 0 bytes, libinit2.o(.ARM.Collect$$libinit$$00000012))
<BR><BR>[Calls]<UL><LI><a href="#[36]">&gt;&gt;</a>&nbsp;&nbsp;&nbsp;_get_lc_ctype (via BLX)
</UL>

<P><STRONG><a name="[105]"></a>__rt_lib_init_lc_numeric_2</STRONG> (Thumb, 0 bytes, Stack size 0 bytes, libinit2.o(.ARM.Collect$$libinit$$00000016))
<BR><BR>[Calls]<UL><LI><a href="#[106]">&gt;&gt;</a>&nbsp;&nbsp;&nbsp;_get_lc_numeric (via BLX)
</UL>

<P><STRONG><a name="[10e]"></a>__rt_lib_shutdown</STRONG> (Thumb, 0 bytes, Stack size 0 bytes, libshutdown.o(.ARM.Collect$$libshutdown$$00000000))
<BR><BR>[Called By]<UL><LI><a href="#[10d]">&gt;&gt;</a>&nbsp;&nbsp;&nbsp;__rt_exit_ls (via BLX)
</UL>

<P><STRONG><a name="[db]"></a>__rt_entry</STRONG> (ARM, 0 bytes, Stack size 0 bytes, __rtentry.o(.ARM.Collect$$rtentry$$00000000))
<BR><BR>[Called By]<UL><LI><a href="#[c3]">&gt;&gt;</a>&nbsp;&nbsp;&nbsp;__main
<LI><a href="#[dc]">&gt;&gt;</a>&nbsp;&nbsp;&nbsp;__scatterload_rt2
</UL>

<P><STRONG><a name="[107]"></a>__rt_entry_sh</STRONG> (ARM, 0 bytes, Stack size 0 bytes, __rtentry4.o(.ARM.Collect$$rtentry$$00000004))
<BR><BR>[Calls]<UL><LI><a href="#[108]">&gt;&gt;</a>&nbsp;&nbsp;&nbsp;__user_setup_stackheap
</UL>

<P><STRONG><a name="[109]"></a>__rt_entry_li</STRONG> (ARM, 0 bytes, Stack size 0 bytes, __rtentry2.o(.ARM.Collect$$rtentry$$0000000A))
<BR><BR>[Calls]<UL><LI><a href="#[10a]">&gt;&gt;</a>&nbsp;&nbsp;&nbsp;__rt_lib_init (via BLX)
</UL>

<P><STRONG><a name="[10b]"></a>__rt_entry_main</STRONG> (ARM, 0 bytes, Stack size 0 bytes, __rtentry2.o(.ARM.Collect$$rtentry$$0000000D))
<BR><BR>[Calls]<UL><LI><a href="#[10c]">&gt;&gt;</a>&nbsp;&nbsp;&nbsp;exit (via BX)
</UL>

<P><STRONG><a name="[2a3]"></a>__rt_exit</STRONG> (ARM, 0 bytes, Stack size 0 bytes, rtexit.o(.ARM.Collect$$rtexit$$00000000))
<BR><BR>[Called By]<UL><LI><a href="#[10c]">&gt;&gt;</a>&nbsp;&nbsp;&nbsp;exit (via BLX)
</UL>

<P><STRONG><a name="[10d]"></a>__rt_exit_ls</STRONG> (ARM, 0 bytes, Stack size 0 bytes, rtexit2.o(.ARM.Collect$$rtexit$$00000003))
<BR><BR>[Calls]<UL><LI><a href="#[10e]">&gt;&gt;</a>&nbsp;&nbsp;&nbsp;__rt_lib_shutdown (via BLX)
</UL>

<P><STRONG><a name="[10f]"></a>__rt_exit_exit</STRONG> (ARM, 0 bytes, Stack size 0 bytes, rtexit2.o(.ARM.Collect$$rtexit$$00000004))
<BR><BR>[Calls]<UL><LI><a href="#[110]">&gt;&gt;</a>&nbsp;&nbsp;&nbsp;_sys_exit (via BLX)
</UL>

<P><STRONG><a name="[11]"></a>main</STRONG> (Thumb, 86 bytes, Stack size 0 bytes, main.o(.text))
<BR><BR>[Calls]<UL><LI><a href="#[20]">&gt;&gt;</a>&nbsp;&nbsp;&nbsp;uart_printf_null
<LI><a href="#[115]">&gt;&gt;</a>&nbsp;&nbsp;&nbsp;rw_main
<LI><a href="#[112]">&gt;&gt;</a>&nbsp;&nbsp;&nbsp;icu_init
<LI><a href="#[113]">&gt;&gt;</a>&nbsp;&nbsp;&nbsp;UartDbgInit
<LI><a href="#[114]">&gt;&gt;</a>&nbsp;&nbsp;&nbsp;Uart1DbgInit
<LI><a href="#[111]">&gt;&gt;</a>&nbsp;&nbsp;&nbsp;SysInit
</UL>
<BR>[Address Reference Count : 1]<UL><LI> __rtentry2.o(.ARM.Collect$$rtentry$$0000000D)
</UL>
<P><STRONG><a name="[116]"></a>feed_watchdog</STRONG> (Thumb, 24 bytes, Stack size 0 bytes, bk3633_initial.o(.text))
<BR><BR>[Called By]<UL><LI><a href="#[111]">&gt;&gt;</a>&nbsp;&nbsp;&nbsp;SysInit
</UL>

<P><STRONG><a name="[111]"></a>SysInit</STRONG> (Thumb, 48 bytes, Stack size 0 bytes, bk3633_initial.o(.text))
<BR><BR>[Calls]<UL><LI><a href="#[116]">&gt;&gt;</a>&nbsp;&nbsp;&nbsp;feed_watchdog
</UL>
<BR>[Called By]<UL><LI><a href="#[11]">&gt;&gt;</a>&nbsp;&nbsp;&nbsp;main
</UL>

<P><STRONG><a name="[11c]"></a>xtal_cal_set</STRONG> (Thumb, 24 bytes, Stack size 0 bytes, rf_xvr.o(.text))
<BR><BR>[Called By]<UL><LI><a href="#[11b]">&gt;&gt;</a>&nbsp;&nbsp;&nbsp;xvr_reg_initial
</UL>

<P><STRONG><a name="[117]"></a>pll_clk_calibration</STRONG> (Thumb, 40 bytes, Stack size 0 bytes, rf_xvr.o(.text))
<BR><BR>[Calls]<UL><LI><a href="#[118]">&gt;&gt;</a>&nbsp;&nbsp;&nbsp;Delay_ms
</UL>
<BR>[Called By]<UL><LI><a href="#[11b]">&gt;&gt;</a>&nbsp;&nbsp;&nbsp;xvr_reg_initial
</UL>

<P><STRONG><a name="[119]"></a>CLK32K_AutoCali_init</STRONG> (Thumb, 70 bytes, Stack size 0 bytes, rf_xvr.o(.text))
<BR><BR>[Calls]<UL><LI><a href="#[118]">&gt;&gt;</a>&nbsp;&nbsp;&nbsp;Delay_ms
</UL>
<BR>[Called By]<UL><LI><a href="#[11b]">&gt;&gt;</a>&nbsp;&nbsp;&nbsp;xvr_reg_initial
</UL>

<P><STRONG><a name="[11a]"></a>kmod_calibration</STRONG> (Thumb, 350 bytes, Stack size 0 bytes, rf_xvr.o(.text))
<BR><BR>[Calls]<UL><LI><a href="#[118]">&gt;&gt;</a>&nbsp;&nbsp;&nbsp;Delay_ms
<LI><a href="#[d9]">&gt;&gt;</a>&nbsp;&nbsp;&nbsp;__aeabi_uidivmod
<LI><a href="#[20]">&gt;&gt;</a>&nbsp;&nbsp;&nbsp;uart_printf_null
</UL>
<BR>[Called By]<UL><LI><a href="#[11b]">&gt;&gt;</a>&nbsp;&nbsp;&nbsp;xvr_reg_initial
</UL>

<P><STRONG><a name="[11b]"></a>xvr_reg_initial</STRONG> (Thumb, 392 bytes, Stack size 0 bytes, rf_xvr.o(.text))
<BR><BR>[Calls]<UL><LI><a href="#[118]">&gt;&gt;</a>&nbsp;&nbsp;&nbsp;Delay_ms
<LI><a href="#[11a]">&gt;&gt;</a>&nbsp;&nbsp;&nbsp;kmod_calibration
<LI><a href="#[119]">&gt;&gt;</a>&nbsp;&nbsp;&nbsp;CLK32K_AutoCali_init
<LI><a href="#[117]">&gt;&gt;</a>&nbsp;&nbsp;&nbsp;pll_clk_calibration
<LI><a href="#[11c]">&gt;&gt;</a>&nbsp;&nbsp;&nbsp;xtal_cal_set
</UL>
<BR>[Called By]<UL><LI><a href="#[31]">&gt;&gt;</a>&nbsp;&nbsp;&nbsp;rf_init
<LI><a href="#[115]">&gt;&gt;</a>&nbsp;&nbsp;&nbsp;rw_main
</UL>

<P><STRONG><a name="[11e]"></a>rf_debug_gpio_init</STRONG> (Thumb, 580 bytes, Stack size 0 bytes, rf_xvr.o(.text))
<BR><BR>[Called By]<UL><LI><a href="#[31]">&gt;&gt;</a>&nbsp;&nbsp;&nbsp;rf_init
</UL>

<P><STRONG><a name="[31]"></a>rf_init</STRONG> (Thumb, 230 bytes, Stack size 0 bytes, rf_xvr.o(.text))
<BR><BR>[Calls]<UL><LI><a href="#[11e]">&gt;&gt;</a>&nbsp;&nbsp;&nbsp;rf_debug_gpio_init
<LI><a href="#[11b]">&gt;&gt;</a>&nbsp;&nbsp;&nbsp;xvr_reg_initial
<LI><a href="#[11d]">&gt;&gt;</a>&nbsp;&nbsp;&nbsp;__aeabi_memcpy
<LI><a href="#[20]">&gt;&gt;</a>&nbsp;&nbsp;&nbsp;uart_printf_null
</UL>
<BR>[Address Reference Count : 1]<UL><LI> arch_main.o(.text)
</UL>
<P><STRONG><a name="[26f]"></a>rf_power_set</STRONG> (Thumb, 40 bytes, Stack size 0 bytes, rf_xvr.o(.text))
<BR><BR>[Called By]<UL><LI><a href="#[17a]">&gt;&gt;</a>&nbsp;&nbsp;&nbsp;set_ble_power
</UL>

<P><STRONG><a name="[112]"></a>icu_init</STRONG> (Thumb, 62 bytes, Stack size 0 bytes, icu.o(.text))
<BR><BR>[Called By]<UL><LI><a href="#[11]">&gt;&gt;</a>&nbsp;&nbsp;&nbsp;main
</UL>

<P><STRONG><a name="[20e]"></a>cpu_reduce_voltage_sleep</STRONG> (Thumb, 162 bytes, Stack size 0 bytes, icu.o(.text))
<BR><BR>[Called By]<UL><LI><a href="#[115]">&gt;&gt;</a>&nbsp;&nbsp;&nbsp;rw_main
</UL>

<P><STRONG><a name="[11f]"></a>cpu_wakeup</STRONG> (Thumb, 90 bytes, Stack size 0 bytes, icu.o(.text))
<BR><BR>[Calls]<UL><LI><a href="#[120]">&gt;&gt;</a>&nbsp;&nbsp;&nbsp;__ARM_common_switch8 (via BLX)
</UL>
<BR>[Called By]<UL><LI><a href="#[115]">&gt;&gt;</a>&nbsp;&nbsp;&nbsp;rw_main
</UL>

<P><STRONG><a name="[210]"></a>cpu_idle_sleep</STRONG> (Thumb, 32 bytes, Stack size 0 bytes, icu.o(.text))
<BR><BR>[Called By]<UL><LI><a href="#[115]">&gt;&gt;</a>&nbsp;&nbsp;&nbsp;rw_main
</UL>

<P><STRONG><a name="[121]"></a>mcu_clk_switch</STRONG> (Thumb, 206 bytes, Stack size 0 bytes, icu.o(.text))
<BR><BR>[Calls]<UL><LI><a href="#[120]">&gt;&gt;</a>&nbsp;&nbsp;&nbsp;__ARM_common_switch8 (via BLX)
</UL>
<BR>[Called By]<UL><LI><a href="#[115]">&gt;&gt;</a>&nbsp;&nbsp;&nbsp;rw_main
</UL>

<P><STRONG><a name="[118]"></a>Delay_ms</STRONG> (Thumb, 48 bytes, Stack size 0 bytes, icu.o(.text))
<BR><BR>[Calls]<UL><LI><a href="#[120]">&gt;&gt;</a>&nbsp;&nbsp;&nbsp;__ARM_common_switch8 (via BLX)
</UL>
<BR>[Called By]<UL><LI><a href="#[122]">&gt;&gt;</a>&nbsp;&nbsp;&nbsp;rw_ip_deep_sleep_test
<LI><a href="#[11b]">&gt;&gt;</a>&nbsp;&nbsp;&nbsp;xvr_reg_initial
<LI><a href="#[11a]">&gt;&gt;</a>&nbsp;&nbsp;&nbsp;kmod_calibration
<LI><a href="#[119]">&gt;&gt;</a>&nbsp;&nbsp;&nbsp;CLK32K_AutoCali_init
<LI><a href="#[117]">&gt;&gt;</a>&nbsp;&nbsp;&nbsp;pll_clk_calibration
</UL>

<P><STRONG><a name="[122]"></a>rw_ip_deep_sleep_test</STRONG> (Thumb, 42 bytes, Stack size 0 bytes, icu.o(.text), UNUSED)
<BR><BR>[Calls]<UL><LI><a href="#[118]">&gt;&gt;</a>&nbsp;&nbsp;&nbsp;Delay_ms
</UL>

[...]
<LI><a href="#[20]">&gt;&gt;</a>&nbsp;&nbsp;&nbsp;uart_printf_null
<LI><a href="#[247]">&gt;&gt;</a>&nbsp;&nbsp;&nbsp;fee0s_get_att_idx
<LI><a href="#[23c]">&gt;&gt;</a>&nbsp;&nbsp;&nbsp;prf_env_get
<LI><a href="#[22e]">&gt;&gt;</a>&nbsp;&nbsp;&nbsp;prf_dst_task_get
</UL>
<BR>[Address Reference Count : 1]<UL><LI> fee0s_task.o(.constdata)
</UL>
<P><STRONG><a name="[9e]"></a>gattc_read_req_ind_handler</STRONG> (Thumb, 258 bytes, Stack size 0 bytes, fee0s_task.o(.text))
<BR><BR>[Calls]<UL><LI><a href="#[11d]">&gt;&gt;</a>&nbsp;&nbsp;&nbsp;__aeabi_memcpy
<LI><a href="#[1bc]">&gt;&gt;</a>&nbsp;&nbsp;&nbsp;ke_msg_send
<LI><a href="#[1bb]">&gt;&gt;</a>&nbsp;&nbsp;&nbsp;ke_msg_alloc
<LI><a href="#[20]">&gt;&gt;</a>&nbsp;&nbsp;&nbsp;uart_printf_null
<LI><a href="#[247]">&gt;&gt;</a>&nbsp;&nbsp;&nbsp;fee0s_get_att_idx
<LI><a href="#[23c]">&gt;&gt;</a>&nbsp;&nbsp;&nbsp;prf_env_get
</UL>
<BR>[Address Reference Count : 1]<UL><LI> fee0s_task.o(.constdata)
</UL>
<P><STRONG><a name="[9f]"></a>gattc_cmp_evt_handler</STRONG> (Thumb, 112 bytes, Stack size 0 bytes, fee0s_task.o(.text))
<BR><BR>[Calls]<UL><LI><a href="#[1c0]">&gt;&gt;</a>&nbsp;&nbsp;&nbsp;ke_state_get
<LI><a href="#[1b3]">&gt;&gt;</a>&nbsp;&nbsp;&nbsp;ke_state_set
<LI><a href="#[1bc]">&gt;&gt;</a>&nbsp;&nbsp;&nbsp;ke_msg_send
<LI><a href="#[1bb]">&gt;&gt;</a>&nbsp;&nbsp;&nbsp;ke_msg_alloc
<LI><a href="#[20]">&gt;&gt;</a>&nbsp;&nbsp;&nbsp;uart_printf_null
<LI><a href="#[23c]">&gt;&gt;</a>&nbsp;&nbsp;&nbsp;prf_env_get
<LI><a href="#[22e]">&gt;&gt;</a>&nbsp;&nbsp;&nbsp;prf_dst_task_get
</UL>
<BR>[Address Reference Count : 1]<UL><LI> fee0s_task.o(.constdata)
</UL>
<P><STRONG><a name="[a0]"></a>bass_init</STRONG> (Thumb, 338 bytes, Stack size 0 bytes, bass.o(.text))
<BR><BR>[Calls]<UL><LI><a href="#[138]">&gt;&gt;</a>&nbsp;&nbsp;&nbsp;__aeabi_memclr4
<LI><a href="#[11d]">&gt;&gt;</a>&nbsp;&nbsp;&nbsp;__aeabi_memcpy
<LI><a href="#[242]">&gt;&gt;</a>&nbsp;&nbsp;&nbsp;attm_att_set_permission
<LI><a href="#[238]">&gt;&gt;</a>&nbsp;&nbsp;&nbsp;attm_svc_create_db
<LI><a href="#[1b3]">&gt;&gt;</a>&nbsp;&nbsp;&nbsp;ke_state_set
<LI><a href="#[14d]">&gt;&gt;</a>&nbsp;&nbsp;&nbsp;ke_free
<LI><a href="#[14c]">&gt;&gt;</a>&nbsp;&nbsp;&nbsp;ke_malloc
<LI><a href="#[248]">&gt;&gt;</a>&nbsp;&nbsp;&nbsp;bass_task_init
</UL>
<BR>[Address Reference Count : 1]<UL><LI> bass.o(.constdata)
</UL>
<P><STRONG><a name="[a1]"></a>bass_destroy</STRONG> (Thumb, 28 bytes, Stack size 0 bytes, bass.o(.text))
<BR><BR>[Calls]<UL><LI><a href="#[14d]">&gt;&gt;</a>&nbsp;&nbsp;&nbsp;ke_free
</UL>
<BR>[Address Reference Count : 1]<UL><LI> bass.o(.constdata)
</UL>
<P><STRONG><a name="[a2]"></a>bass_create</STRONG> (Thumb, 10 bytes, Stack size 0 bytes, bass.o(.text))
<BR>[Address Reference Count : 1]<UL><LI> bass.o(.constdata)
</UL>
<P><STRONG><a name="[a3]"></a>bass_cleanup</STRONG> (Thumb, 10 bytes, Stack size 0 bytes, bass.o(.text))
<BR>[Address Reference Count : 1]<UL><LI> bass.o(.constdata)
</UL>
<P><STRONG><a name="[24a]"></a>bass_notify_batt_lvl</STRONG> (Thumb, 64 bytes, Stack size 0 bytes, bass.o(.text))
<BR><BR>[Calls]<UL><LI><a href="#[1bc]">&gt;&gt;</a>&nbsp;&nbsp;&nbsp;ke_msg_send
<LI><a href="#[1bb]">&gt;&gt;</a>&nbsp;&nbsp;&nbsp;ke_msg_alloc
<LI><a href="#[249]">&gt;&gt;</a>&nbsp;&nbsp;&nbsp;bass_get_att_handle
<LI><a href="#[224]">&gt;&gt;</a>&nbsp;&nbsp;&nbsp;prf_src_task_get
</UL>
<BR>[Called By]<UL><LI><a href="#[24c]">&gt;&gt;</a>&nbsp;&nbsp;&nbsp;bass_exe_operation
</UL>

<P><STRONG><a name="[a4]"></a>bass_enable_req_handler</STRONG> (Thumb, 122 bytes, Stack size 0 bytes, bass_task.o(.text))
<BR><BR>[Calls]<UL><LI><a href="#[24d]">&gt;&gt;</a>&nbsp;&nbsp;&nbsp;gapc_get_conhdl
<LI><a href="#[1c0]">&gt;&gt;</a>&nbsp;&nbsp;&nbsp;ke_state_get
<LI><a href="#[1b3]">&gt;&gt;</a>&nbsp;&nbsp;&nbsp;ke_state_set
<LI><a href="#[1bc]">&gt;&gt;</a>&nbsp;&nbsp;&nbsp;ke_msg_send
<LI><a href="#[1bb]">&gt;&gt;</a>&nbsp;&nbsp;&nbsp;ke_msg_alloc
<LI><a href="#[24c]">&gt;&gt;</a>&nbsp;&nbsp;&nbsp;bass_exe_operation
<LI><a href="#[23c]">&gt;&gt;</a>&nbsp;&nbsp;&nbsp;prf_env_get
</UL>
<BR>[Address Reference Count : 1]<UL><LI> bass_task.o(.constdata)
</UL>
<P><STRONG><a name="[a5]"></a>bass_batt_level_upd_req_handler</STRONG> (Thumb, 100 bytes, Stack size 0 bytes, bass_task.o(.text))
<BR><BR>[Calls]<UL><LI><a href="#[1c0]">&gt;&gt;</a>&nbsp;&nbsp;&nbsp;ke_state_get
<LI><a href="#[1b3]">&gt;&gt;</a>&nbsp;&nbsp;&nbsp;ke_state_set
<LI><a href="#[1bc]">&gt;&gt;</a>&nbsp;&nbsp;&nbsp;ke_msg_send
<LI><a href="#[1bb]">&gt;&gt;</a>&nbsp;&nbsp;&nbsp;ke_msg_alloc
<LI><a href="#[24c]">&gt;&gt;</a>&nbsp;&nbsp;&nbsp;bass_exe_operation
<LI><a href="#[23c]">&gt;&gt;</a>&nbsp;&nbsp;&nbsp;prf_env_get
</UL>
<BR>[Address Reference Count : 1]<UL><LI> bass_task.o(.constdata)
</UL>
<P><STRONG><a name="[a6]"></a>gattc_att_info_req_ind_handler</STRONG> (Thumb, 78 bytes, Stack size 0 bytes, bass_task.o(.text))
<BR><BR>[Calls]<UL><LI><a href="#[1bc]">&gt;&gt;</a>&nbsp;&nbsp;&nbsp;ke_msg_send
<LI><a href="#[1bb]">&gt;&gt;</a>&nbsp;&nbsp;&nbsp;ke_msg_alloc
<LI><a href="#[24b]">&gt;&gt;</a>&nbsp;&nbsp;&nbsp;bass_get_att_idx
</UL>
<BR>[Address Reference Count : 1]<UL><LI> bass_task.o(.constdata)
</UL>
<P><STRONG><a name="[a7]"></a>gattc_write_req_ind_handler</STRONG> (Thumb, 160 bytes, Stack size 0 bytes, bass_task.o(.text))
<BR><BR>[Calls]<UL><LI><a href="#[1bc]">&gt;&gt;</a>&nbsp;&nbsp;&nbsp;ke_msg_send
<LI><a href="#[1bb]">&gt;&gt;</a>&nbsp;&nbsp;&nbsp;ke_msg_alloc
<LI><a href="#[24b]">&gt;&gt;</a>&nbsp;&nbsp;&nbsp;bass_get_att_idx
<LI><a href="#[23c]">&gt;&gt;</a>&nbsp;&nbsp;&nbsp;prf_env_get
<LI><a href="#[22e]">&gt;&gt;</a>&nbsp;&nbsp;&nbsp;prf_dst_task_get
</UL>
<BR>[Address Reference Count : 1]<UL><LI> bass_task.o(.constdata)
</UL>
<P><STRONG><a name="[a8]"></a>gattc_read_req_ind_handler</STRONG> (Thumb, 186 bytes, Stack size 0 bytes, bass_task.o(.text))
<BR><BR>[Calls]<UL><LI><a href="#[1bc]">&gt;&gt;</a>&nbsp;&nbsp;&nbsp;ke_msg_send
<LI><a href="#[1bb]">&gt;&gt;</a>&nbsp;&nbsp;&nbsp;ke_msg_alloc
<LI><a href="#[24b]">&gt;&gt;</a>&nbsp;&nbsp;&nbsp;bass_get_att_idx
<LI><a href="#[23c]">&gt;&gt;</a>&nbsp;&nbsp;&nbsp;prf_env_get
<LI><a href="#[24e]">&gt;&gt;</a>&nbsp;&nbsp;&nbsp;prf_pack_char_pres_fmt
</UL>
<BR>[Address Reference Count : 1]<UL><LI> bass_task.o(.constdata)
</UL>
<P><STRONG><a name="[a9]"></a>gattc_cmp_evt_handler</STRONG> (Thumb, 16 bytes, Stack size 0 bytes, bass_task.o(.text))
<BR><BR>[Calls]<UL><LI><a href="#[24c]">&gt;&gt;</a>&nbsp;&nbsp;&nbsp;bass_exe_operation
</UL>
<BR>[Address Reference Count : 1]<UL><LI> bass_task.o(.constdata)
</UL>
<P><STRONG><a name="[aa]"></a>sdp_init</STRONG> (Thumb, 406 bytes, Stack size 0 bytes, sdp_service.o(.text))
<BR><BR>[Calls]<UL><LI><a href="#[1b3]">&gt;&gt;</a>&nbsp;&nbsp;&nbsp;ke_state_set
<LI><a href="#[20]">&gt;&gt;</a>&nbsp;&nbsp;&nbsp;uart_printf_null
<LI><a href="#[24f]">&gt;&gt;</a>&nbsp;&nbsp;&nbsp;sdp_task_init
<LI><a href="#[225]">&gt;&gt;</a>&nbsp;&nbsp;&nbsp;prf_register_atthdl2gatt
</UL>
<BR>[Address Reference Count : 1]<UL><LI> sdp_service.o(.constdata)
</UL>
<P><STRONG><a name="[ab]"></a>sdp_destroy</STRONG> (Thumb, 82 bytes, Stack size 0 bytes, sdp_service.o(.text))
<BR><BR>[Calls]<UL><LI><a href="#[20]">&gt;&gt;</a>&nbsp;&nbsp;&nbsp;uart_printf_null
</UL>
<BR>[Address Reference Count : 1]<UL><LI> sdp_service.o(.constdata)
</UL>
<P><STRONG><a name="[ac]"></a>sdp_create</STRONG> (Thumb, 16 bytes, Stack size 0 bytes, sdp_service.o(.text))
<BR><BR>[Calls]<UL><LI><a href="#[1b3]">&gt;&gt;</a>&nbsp;&nbsp;&nbsp;ke_state_set
</UL>
<BR>[Address Reference Count : 1]<UL><LI> sdp_service.o(.constdata)
</UL>
<P><STRONG><a name="[ad]"></a>sdp_cleanup</STRONG> (Thumb, 296 bytes, Stack size 0 bytes, sdp_service.o(.text))
<BR><BR>[Calls]<UL><LI><a href="#[1b3]">&gt;&gt;</a>&nbsp;&nbsp;&nbsp;ke_state_set
<LI><a href="#[14d]">&gt;&gt;</a>&nbsp;&nbsp;&nbsp;ke_free
<LI><a href="#[20]">&gt;&gt;</a>&nbsp;&nbsp;&nbsp;uart_printf_null
</UL>
<BR>[Address Reference Count : 1]<UL><LI> sdp_service.o(.constdata)
</UL>
<P><STRONG><a name="[255]"></a>sdp_write_service_ntf_cfg_req</STRONG> (Thumb, 560 bytes, Stack size 0 bytes, sdp_service.o(.text))
<BR><BR>[Calls]<UL><LI><a href="#[29]">&gt;&gt;</a>&nbsp;&nbsp;&nbsp;prf_get_task_from_id
<LI><a href="#[1c0]">&gt;&gt;</a>&nbsp;&nbsp;&nbsp;ke_state_get
<LI><a href="#[1bc]">&gt;&gt;</a>&nbsp;&nbsp;&nbsp;ke_msg_send
<LI><a href="#[1bb]">&gt;&gt;</a>&nbsp;&nbsp;&nbsp;ke_msg_alloc
<LI><a href="#[20]">&gt;&gt;</a>&nbsp;&nbsp;&nbsp;uart_printf_null
</UL>
<BR>[Called By]<UL><LI><a href="#[1ee]">&gt;&gt;</a>&nbsp;&nbsp;&nbsp;sdp_enable_all_server_ntf_ind
</UL>

<P><STRONG><a name="[af]"></a>sdp_enable_req_handler</STRONG> (Thumb, 4 bytes, Stack size 0 bytes, sdp_service_task.o(.text))
<BR>[Address Reference Count : 1]<UL><LI> sdp_service_task.o(.constdata)
</UL>
<P><STRONG><a name="[b0]"></a>sdp_read_info_req_handler</STRONG> (Thumb, 328 bytes, Stack size 0 bytes, sdp_service_task.o(.text))
<BR><BR>[Calls]<UL><LI><a href="#[20]">&gt;&gt;</a>&nbsp;&nbsp;&nbsp;uart_printf_null
<LI><a href="#[257]">&gt;&gt;</a>&nbsp;&nbsp;&nbsp;prf_env_get_from_handle
<LI><a href="#[236]">&gt;&gt;</a>&nbsp;&nbsp;&nbsp;prf_env_get_from_uuid
<LI><a href="#[223]">&gt;&gt;</a>&nbsp;&nbsp;&nbsp;prf_read_char_send
</UL>
<BR>[Address Reference Count : 1]<UL><LI> sdp_service_task.o(.constdata)
</UL>
<P><STRONG><a name="[b1]"></a>sdp_write_value_info_req_handler</STRONG> (Thumb, 120 bytes, Stack size 0 bytes, sdp_service_task.o(.text))
<BR><BR>[Calls]<UL><LI><a href="#[20]">&gt;&gt;</a>&nbsp;&nbsp;&nbsp;uart_printf_null
<LI><a href="#[257]">&gt;&gt;</a>&nbsp;&nbsp;&nbsp;prf_env_get_from_handle
<LI><a href="#[229]">&gt;&gt;</a>&nbsp;&nbsp;&nbsp;prf_gatt_write
</UL>
<BR>[Address Reference Count : 1]<UL><LI> sdp_service_task.o(.constdata)
</UL>
<P><STRONG><a name="[b2]"></a>sdp_write_ntf_cfg_req_handler</STRONG> (Thumb, 128 bytes, Stack size 0 bytes, sdp_service_task.o(.text))
<BR><BR>[Calls]<UL><LI><a href="#[20]">&gt;&gt;</a>&nbsp;&nbsp;&nbsp;uart_printf_null
<LI><a href="#[257]">&gt;&gt;</a>&nbsp;&nbsp;&nbsp;prf_env_get_from_handle
<LI><a href="#[22a]">&gt;&gt;</a>&nbsp;&nbsp;&nbsp;prf_gatt_write_ntf_ind
</UL>
<BR>[Address Reference Count : 1]<UL><LI> sdp_service_task.o(.constdata)
</UL>
<P><STRONG><a name="[b6]"></a>gattc_cmp_evt_handler</STRONG> (Thumb, 76 bytes, Stack size 0 bytes, sdp_service_task.o(.text))
<BR><BR>[Calls]<UL><LI><a href="#[1c0]">&gt;&gt;</a>&nbsp;&nbsp;&nbsp;ke_state_get
<LI><a href="#[1bc]">&gt;&gt;</a>&nbsp;&nbsp;&nbsp;ke_msg_send
<LI><a href="#[1bb]">&gt;&gt;</a>&nbsp;&nbsp;&nbsp;ke_msg_alloc
<LI><a href="#[20]">&gt;&gt;</a>&nbsp;&nbsp;&nbsp;uart_printf_null
</UL>
<BR>[Address Reference Count : 1]<UL><LI> sdp_service_task.o(.constdata)
</UL>
<P><STRONG><a name="[b3]"></a>gattc_read_ind_handler</STRONG> (Thumb, 82 bytes, Stack size 0 bytes, sdp_service_task.o(.text))
<BR><BR>[Calls]<UL><LI><a href="#[1c0]">&gt;&gt;</a>&nbsp;&nbsp;&nbsp;ke_state_get
<LI><a href="#[20]">&gt;&gt;</a>&nbsp;&nbsp;&nbsp;uart_printf_null
</UL>
<BR>[Address Reference Count : 1]<UL><LI> sdp_service_task.o(.constdata)
</UL>
<P><STRONG><a name="[b4]"></a>gattc_event_ind_handler</STRONG> (Thumb, 68 bytes, Stack size 0 bytes, sdp_service_task.o(.text))
<BR><BR>[Calls]<UL><LI><a href="#[11d]">&gt;&gt;</a>&nbsp;&nbsp;&nbsp;__aeabi_memcpy
<LI><a href="#[1c0]">&gt;&gt;</a>&nbsp;&nbsp;&nbsp;ke_state_get
<LI><a href="#[1bc]">&gt;&gt;</a>&nbsp;&nbsp;&nbsp;ke_msg_send
<LI><a href="#[1bb]">&gt;&gt;</a>&nbsp;&nbsp;&nbsp;ke_msg_alloc
</UL>
<BR>[Address Reference Count : 1]<UL><LI> sdp_service_task.o(.constdata)
</UL>
<P><STRONG><a name="[b5]"></a>gattc_event_req_ind_handler</STRONG> (Thumb, 94 bytes, Stack size 0 bytes, sdp_service_task.o(.text))
<BR><BR>[Calls]<UL><LI><a href="#[11d]">&gt;&gt;</a>&nbsp;&nbsp;&nbsp;__aeabi_memcpy
<LI><a href="#[1c0]">&gt;&gt;</a>&nbsp;&nbsp;&nbsp;ke_state_get
<LI><a href="#[1bc]">&gt;&gt;</a>&nbsp;&nbsp;&nbsp;ke_msg_send
<LI><a href="#[1bb]">&gt;&gt;</a>&nbsp;&nbsp;&nbsp;ke_msg_alloc
</UL>
<BR>[Address Reference Count : 1]<UL><LI> sdp_service_task.o(.constdata)
</UL>
<P><STRONG><a name="[ae]"></a>sdp_default_msg_handler</STRONG> (Thumb, 32 bytes, Stack size 0 bytes, sdp_service_task.o(.text))
<BR><BR>[Calls]<UL><LI><a href="#[20]">&gt;&gt;</a>&nbsp;&nbsp;&nbsp;uart_printf_null
</UL>
<BR>[Address Reference Count : 1]<UL><LI> sdp_service_task.o(.constdata)
</UL>
<P><STRONG><a name="[b7]"></a>oads_init</STRONG> (Thumb, 192 bytes, Stack size 0 bytes, oads.o(.text))
<BR><BR>[Calls]<UL><LI><a href="#[242]">&gt;&gt;</a>&nbsp;&nbsp;&nbsp;attm_att_set_permission
<LI><a href="#[258]">&gt;&gt;</a>&nbsp;&nbsp;&nbsp;attm_svc_create_db128
<LI><a href="#[1b3]">&gt;&gt;</a>&nbsp;&nbsp;&nbsp;ke_state_set
<LI><a href="#[14c]">&gt;&gt;</a>&nbsp;&nbsp;&nbsp;ke_malloc
<LI><a href="#[20]">&gt;&gt;</a>&nbsp;&nbsp;&nbsp;uart_printf_null
<LI><a href="#[259]">&gt;&gt;</a>&nbsp;&nbsp;&nbsp;oads_task_init
</UL>
<BR>[Address Reference Count : 1]<UL><LI> oads.o(.constdata)
</UL>
<P><STRONG><a name="[b8]"></a>oads_destroy</STRONG> (Thumb, 28 bytes, Stack size 0 bytes, oads.o(.text))
<BR><BR>[Calls]<UL><LI><a href="#[14d]">&gt;&gt;</a>&nbsp;&nbsp;&nbsp;ke_free
</UL>
<BR>[Address Reference Count : 1]<UL><LI> oads.o(.constdata)
</UL>
<P><STRONG><a name="[b9]"></a>oads_create</STRONG> (Thumb, 20 bytes, Stack size 0 bytes, oads.o(.text))
<BR>[Address Reference Count : 1]<UL><LI> oads.o(.constdata)
</UL>
<P><STRONG><a name="[ba]"></a>oads_cleanup</STRONG> (Thumb, 20 bytes, Stack size 0 bytes, oads.o(.text))
<BR>[Address Reference Count : 1]<UL><LI> oads.o(.constdata)
</UL>
<P><STRONG><a name="[25d]"></a>oadImgIdentifyReq</STRONG> (Thumb, 150 bytes, Stack size 0 bytes, oads.o(.text))
<BR><BR>[Calls]<UL><LI><a href="#[1bc]">&gt;&gt;</a>&nbsp;&nbsp;&nbsp;ke_msg_send
<LI><a href="#[1bb]">&gt;&gt;</a>&nbsp;&nbsp;&nbsp;ke_msg_alloc
<LI><a href="#[20]">&gt;&gt;</a>&nbsp;&nbsp;&nbsp;uart_printf_null
<LI><a href="#[23c]">&gt;&gt;</a>&nbsp;&nbsp;&nbsp;prf_env_get
<LI><a href="#[224]">&gt;&gt;</a>&nbsp;&nbsp;&nbsp;prf_src_task_get
</UL>
<BR>[Called By]<UL><LI><a href="#[1f7]">&gt;&gt;</a>&nbsp;&nbsp;&nbsp;oadImgIdentifyWrite
</UL>

<P><STRONG><a name="[25e]"></a>oadImgBlockReq</STRONG> (Thumb, 76 bytes, Stack size 0 bytes, oads.o(.text))
<BR><BR>[Calls]<UL><LI><a href="#[1bc]">&gt;&gt;</a>&nbsp;&nbsp;&nbsp;ke_msg_send
<LI><a href="#[1bb]">&gt;&gt;</a>&nbsp;&nbsp;&nbsp;ke_msg_alloc
<LI><a href="#[23c]">&gt;&gt;</a>&nbsp;&nbsp;&nbsp;prf_env_get
<LI><a href="#[224]">&gt;&gt;</a>&nbsp;&nbsp;&nbsp;prf_src_task_get
</UL>
<BR>[Called By]<UL><LI><a href="#[25f]">&gt;&gt;</a>&nbsp;&nbsp;&nbsp;oadImgBlockWrite
<LI><a href="#[1f7]">&gt;&gt;</a>&nbsp;&nbsp;&nbsp;oadImgIdentifyWrite
</UL>

<P><STRONG><a name="[bb]"></a>oads_enable_req_handler</STRONG> (Thumb, 120 bytes, Stack size 0 bytes, oads_task.o(.text))
<BR><BR>[Calls]<UL><LI><a href="#[24d]">&gt;&gt;</a>&nbsp;&nbsp;&nbsp;gapc_get_conhdl
<LI><a href="#[1c0]">&gt;&gt;</a>&nbsp;&nbsp;&nbsp;ke_state_get
<LI><a href="#[1bc]">&gt;&gt;</a>&nbsp;&nbsp;&nbsp;ke_msg_send
<LI><a href="#[1bb]">&gt;&gt;</a>&nbsp;&nbsp;&nbsp;ke_msg_alloc
<LI><a href="#[20]">&gt;&gt;</a>&nbsp;&nbsp;&nbsp;uart_printf_null
<LI><a href="#[23c]">&gt;&gt;</a>&nbsp;&nbsp;&nbsp;prf_env_get
</UL>
<BR>[Address Reference Count : 1]<UL><LI> oads_task.o(.constdata)
</UL>
<P><STRONG><a name="[bc]"></a>oads_ffc1_upd_req_handler</STRONG> (Thumb, 12 bytes, Stack size 0 bytes, oads_task.o(.text))
<BR><BR>[Calls]<UL><LI><a href="#[20]">&gt;&gt;</a>&nbsp;&nbsp;&nbsp;uart_printf_null
</UL>
<BR>[Address Reference Count : 1]<UL><LI> oads_task.o(.constdata)
</UL>
<P><STRONG><a name="[bd]"></a>oads_ffc2_upd_req_handler</STRONG> (Thumb, 16 bytes, Stack size 0 bytes, oads_task.o(.text))
<BR><BR>[Calls]<UL><LI><a href="#[20]">&gt;&gt;</a>&nbsp;&nbsp;&nbsp;uart_printf_null
</UL>
<BR>[Address Reference Count : 1]<UL><LI> oads_task.o(.constdata)
</UL>
<P><STRONG><a name="[be]"></a>gattc_write_req_ind_handler</STRONG> (Thumb, 282 bytes, Stack size 0 bytes, oads_task.o(.text))
<BR><BR>[Calls]<UL><LI><a href="#[127]">&gt;&gt;</a>&nbsp;&nbsp;&nbsp;__aeabi_memclr
<LI><a href="#[11d]">&gt;&gt;</a>&nbsp;&nbsp;&nbsp;__aeabi_memcpy
<LI><a href="#[1c0]">&gt;&gt;</a>&nbsp;&nbsp;&nbsp;ke_state_get
<LI><a href="#[1bc]">&gt;&gt;</a>&nbsp;&nbsp;&nbsp;ke_msg_send
<LI><a href="#[1bb]">&gt;&gt;</a>&nbsp;&nbsp;&nbsp;ke_msg_alloc
<LI><a href="#[20]">&gt;&gt;</a>&nbsp;&nbsp;&nbsp;uart_printf_null
<LI><a href="#[25f]">&gt;&gt;</a>&nbsp;&nbsp;&nbsp;oadImgBlockWrite
<LI><a href="#[23c]">&gt;&gt;</a>&nbsp;&nbsp;&nbsp;prf_env_get
<LI><a href="#[1f7]">&gt;&gt;</a>&nbsp;&nbsp;&nbsp;oadImgIdentifyWrite
</UL>
<BR>[Address Reference Count : 1]<UL><LI> oads_task.o(.constdata)
</UL>
<P><STRONG><a name="[bf]"></a>gattc_read_req_ind_handler</STRONG> (Thumb, 218 bytes, Stack size 0 bytes, oads_task.o(.text))
<BR><BR>[Calls]<UL><LI><a href="#[138]">&gt;&gt;</a>&nbsp;&nbsp;&nbsp;__aeabi_memclr4
<LI><a href="#[261]">&gt;&gt;</a>&nbsp;&nbsp;&nbsp;__aeabi_memcpy4
<LI><a href="#[11d]">&gt;&gt;</a>&nbsp;&nbsp;&nbsp;__aeabi_memcpy
<LI><a href="#[1c0]">&gt;&gt;</a>&nbsp;&nbsp;&nbsp;ke_state_get
<LI><a href="#[1bc]">&gt;&gt;</a>&nbsp;&nbsp;&nbsp;ke_msg_send
<LI><a href="#[1bb]">&gt;&gt;</a>&nbsp;&nbsp;&nbsp;ke_msg_alloc
<LI><a href="#[20]">&gt;&gt;</a>&nbsp;&nbsp;&nbsp;uart_printf_null
<LI><a href="#[23c]">&gt;&gt;</a>&nbsp;&nbsp;&nbsp;prf_env_get
</UL>
<BR>[Address Reference Count : 1]<UL><LI> oads_task.o(.constdata)
</UL>
<P><STRONG><a name="[c0]"></a>gattc_cmp_evt_handler</STRONG> (Thumb, 4 bytes, Stack size 0 bytes, oads_task.o(.text))
<BR>[Address Reference Count : 1]<UL><LI> oads_task.o(.constdata)
</UL>
<P><STRONG><a name="[26d]"></a>hex</STRONG> (Thumb, 166 bytes, Stack size 0 bytes, user_func.o(.text))
<BR><BR>[Called By]<UL><LI><a href="#[163]">&gt;&gt;</a>&nbsp;&nbsp;&nbsp;hexstr2bin
</UL>

<P><STRONG><a name="[267]"></a>user_gpio_init</STRONG> (Thumb, 426 bytes, Stack size 0 bytes, user_func.o(.text))
<BR><BR>[Calls]<UL><LI><a href="#[131]">&gt;&gt;</a>&nbsp;&nbsp;&nbsp;gpio_set
<LI><a href="#[12f]">&gt;&gt;</a>&nbsp;&nbsp;&nbsp;gpio_config
</UL>
<BR>[Called By]<UL><LI><a href="#[204]">&gt;&gt;</a>&nbsp;&nbsp;&nbsp;user_init
</UL>

<P><STRONG><a name="[35]"></a>_printf_input_char</STRONG> (Thumb, 10 bytes, Stack size 0 bytes, _printf_char_common.o(.text))
<BR>[Address Reference Count : 1]<UL><LI> _printf_char_common.o(.text)
</UL>
<P><STRONG><a name="[291]"></a>_fp_digits</STRONG> (Thumb, 406 bytes, Stack size 0 bytes, _printf_fp_dec.o(.text))
<BR><BR>[Calls]<UL><LI><a href="#[6]">&gt;&gt;</a>&nbsp;&nbsp;&nbsp;__ieee_status (via BLX)
<LI><a href="#[295]">&gt;&gt;</a>&nbsp;&nbsp;&nbsp;_btod_emul (via BLX)
<LI><a href="#[294]">&gt;&gt;</a>&nbsp;&nbsp;&nbsp;_btod_ediv (via BLX)
<LI><a href="#[293]">&gt;&gt;</a>&nbsp;&nbsp;&nbsp;_btod_d2e (via BLX)
<LI><a href="#[292]">&gt;&gt;</a>&nbsp;&nbsp;&nbsp;_btod_etento
<LI><a href="#[28c]">&gt;&gt;</a>&nbsp;&nbsp;&nbsp;_ll_udiv10 (via BLX)
</UL>
<BR>[Called By]<UL><LI><a href="#[296]">&gt;&gt;</a>&nbsp;&nbsp;&nbsp;_printf_fp_dec_real
</UL>
<P>
<H3>
Undefined Global Symbols
</H3>
<P><STRONG><a name="[2a2]"></a>_call_atexit_fns</STRONG> (ARM, 0 bytes, Stack size 0 bytes, UNDEFINED)
<BR><BR>[Called By]<UL><LI><a href="#[10c]">&gt;&gt;</a>&nbsp;&nbsp;&nbsp;exit
</UL>

<P><STRONG><a name="[29b]"></a>_printf_mbtowc</STRONG> (ARM, 0 bytes, Stack size 0 bytes, UNDEFINED)
<BR><BR>[Called By]<UL><LI><a href="#[29a]">&gt;&gt;</a>&nbsp;&nbsp;&nbsp;_printf_cs_common
</UL>

<P><STRONG><a name="[29d]"></a>_printf_wc</STRONG> (ARM, 0 bytes, Stack size 0 bytes, UNDEFINED)
<BR><BR>[Called By]<UL><LI><a href="#[29c]">&gt;&gt;</a>&nbsp;&nbsp;&nbsp;_printf_lcs_common
</UL>
<HR></body></html>
