Component: ARM Compiler 5.06 update 1 (build 61) Tool: armlink [4d35a8]

==============================================================================

Section Cross References

    main.o(.text) refers to bk3633_initial.o(.text) for SysInit
    main.o(.text) refers to icu.o(.text) for icu_init
    main.o(.text) refers to uart_initial.o(.text) for UartDbgInit
    main.o(.text) refers to uart1_initial .o(.text) for Uart1DbgInit
    main.o(.text) refers to uart.o(.text) for uart_printf_null
    main.o(.text) refers to arch_main.o(.text) for rw_main
    boot_handlers.o(SYS_BOOT) refers to __main.o(!!!main) for __main
    boot_handlers.o(SYS_BOOT) refers to boot_handlers.o(Myheap) for bottom_of_heap
    boot_vectors.o(SYS_BOOT) refers to boot_handlers.o(SYS_BOOT) for sys_Reset
    boot_vectors.o(SYS_BOOT) refers to intc.o(sys_irq_entry) for SYSirq_IRQ_Handler
    boot_vectors.o(SYS_BOOT) refers to intc.o(sys_fiq_entry) for SYSirq_FIQ_Handler
    rf_xvr.o(.text) refers to icu.o(.text) for Delay_ms
    rf_xvr.o(.text) refers to uart.o(.text) for uart_printf_null
    rf_xvr.o(.text) refers to rf_xvr.o(.constdata) for .constdata
    rf_xvr.o(.text) refers to rf_xvr.o(.bss) for .bss
    rf_xvr.o(.text) refers to rf_xvr.o(.data) for .data
    icu.o(.text) refers to icu.o(.data) for .data
    icu.o(.text) refers to rf_xvr.o(.bss) for XVR_ANALOG_REG_BAK
    uart_initial.o(.text) refers to uart.o(.text) for uart_printf_null
    uart_initial.o(.text) refers to vsprintf.o(.text) for vsprintf
    uart_initial.o(.text) refers to uart_initial.o(.data) for .data
    uart_initial.o(.text) refers to uart_initial.o(.bss) for .bss
    uart_initial.o(ram_code) refers to uart.o(.text) for store_uart_ringbuf_data
    uart_initial.o(ram_code) refers to user_func.o(.text) for set_at_rsp_ch
    uart_initial.o(ram_code) refers to uart_initial.o(.data) for .data
    uart_initial.o(ram_code) refers to uart_initial.o(.bss) for .bss
    uart_initial.o(.data) refers to uart_initial.o(.bss) for uart_tx_buf
    uart_initial.o(.data) refers to uart_initial.o(.bss) for uart_rx_buf
    uart1_initial .o(.text) refers to vsprintf.o(.text) for vsprintf
    uart1_initial .o(.text) refers to uart1_initial .o(.data) for .data
    uart1_initial .o(.text) refers to uart1_initial .o(.bss) for .bss
    uart1_initial .o(ram_code) refers to user_func.o(.text) for app_send_ble_data
    uart1_initial .o(ram_code) refers to uart1_initial .o(.text) for clear_uart1_buffer
    uart1_initial .o(ram_code) refers to uart1_initial .o(.data) for .data
    uart1_initial .o(ram_code) refers to uart1_initial .o(.bss) for .bss
    uart1_initial .o(ram_code) refers to user_func.o(.data) for dmo_channel
    gpio.o(.text) refers to gpio.o(.data) for .data
    gpio.o(ram_code) refers to uart.o(.text) for uart_printf_null
    gpio.o(ram_code) refers to gpio.o(.data) for .data
    cli_krhino.o(.text) refers to strlen.o(.text) for strlen
    cli_krhino.o(.text) refers to uart_initial.o(.text) for uart_send
    cli_krhino.o(.text) refers to vsprintf.o(.text) for vsprintf
    cli_krhino.o(.text) refers to user_func.o(.text) for get_at_rsp_ch
    cli_krhino.o(.text) refers to strchr.o(.text) for strchr
    cli_krhino.o(.text) refers to strncmp.o(.text) for strncmp
    cli_krhino.o(.text) refers to uart.o(.text) for read_uart_ringbuf_data
    cli_krhino.o(.text) refers to strncpy.o(.text) for strncpy
    cli_krhino.o(.text) refers to cli_krhino.o(.bss) for .bss
    cli_krhino.o(.text) refers to cli_krhino.o(.data) for .data
    cli_krhino.o(.text) refers to strstr.o(.text) for strstr
    cli_krhino.o(.text) refers to rt_memmove_w.o(.text) for __aeabi_memmove4
    cli_krhino.o(.text) refers to strcmp.o(.text) for strcmp
    cli_krhino.o(.text) refers to uart_initial.o(.bss) for uart_rx_buf
    cli_krhino.o(.text) refers to uart_initial.o(.data) for uart_rx_index
    cli_krhino.o(.text) refers to cli_api.o(.constdata) for built_ins
    cli_api.o(.text) refers to cli_krhino.o(.text) for aos_cli_get_tag
    cli_api.o(.text) refers to strlen.o(.text) for strlen
    cli_api.o(.text) refers to atoi.o(.text) for atoi
    cli_api.o(.text) refers to user_func.o(.text) for set_at_mode
    cli_api.o(.text) refers to cli_krhino.o(.data) for cli
    cli_api.o(.text) refers to uart.o(.text) for uart_printf_null
    cli_api.o(.text) refers to cli_api.o(.constdata) for .constdata
    cli_api.o(.text) refers to strcmp.o(.text) for strcmp
    cli_api.o(.text) refers to app_scan.o(.text) for appm_update_scan_state
    cli_api.o(.text) refers to app.o(.text) for appm_disconnect
    cli_api.o(.text) refers to app.o(.bss) for app_env
    cli_api.o(.text) refers to app_adv.o(.text) for appm_update_adv_state
    cli_api.o(.constdata) refers to cli_api.o(.conststring) for .conststring
    cli_api.o(.constdata) refers to cli_api.o(.text) for help_cmd
    intc.o(.text) refers to uart.o(.text) for uart_printf_null
[...]
    timer0_set                               0x00031331   Thumb Code   130  timer.o(.text)
    timer0_0_isr_handler                     0x000313b3   Thumb Code    58  timer.o(.text)
    timer0_1_isr_handler                     0x000313ed   Thumb Code    12  timer.o(.text)
    timer0_2_isr_handler                     0x000313f9   Thumb Code    12  timer.o(.text)
    timer0_init_test                         0x00031405   Thumb Code    40  timer.o(.text)
    timer0_deinit                            0x0003142d   Thumb Code   118  timer.o(.text)
    timer0_en                                0x000314a3   Thumb Code    14  timer.o(.text)
    timer0_disen                             0x000314b1   Thumb Code    14  timer.o(.text)
    timer0_isr                               0x000314bf   Thumb Code    82  timer.o(.text)
    wdt_disable                              0x000315fd   Thumb Code    16  wdt.o(.text)
    wdt_enable                               0x0003160d   Thumb Code    18  wdt.o(.text)
    wdt_feed                                 0x0003161f   Thumb Code    12  wdt.o(.text)
    wdt_reset                                0x0003162b   Thumb Code    18  wdt.o(.text)
    adc_init                                 0x00031641   Thumb Code    78  adc.o(.text)
    adc_deinit                               0x0003168f   Thumb Code    48  adc.o(.text)
    adc_isr                                  0x000316bf   Thumb Code    36  adc.o(.text)
    adc_get_value                            0x000316e3   Thumb Code    96  adc.o(.text)
    calib_adc                                0x00031743   Thumb Code   104  adc.o(.text)
    appm_init                                0x000317f5   Thumb Code   124  app.o(.text)
    appm_add_svc                             0x00031871   Thumb Code    44  app.o(.text)
    appm_disconnect                          0x0003189d   Thumb Code    30  app.o(.text)
    appm_update_param                        0x000318bb   Thumb Code    56  app.o(.text)
    appc_le_data_length_update_req           0x000318f3   Thumb Code    66  app.o(.text)
    appc_gatt_mtu_change                     0x00031935   Thumb Code    76  app.o(.text)
    appm_delete_advertising                  0x000319f1   Thumb Code    32  app_adv.o(.text)
    appm_adv_fsm_next                        0x00031a95   Thumb Code   262  app_adv.o(.text)
    app_gapm_adv_check_data_sanity           0x00031b9b   Thumb Code   120  app_adv.o(.text)
    appm_updata_adv_data                     0x00031c13   Thumb Code   126  app_adv.o(.text)
    appm_update_adv_state                    0x00031c91   Thumb Code    20  app_adv.o(.text)
    appm_delete_scaning                      0x00031d97   Thumb Code    34  app_scan.o(.text)
    appm_scan_fsm_next                       0x00031db9   Thumb Code    96  app_scan.o(.text)
    appm_update_scan_state                   0x00031e19   Thumb Code     2  app_scan.o(.text)
    appm_adv_data_decode_name                0x00031e1b   Thumb Code    88  app_scan.o(.text)
    appm_adv_data_decode                     0x00031e73   Thumb Code   208  app_scan.o(.text)
    appm_set_connect_dev_addr                0x00032101   Thumb Code    14  app_init.o(.text)
    appm_get_connect_dev_addr                0x0003210f   Thumb Code    12  app_init.o(.text)
    appm_start_connecting                    0x0003211b   Thumb Code   244  app_init.o(.text)
    appm_stop_connencting                    0x0003220f   Thumb Code    62  app_init.o(.text)
    appm_init_fsm_next                       0x0003224d   Thumb Code    76  app_init.o(.text)
    appm_update_init_state                   0x00032299   Thumb Code     2  app_init.o(.text)
    appc_write_service_data_req              0x0003229b   Thumb Code   182  app_init.o(.text)
    appc_write_service_ntf_cfg_req           0x00032351   Thumb Code   132  app_init.o(.text)
    appm_read_service_data_by_uuid_req       0x000323d5   Thumb Code   102  app_init.o(.text)
    appm_read_service_data_by_handle_req     0x0003243b   Thumb Code    84  app_init.o(.text)
    appm_read_service_ntf_ind_cfg_by_handle_req 0x0003248f   Thumb Code   614  app_init.o(.text)
    appm_read_service_userDesc_by_handle_req 0x000326f5   Thumb Code    84  app_init.o(.text)
    app_batt_init                            0x000327bd   Thumb Code    12  app_batt.o(.text)
    app_batt_add_bas                         0x000327c9   Thumb Code    44  app_batt.o(.text)
    app_batt_enable_prf                      0x000327f5   Thumb Code    46  app_batt.o(.text)
    app_batt_send_lvl                        0x00032823   Thumb Code    34  app_batt.o(.text)
    app_dis_init                             0x0003291d   Thumb Code     2  app_dis.o(.text)
    app_dis_add_dis                          0x0003291f   Thumb Code    42  app_dis.o(.text)
    app_sec_init                             0x000329b5   Thumb Code    46  app_sec.o(.text)
    app_sec_get_bond_status                  0x000329e3   Thumb Code     6  app_sec.o(.text)
    app_sec_remove_bond                      0x000329e9   Thumb Code    44  app_sec.o(.text)
    app_sec_send_security_req                0x00032a15   Thumb Code    40  app_sec.o(.text)
    app_sec_send_bond_cmd                    0x00032a3d   Thumb Code    52  app_sec.o(.text)
    gapm_operation_key2str                   0x00032d89   Thumb Code    34  app_task.o(.text)
    gapc_operation_key2str                   0x00032dab   Thumb Code    34  app_task.o(.text)
    app_fee0_init                            0x00033e89   Thumb Code    12  app_fee0.o(.text)
    app_fee0_add_fee0s                       0x00033e95   Thumb Code    60  app_fee0.o(.text)
    app_fee4_send_ntf                        0x00033ed1   Thumb Code   110  app_fee0.o(.text)
    app_fee5_send_ind                        0x00033f3f   Thumb Code    58  app_fee0.o(.text)
    app_add_sdp_fee0_srv                     0x0003406f   Thumb Code   210  app_fee0.o(.text)
    app_fcc0_init                            0x00034275   Thumb Code     8  app_fcc0.o(.text)
    app_fcc0_add_fcc0s                       0x0003427d   Thumb Code    42  app_fcc0.o(.text)
    app_fcc2_send_ntf                        0x000342a7   Thumb Code    50  app_fcc0.o(.text)
    app_oads_init                            0x000343cd   Thumb Code     8  app_oads.o(.text)
    app_oad_add_oads                         0x000343d5   Thumb Code    56  app_oads.o(.text)
    app_oads_enable_prf                      0x0003440d   Thumb Code    42  app_oads.o(.text)
    app_ffc1_ntf_req                         0x00034487   Thumb Code    44  app_oads.o(.text)
    app_ffc2_ntf_req                         0x000344b3   Thumb Code    46  app_oads.o(.text)
    nvds_init                                0x000345e3   Thumb Code    60  nvds.o(.text)
    nvds_get                                 0x0003461f   Thumb Code    62  nvds.o(.text)
    nvds_del                                 0x0003465d   Thumb Code    52  nvds.o(.text)
    nvds_lock                                0x00034691   Thumb Code    44  nvds.o(.text)
    nvds_put                                 0x000346bd   Thumb Code   218  nvds.o(.text)
    get_stack_usage                          0x00034865   Thumb Code   126  arch_main.o(.text)
    bdaddr_env_init                          0x000348e3   Thumb Code    70  arch_main.o(.text)
    platform_reset                           0x00034929   Thumb Code    46  arch_main.o(.text)
    rw_main                                  0x00034957   Thumb Code   210  arch_main.o(.text)
    rwip_sleep                               0x00034bc9   Thumb Code   256  rwip_driver.o(.text)
    rwip_driver_init                         0x00034cc9   Thumb Code   380  rwip_driver.o(.text)
    rwip_isr                                 0x00034e45   Thumb Code   144  rwip_driver.o(.text)
    prf_pack_char_pres_fmt                   0x00035085   Thumb Code    30  prf_utils.o(.text)
    prf_read_char_send                       0x000350a3   Thumb Code    46  prf_utils.o(.text)
    prf_register_atthdl2gatt                 0x000350d1   Thumb Code    52  prf_utils.o(.text)
    prf_unregister_atthdl2gatt               0x00035105   Thumb Code    52  prf_utils.o(.text)
    prf_disc_svc_send                        0x00035139   Thumb Code    58  prf_utils.o(.text)
    prf_disc_svc_send_uuid128                0x00035173   Thumb Code    64  prf_utils.o(.text)
    prf_gatt_write                           0x000351b3   Thumb Code    86  prf_utils.o(.text)
    prf_gatt_write_ntf_ind                   0x00035209   Thumb Code    30  prf_utils.o(.text)
    prf_check_svc_char_validity              0x00035227   Thumb Code    66  prf_utils.o(.text)
    prf_check_svc_char_desc_validity         0x00035269   Thumb Code    64  prf_utils.o(.text)
    prf_extract_svc_info                     0x000352a9   Thumb Code   316  prf_utils.o(.text)
    prf_client_att_info_rsp                  0x000353e5   Thumb Code    86  prf_utils.o(.text)
    prf_pack_date_time                       0x0003543b   Thumb Code    32  prf_utils.o(.text)
    prf_unpack_date_time                     0x0003545b   Thumb Code    34  prf_utils.o(.text)
    prf_init                                 0x000354c9   Thumb Code   108  prf.o(.text)
    prf_add_profile                          0x00035535   Thumb Code   130  prf.o(.text)
    prf_create                               0x000355b7   Thumb Code    44  prf.o(.text)
    prf_cleanup                              0x000355e3   Thumb Code    48  prf.o(.text)
    prf_env_get                              0x00035613   Thumb Code    44  prf.o(.text)
    prf_src_task_get                         0x0003563f   Thumb Code    16  prf.o(.text)
    prf_dst_task_get                         0x0003564f   Thumb Code    16  prf.o(.text)
    prf_get_id_from_task                     0x0003565f   Thumb Code    52  prf.o(.text)
    prf_get_task_from_id                     0x00035693   Thumb Code    52  prf.o(.text)
    prf_env_get_from_uuid                    0x000356c7   Thumb Code   110  prf.o(.text)
    prf_env_get_from_handle                  0x00035735   Thumb Code   140  prf.o(.text)
    diss_compute_cfg_flag                    0x000357c5   Thumb Code    40  diss.o(.text)
    diss_prf_itf_get                         0x00035897   Thumb Code     6  diss.o(.text)
    diss_handle_to_value                     0x0003589d   Thumb Code    54  diss.o(.text)
    diss_value_to_handle                     0x000358d3   Thumb Code    60  diss.o(.text)
    diss_check_val_len                       0x0003590f   Thumb Code    42  diss.o(.text)
    diss_task_init                           0x00035b07   Thumb Code    28  diss_task.o(.text)
    fee0s_get_att_handle                     0x00035c5f   Thumb Code    28  fee0s.o(.text)
    fee0s_notify_fee4_val                    0x00035c7b   Thumb Code    76  fee0s.o(.text)
    fee0s_indicate_fee5_val                  0x00035cc7   Thumb Code    76  fee0s.o(.text)
    fee0s_prf_itf_get                        0x00035d13   Thumb Code     6  fee0s.o(.text)
    fee0s_get_att_idx                        0x00035d19   Thumb Code    32  fee0s.o(.text)
    fee0s_task_init                          0x00036131   Thumb Code   216  fee0s_task.o(.text)
    bass_get_att_handle                      0x0003638b   Thumb Code   124  bass.o(.text)
    bass_prf_itf_get                         0x00036447   Thumb Code     6  bass.o(.text)
    bass_get_att_idx                         0x0003644d   Thumb Code   144  bass.o(.text)
    bass_exe_operation                       0x000364dd   Thumb Code   238  bass.o(.text)
    bass_task_init                           0x0003686f   Thumb Code    28  bass_task.o(.text)
    sdp_service_init                         0x0003689d   Thumb Code    66  sdp_service.o(.text)
    sdp_service_free_env_find                0x000368df   Thumb Code    28  sdp_service.o(.text)
    sdp_prf_itf_get                          0x00036c1b   Thumb Code     6  sdp_service.o(.text)
    sdp_discover_all_service                 0x00036c21   Thumb Code    64  sdp_service.o(.text)
    sdp_discover_service                     0x00036c61   Thumb Code   872  sdp_service.o(.text)
    check_enough_mem_add_service             0x00036fc9   Thumb Code    20  sdp_service.o(.text)
    sdp_extract_svc_info                     0x00036fdd   Thumb Code   706  sdp_service.o(.text)
    sdp_add_profiles                         0x0003729f   Thumb Code    96  sdp_service.o(.text)
    sdp_enable_rsp_send                      0x000372ff   Thumb Code    42  sdp_service.o(.text)
    sdp_enable_all_server_ntf_ind            0x00037559   Thumb Code   260  sdp_service.o(.text)
    sdp_prf_register_all_atthdl2gatt         0x0003765d   Thumb Code    66  sdp_service.o(.text)
    sdp_add_profiles_num_get                 0x0003769f   Thumb Code     8  sdp_service.o(.text)
    sdp_task_init                            0x00037b11   Thumb Code    30  sdp_service_task.o(.text)
    oad_save_reciveData                      0x00037e91   Thumb Code    32  oads.o(.text)
    oad_updating_user_section_begin          0x00037eb1   Thumb Code    38  oads.o(.text)
    oad_updating_user_section_pro            0x00037ed7   Thumb Code   166  oads.o(.text)
    oad_updating_user_section_end            0x00037f7d   Thumb Code    18  oads.o(.text)
    oadImgIdentifyWrite                      0x00038071   Thumb Code   834  oads.o(.text)
    oadImgBlockWrite                         0x000383b3   Thumb Code   364  oads.o(.text)
    oads_prf_itf_get                         0x0003851f   Thumb Code     4  oads.o(.text)
    oads_task_init                           0x00038879   Thumb Code    30  oads_task.o(.text)
    user_info_need_save                      0x00038921   Thumb Code     8  user_func.o(.text)
    erase_user_info                          0x00038929   Thumb Code    36  user_func.o(.text)
    save_user_info_to_flash                  0x0003894d   Thumb Code    48  user_func.o(.text)
    app_wdt_feed                             0x0003897d   Thumb Code    18  user_func.o(.text)
    copy_ble_parm                            0x0003898f   Thumb Code    20  user_func.o(.text)
    baudrate_check                           0x000389a3   Thumb Code   138  user_func.o(.text)
    get_baudrate                             0x00038a2d   Thumb Code    30  user_func.o(.text)
    set_ble_buf_size                         0x00038a4b   Thumb Code    32  user_func.o(.text)
    user_init                                0x00038a6b   Thumb Code   106  user_func.o(.text)
    get_adc_en_status                        0x00038ad5   Thumb Code     6  user_func.o(.text)
    set_adc_func                             0x00038adb   Thumb Code    20  user_func.o(.text)
    get_adc_count                            0x00038aef   Thumb Code     8  user_func.o(.text)
    adc_task                                 0x00038af7   Thumb Code   124  user_func.o(.text)
    gpio_status_display                      0x00038b73   Thumb Code    36  user_func.o(.text)
    gpio_task                                0x00038b97   Thumb Code     6  user_func.o(.text)
    user_task                                0x00038b9d   Thumb Code    30  user_func.o(.text)
    reverse                                  0x00038bbb   Thumb Code    30  user_func.o(.text)
    mac_search                               0x00038bd9   Thumb Code    92  user_func.o(.text)
    channel_search                           0x00038c35   Thumb Code   134  user_func.o(.text)
    free_channel_search                      0x00038cbb   Thumb Code    60  user_func.o(.text)
    hexstr2bin                               0x00038d9d   Thumb Code   122  user_func.o(.text)
    set_at_rsp_ch                            0x00038e17   Thumb Code     6  user_func.o(.text)
    get_at_rsp_ch                            0x00038e1d   Thumb Code     6  user_func.o(.text)
    set_at_mode                              0x00038e23   Thumb Code     6  user_func.o(.text)
    get_at_mode                              0x00038e29   Thumb Code     6  user_func.o(.text)
    set_data_mode                            0x00038e2f   Thumb Code     6  user_func.o(.text)
    get_data_mode                            0x00038e35   Thumb Code     6  user_func.o(.text)
    set_fw_version                           0x00038e3b   Thumb Code    16  user_func.o(.text)
    get_fw_version                           0x00038e4b   Thumb Code    14  user_func.o(.text)
    set_version_time                         0x00038e59   Thumb Code    16  user_func.o(.text)
    get_version_time                         0x00038e69   Thumb Code    14  user_func.o(.text)
    set_sn                                   0x00038e77   Thumb Code    16  user_func.o(.text)
    get_sn                                   0x00038e87   Thumb Code    14  user_func.o(.text)
    set_uuid                                 0x00038e95   Thumb Code    16  user_func.o(.text)
    get_uuid                                 0x00038ea5   Thumb Code    14  user_func.o(.text)
    set_product_name                         0x00038eb3   Thumb Code    30  user_func.o(.text)
    get_product_name                         0x00038ed1   Thumb Code    32  user_func.o(.text)
    set_wdt_state                            0x00038ef1   Thumb Code    30  user_func.o(.text)
    get_wdt_state                            0x00038f0f   Thumb Code     8  user_func.o(.text)
    set_wdt_time                             0x00038f17   Thumb Code    22  user_func.o(.text)
    get_wdt_time                             0x00038f2d   Thumb Code     8  user_func.o(.text)
    set_dev_mode                             0x00038f35   Thumb Code     8  user_func.o(.text)
    get_dev_mode                             0x00038f3d   Thumb Code     8  user_func.o(.text)
    set_sleep_interval                       0x00038f45   Thumb Code     8  user_func.o(.text)
    get_sleep_interval                       0x00038f4d   Thumb Code    12  user_func.o(.text)
    get_adc_func                             0x00038f59   Thumb Code     8  user_func.o(.text)
    set_adc_threshold                        0x00038f61   Thumb Code    20  user_func.o(.text)
    get_adc_threshold                        0x00038f75   Thumb Code    20  user_func.o(.text)
    set_adc_interval                         0x00038f89   Thumb Code     8  user_func.o(.text)
    get_adc_interval                         0x00038f91   Thumb Code     8  user_func.o(.text)
    set_adc_count                            0x00038f99   Thumb Code     8  user_func.o(.text)
    get_adc_val                              0x00038fa1   Thumb Code    14  user_func.o(.text)
    get_ble_buf_size                         0x00038faf   Thumb Code     8  user_func.o(.text)
    set_ble_name                             0x00038fb7   Thumb Code    52  user_func.o(.text)
    get_ble_name                             0x00038feb   Thumb Code    44  user_func.o(.text)
    get_ble_state                            0x00039017   Thumb Code    26  user_func.o(.text)
    set_ble_mac                              0x00039031   Thumb Code    70  user_func.o(.text)
    get_ble_mac                              0x00039077   Thumb Code    80  user_func.o(.text)
    set_ble_power                            0x000390c7   Thumb Code    16  user_func.o(.text)
    get_ble_power                            0x000390d7   Thumb Code     8  user_func.o(.text)
    get_ble_rssi                             0x000390df   Thumb Code    28  user_func.o(.text)
    set_ble_pincode                          0x000390fb   Thumb Code    32  user_func.o(.text)
    get_ble_pincode                          0x0003911b   Thumb Code    20  user_func.o(.text)
    user_remove_bond                         0x0003912f   Thumb Code    34  user_func.o(.text)
    set_connect_start                        0x00039151   Thumb Code    14  user_func.o(.text)
    set_ble_auto_connect                     0x0003915f   Thumb Code    60  user_func.o(.text)
    get_ble_auto_connect                     0x0003919b   Thumb Code     8  user_func.o(.text)
    set_auto_connect_parm                    0x000391a3   Thumb Code    24  user_func.o(.text)
    get_auto_connect_parm                    0x000391bb   Thumb Code    20  user_func.o(.text)
    appm_scan_adv_repor                      0x000391cf   Thumb Code   304  user_func.o(.text)
    appm_adv_report_filter_free              0x000392ff   Thumb Code    28  user_func.o(.text)
    appm_add_adv_report_to_filter            0x0003931b   Thumb Code   250  user_func.o(.text)
    set_ble_parm                             0x00039415   Thumb Code    92  user_func.o(.text)
    get_ble_parm                             0x00039471   Thumb Code    14  user_func.o(.text)
    set_baudrate                             0x0003947f   Thumb Code    52  user_func.o(.text)
    soft_reset                               0x000394b3   Thumb Code    10  user_func.o(.text)
    app_connect_device_info_get              0x000394bd   Thumb Code   144  user_func.o(.text)
    app_send_at_cmd                          0x0003954d   Thumb Code    82  user_func.o(.text)
    app_send_ble_data                        0x0003959f   Thumb Code    52  user_func.o(.text)
    set_gpio_status                          0x000395d3   Thumb Code     8  user_func.o(.text)
    malloc                                   0x00039785   Thumb Code    98  h1_alloc.o(.text)
    free                                     0x000397e7   Thumb Code    76  h1_free.o(.text)
    vsprintf                                 0x00039835   Thumb Code    32  vsprintf.o(.text)
    __2sprintf                               0x00039859   Thumb Code    40  __2sprintf.o(.text)
    Inline ARM to Thumb Veneer to _printf_int_dec 0x00039884   ARM Code       8  _printf_dec.o(.text)
    _printf_int_dec                          0x0003988d   Thumb Code    90  _printf_dec.o(.text)
    __printf                                 0x000398f9   Thumb Code   386  __printf_flags_ss_wp.o(.text)
    atoi                                     0x00039a81   Thumb Code    26  atoi.o(.text)
    strchr                                   0x00039a9b   Thumb Code    22  strchr.o(.text)
    strstr                                   0x00039ab1   Thumb Code    40  strstr.o(.text)
    strlen                                   0x00039ad9   Thumb Code    62  strlen.o(.text)
    strncmp                                  0x00039b1d   Thumb Code   144  strncmp.o(.text)
    __aeabi_memmove4                         0x00039bb0   ARM Code       0  rt_memmove_w.o(.text)
    __aeabi_memmove8                         0x00039bb0   ARM Code       0  rt_memmove_w.o(.text)
    __rt_memmove_w                           0x00039bb0   ARM Code     128  rt_memmove_w.o(.text)
    __memmove_aligned                        0x00039bdc   ARM Code       0  rt_memmove_w.o(.text)
    __memmove_lastfew_aligned                0x00039c18   ARM Code       0  rt_memmove_w.o(.text)
    strncpy                                  0x00039c30   ARM Code     104  strncpy.o(.text)
    strcmp                                   0x00039c9c   ARM Code     240  strcmp.o(.text)
    __rt_heap_descriptor                     0x00039d90   ARM Code      12  rt_heap_descriptor_intlibspace.o(.text)
    __aeabi_errno_addr                       0x00039d9c   ARM Code      12  rt_errno_addr_intlibspace.o(.text)
    __errno$intlibspace                      0x00039d9c   ARM Code       0  rt_errno_addr_intlibspace.o(.text)
    __rt_errno_addr$intlibspace              0x00039d9c   ARM Code       0  rt_errno_addr_intlibspace.o(.text)
    __use_no_heap                            0x00039da9   Thumb Code     2  hguard.o(.text)
    __heap$guard                             0x00039dab   Thumb Code     2  hguard.o(.text)
    _terminate_user_alloc                    0x00039dad   Thumb Code     2  init_alloc.o(.text)
    _init_user_alloc                         0x00039daf   Thumb Code     2  init_alloc.o(.text)
    __Heap_Full                              0x00039db1   Thumb Code    32  init_alloc.o(.text)
    __Heap_Broken                            0x00039dd1   Thumb Code    10  init_alloc.o(.text)
    _init_alloc                              0x00039ddb   Thumb Code    90  init_alloc.o(.text)
    __Heap_Initialize                        0x00039e35   Thumb Code    10  h1_init.o(.text)
    __Heap_DescSize                          0x00039e3f   Thumb Code     4  h1_init.o(.text)
    _printf_pre_padding                      0x00039e43   Thumb Code    44  _printf_pad.o(.text)
    _printf_post_padding                     0x00039e6f   Thumb Code    34  _printf_pad.o(.text)
    _printf_truncate_signed                  0x00039e91   Thumb Code    22  _printf_truncate.o(.text)
    _printf_truncate_unsigned                0x00039ea7   Thumb Code    22  _printf_truncate.o(.text)
    _printf_str                              0x00039ebd   Thumb Code    82  _printf_str.o(.text)
    _printf_int_common                       0x00039f0f   Thumb Code   176  _printf_intcommon.o(.text)
    Inline ARM to Thumb Veneer to _printf_charcount 0x00039fc0   ARM Code       8  _printf_charcount.o(.text)
    _printf_charcount                        0x00039fc9   Thumb Code    38  _printf_charcount.o(.text)
    _printf_char_common                      0x00039ffb   Thumb Code    32  _printf_char_common.o(.text)
    _sputc                                   0x0003a021   Thumb Code    10  _sputc.o(.text)
    _printf_wctomb                           0x0003a02d   Thumb Code   182  _printf_wctomb.o(.text)
    Inline ARM to Thumb Veneer to _printf_longlong_dec 0x0003a0e8   ARM Code       8  _printf_longlong_dec.o(.text)
    _printf_longlong_dec                     0x0003a0f1   Thumb Code    94  _printf_longlong_dec.o(.text)
    Inline ARM to Thumb Veneer to _printf_int_oct 0x0003a160   ARM Code       8  _printf_oct_int_ll.o(.text)
    _printf_longlong_oct                     0x0003a169   Thumb Code    68  _printf_oct_int_ll.o(.text)
    _printf_int_oct                          0x0003a1ad   Thumb Code    24  _printf_oct_int_ll.o(.text)
    _printf_ll_oct                           0x0003a1c5   Thumb Code    10  _printf_oct_int_ll.o(.text)
    Inline ARM to Thumb Veneer to _printf_hex_ptr 0x0003a1d8   ARM Code       8  _printf_hex_int_ll_ptr.o(.text)
    _printf_longlong_hex                     0x0003a1e1   Thumb Code    88  _printf_hex_int_ll_ptr.o(.text)
    _printf_int_hex                          0x0003a239   Thumb Code    28  _printf_hex_int_ll_ptr.o(.text)
    _printf_ll_hex                           0x0003a255   Thumb Code    10  _printf_hex_int_ll_ptr.o(.text)
    _printf_hex_ptr                          0x0003a25f   Thumb Code    22  _printf_hex_int_ll_ptr.o(.text)
    strtol                                   0x0003a279   Thumb Code   108  strtol.o(.text)
    __rt_udiv10                              0x0003a2e8   ARM Code      44  rtudiv10.o(.text)
    __user_libspace                          0x0003a314   ARM Code      12  libspace.o(.text)
    __user_perproc_libspace                  0x0003a314   ARM Code       0  libspace.o(.text)
    __user_perthread_libspace                0x0003a314   ARM Code       0  libspace.o(.text)
    __rt_ctype_table                         0x0003a320   ARM Code      20  rt_ctype_table.o(.text)
    __Heap_ProvideMemory                     0x0003a335   Thumb Code    52  h1_extend.o(.text)
    _ll_udiv10                               0x0003a368   ARM Code     152  lludiv10.o(.text)
    __lib_sel_fp_printf                      0x0003a401   Thumb Code     2  _printf_fp_dec.o(.text)
    _printf_fp_dec_real                      0x0003a599   Thumb Code   620  _printf_fp_dec.o(.text)
    Inline ARM to Thumb Veneer to _printf_fp_hex_real 0x0003a810   ARM Code       8  _printf_fp_hex.o(.text)
    _printf_fp_hex_real                      0x0003a819   Thumb Code   714  _printf_fp_hex.o(.text)
    Inline ARM to Thumb Veneer to _printf_char 0x0003aaec   ARM Code       8  _printf_char.o(.text)
    _printf_cs_common                        0x0003aaf5   Thumb Code    22  _printf_char.o(.text)
    _printf_char                             0x0003ab0b   Thumb Code    16  _printf_char.o(.text)
    _printf_string                           0x0003ab1b   Thumb Code     8  _printf_char.o(.text)
    Inline ARM to Thumb Veneer to _printf_wchar 0x0003ab24   ARM Code       8  _printf_wchar.o(.text)
    _printf_lcs_common                       0x0003ab2d   Thumb Code    22  _printf_wchar.o(.text)
    _printf_wchar                            0x0003ab43   Thumb Code    16  _printf_wchar.o(.text)
    _printf_wstring                          0x0003ab53   Thumb Code     8  _printf_wchar.o(.text)
    _strtoul                                 0x0003ab5b   Thumb Code   168  _strtoul.o(.text)
    _wcrtomb                                 0x0003ac03   Thumb Code    64  _wcrtomb.o(.text)
    __rt_SIGRTMEM                            0x0003ac43   Thumb Code    12  defsig_rtmem_outer.o(.text)
    __rt_heap_escrow                         0x0003ac51   Thumb Code    24  heapauxa.o(.text)
    __rt_heap_expand                         0x0003ac69   Thumb Code    52  heapauxa.o(.text)
    __I$use$semihosting                      0x0003aca0   ARM Code       0  use_no_semi.o(.text)
    __use_no_semihosting_swi                 0x0003aca0   ARM Code       4  use_no_semi.o(.text)
    __semihosting_library_function           0x0003aca4   ARM Code       0  indicate_semi.o(.text)
    __user_setup_stackheap                   0x0003aca4   ARM Code      96  sys_stackheap_outer.o(.text)
    __rt_locale                              0x0003ad04   ARM Code      12  rt_locale_intlibspace.o(.text)
    _printf_fp_infnan                        0x0003ad11   Thumb Code   120  _printf_fp_infnan.o(.text)
    _chval                                   0x0003ad99   Thumb Code    30  _chval.o(.text)
    _btod_etento                             0x0003adb9   Thumb Code   202  bigflt0.o(.text)
    exit                                     0x0003ae89   Thumb Code    16  exit.o(.text)
    __sig_exit                               0x0003ae99   Thumb Code    12  defsig_exit.o(.text)
    __rt_SIGRTMEM_inner                      0x0003aea5   Thumb Code    22  defsig_rtmem_inner.o(.text)
    _sys_exit                                0x0003aef5   Thumb Code     8  sys_exit.o(.text)
    __default_signal_display                 0x0003af01   Thumb Code    52  defsig_general.o(.text)
    _ttywrch                                 0x0003af35   Thumb Code    12  sys_wrch.o(.text)
    _btod_d2e                                0x0003af40   ARM Code      56  btod.o(CL$$btod_d2e)
    _d2e_denorm_low                          0x0003af78   ARM Code      84  btod.o(CL$$btod_d2e_denorm_low)
    _d2e_norm_op1                            0x0003afcc   ARM Code     104  btod.o(CL$$btod_d2e_norm_op1)
    __btod_div_common                        0x0003b034   ARM Code     712  btod.o(CL$$btod_div_common)
    _e2e                                     0x0003b37c   ARM Code     220  btod.o(CL$$btod_e2e)
    _btod_ediv                               0x0003b458   ARM Code      48  btod.o(CL$$btod_ediv)
    _btod_emul                               0x0003b488   ARM Code      48  btod.o(CL$$btod_emul)
    __btod_mult_common                       0x0003b4b8   ARM Code     612  btod.o(CL$$btod_mult_common)
    Long ARM to Thumb Veneer to _printf_int_hex 0x0003b71c   ARM Code       8  anon$$obj.o(Veneer$$Code)
    Long ARM to Thumb Veneer to _printf_ll_oct 0x0003b724   ARM Code       8  anon$$obj.o(Veneer$$Code)
    Long ARM to Thumb Veneer to _printf_ll_hex 0x0003b72c   ARM Code       8  anon$$obj.o(Veneer$$Code)
    Long ARM to Thumb Veneer to _printf_string 0x0003b734   ARM Code       8  anon$$obj.o(Veneer$$Code)
    Long ARM to Thumb Veneer to _printf_wstring 0x0003b73c   ARM Code       8  anon$$obj.o(Veneer$$Code)
    Long ARM to Thumb Veneer to __aeabi_memcpy4 0x0003b744   ARM Code       8  anon$$obj.o(Veneer$$Code)
    Long ARM to Thumb Veneer to _printf_fp_dec_real 0x0003b74c   ARM Code       8  anon$$obj.o(Veneer$$Code)
    __ARM_fpclassify                         0x0003b754   ARM Code      44  fpclassify.o(i.__ARM_fpclassify)
    _is_digit                                0x0003b785   Thumb Code    14  __printf_wp.o(i._is_digit)
    _get_lc_ctype                            0x0003b794   ARM Code      72  lc_ctype_c.o(locale$$code)
    _get_lc_numeric                          0x0003b7dc   ARM Code      72  lc_numeric_c.o(locale$$code)
    __aeabi_ui2d                             0x0003b824   ARM Code       0  dflt_clz.o(x$fpl$dfltu)
    _dfltu                                   0x0003b824   ARM Code      44  dflt_clz.o(x$fpl$dfltu)
    __aeabi_dmul                             0x0003b850   ARM Code       0  dmul.o(x$fpl$dmul)
    _dmul                                    0x0003b850   ARM Code     364  dmul.o(x$fpl$dmul)
    __fpl_dnaninf                            0x0003b9c8   ARM Code     184  dnaninf.o(x$fpl$dnaninf)
    __fpl_dretinf                            0x0003ba80   ARM Code      16  dretinf.o(x$fpl$dretinf)
    __ieee_status                            0x0003ba90   ARM Code       8  istatus.o(x$fpl$ieeestatus)
    _printf_fp_dec                           0x0003ba98   ARM Code       4  printf1.o(x$fpl$printf1)
    _printf_fp_hex                           0x0003ba9c   ARM Code       4  printf2.o(x$fpl$printf2)
    __I$use$fp                               0x0003baa0   Number         0  usenofp.o(x$fpl$usenofp)
    built_ins                                0x0003bab0   Data         360  cli_api.o(.constdata)
    app_batt_msg_handler_list                0x0003bde4   Data          32  app_batt.o(.constdata)
    app_batt_handlers                        0x0003be04   Data           8  app_batt.o(.constdata)
    app_dis_msg_handler_list                 0x0003be60   Data           8  app_dis.o(.constdata)
    app_dis_handlers                         0x0003be68   Data           8  app_dis.o(.constdata)
    app_sec_msg_handler_list                 0x0003beec   Data          48  app_sec.o(.constdata)
    app_sec_handlers                         0x0003bf1c   Data           8  app_sec.o(.constdata)
    gapm_operation_str                       0x0003bf24   Data        2805  app_task.o(.constdata)
    gapc_operation_str                       0x0003ca19   Data        1530  app_task.o(.constdata)
    TASK_DESC_APP                            0x0003d2c4   Data          12  app_task.o(.constdata)
    app_fee0_msg_handler_list                0x0003d2d0   Data          56  app_fee0.o(.constdata)
    app_fee0_handler                         0x0003d308   Data           8  app_fee0.o(.constdata)
    app_fcc0_msg_handler_list                0x0003d384   Data          32  app_fcc0.o(.constdata)
    app_fcc0_handler                         0x0003d3a4   Data           8  app_fcc0.o(.constdata)
    app_oads_msg_handler_list                0x0003d3e0   Data          48  app_oads.o(.constdata)
    app_oads_handler                         0x0003d410   Data           8  app_oads.o(.constdata)
    diss_att_db                              0x0003d4c4   Data         152  diss.o(.constdata)
    diss_itf                                 0x0003d55c   Data          16  diss.o(.constdata)
    fee0_att_db                              0x0003d584   Data         112  fee0s.o(.constdata)
    fee0s_itf                                0x0003d5f4   Data          16  fee0s.o(.constdata)
    bas_att_db                               0x0003d6e0   Data          40  bass.o(.constdata)
    bass_itf                                 0x0003d708   Data          16  bass.o(.constdata)
    sdp_itf                                  0x0003d748   Data          16  sdp_service.o(.constdata)
    oads_att_db                              0x0003d88c   Data          72  oads.o(.constdata)
    oads_itf                                 0x0003d8d4   Data          16  oads.o(.constdata)
    Region$$Table$$Base                      0x0003e02c   Number         0  anon$$obj.o(Region$$Table)
    Region$$Table$$Limit                     0x0003e05c   Number         0  anon$$obj.o(Region$$Table)
    __ctype                                  0x0003e069   Data           0  lc_ctype_c.o(locale$$data)
    Load$$RAM_DATA$$Base                     0x0003e188   Number         0  anon$$obj.o ABSOLUTE
    UART0ISR                                 0x003f0001   Thumb Code    82  uart_initial.o(ram_code)
    UART1ISR                                 0x003f0061   Thumb Code    82  uart1_initial .o(ram_code)
    gpio_isr                                 0x003f00c5   Thumb Code    32  gpio.o(ram_code)
    intc_irq                                 0x003f00fd   Thumb Code   130  intc.o(ram_code)
    pwm0_isr                                 0x003f0185   Thumb Code    52  pwm.o(ram_code)
    pwm1_isr                                 0x003f01b9   Thumb Code    54  pwm.o(ram_code)
    timer0_init                              0x003f01fd   Thumb Code   170  timer.o(ram_code)
    co_default_bdaddr                        0x00400068   Data           0  peripheral_stack_symbol.txt ABSOLUTE
    gapc_env                                 0x0040008c   Data           0  peripheral_stack_symbol.txt ABSOLUTE
    gapc_state                               0x00400094   Data           0  peripheral_stack_symbol.txt ABSOLUTE
    gapm_state                               0x00400096   Data           0  peripheral_stack_symbol.txt ABSOLUTE
    gattc_env                                0x00400098   Data           0  peripheral_stack_symbol.txt ABSOLUTE
    gattc_state                              0x004000a0   Data           0  peripheral_stack_symbol.txt ABSOLUTE
    gattm_state                              0x004000a2   Data           0  peripheral_stack_symbol.txt ABSOLUTE
    l2cc_env                                 0x004000a4   Data           0  peripheral_stack_symbol.txt ABSOLUTE
    l2cc_state                               0x004000ac   Data           0  peripheral_stack_symbol.txt ABSOLUTE
    ke_env                                   0x004000c8   Data           0  peripheral_stack_symbol.txt ABSOLUTE
    llc_env                                  0x004003a0   Data           0  peripheral_stack_symbol.txt ABSOLUTE
    llm_env                                  0x0040053c   Data           0  peripheral_stack_symbol.txt ABSOLUTE
    hci_env                                  0x0040096c   Data           0  peripheral_stack_symbol.txt ABSOLUTE
    rom_env                                  0x00400b64   Data           0  peripheral_stack_symbol.txt ABSOLUTE
    rwip_env                                 0x00400b94   Data           0  peripheral_stack_symbol.txt ABSOLUTE
    rwip_rf                                  0x00400bb0   Data           0  peripheral_stack_symbol.txt ABSOLUTE
    rwip_param                               0x00400be4   Data           0  peripheral_stack_symbol.txt ABSOLUTE
    gapm_env                                 0x00400bf0   Data           0  peripheral_stack_symbol.txt ABSOLUTE
    gattm_env                                0x00400c68   Data           0  peripheral_stack_symbol.txt ABSOLUTE
    l2cm_env                                 0x00400ca0   Data           0  peripheral_stack_symbol.txt ABSOLUTE
    Image$$RAM_DATA$$Base                    0x00402000   Number         0  anon$$obj.o ABSOLUTE
    rf_power_leave                           0x00402000   Data           1  rf_xvr.o(.data)
    system_sleep_status                      0x00402002   Data           1  icu.o(.data)
    rw_ip_sleep_test_flag                    0x00402003   Data           1  icu.o(.data)
    system_clk                               0x00402004   Data           1  icu.o(.data)
    system_sleep_flag                        0x00402005   Data           1  icu.o(.data)
    system_mode                              0x00402006   Data           1  icu.o(.data)
    uart_rx_done                             0x00402008   Data           1  uart_initial.o(.data)
    uart_rx_index                            0x0040200c   Data           4  uart_initial.o(.data)
    pHCItxBuf                                0x00402010   Data           4  uart_initial.o(.data)
    pDbgPrtBuf                               0x00402014   Data           4  uart_initial.o(.data)
    uart1_rx_done                            0x00402018   Data           1  uart1_initial .o(.data)
    uart1_rx_index                           0x0040201c   Data           4  uart1_initial .o(.data)
    uart1_rx_buff_tailor                     0x00402020   Data           4  uart1_initial .o(.data)
    cli                                      0x0040202c   Data           4  cli_krhino.o(.data)
    cliexit                                  0x00402030   Data           4  cli_krhino.o(.data)
    uart_rx_buff_tailor                      0x00402038   Data           4  uart.o(.data)
    flash_enable_write_flag1                 0x0040203c   Data           1  flash.o(.data)
    flash_enable_write_flag2                 0x0040203d   Data           1  flash.o(.data)
    flash_enable_write_flag3                 0x0040203e   Data           1  flash.o(.data)
    flash_enable_write_flag4                 0x0040203f   Data           1  flash.o(.data)
    flash_enable_erase_flag1                 0x00402040   Data           1  flash.o(.data)
    flash_enable_erase_flag2                 0x00402041   Data           1  flash.o(.data)
    flash_mid                                0x00402044   Data           4  flash.o(.data)
    test_cnt                                 0x00402048   Data           1  timer.o(.data)
    adc_flag                                 0x0040204a   Data           1  adc.o(.data)
    g_adc_value                              0x0040204e   Data           2  adc.o(.data)
    referance_voltage                        0x00402050   Data           2  adc.o(.data)
    app_batt_env                             0x00402059   Data           2  app_batt.o(.data)
    app_sec_env                              0x0040205b   Data           5  app_sec.o(.data)
    unknow_str                               0x00402060   Data          17  app_task.o(.data)
    appm_state                               0x00402071   Data           2  app_task.o(.data)
    app_fcc0_env                             0x00402073   Data           1  app_fcc0.o(.data)
    app_oads_env                             0x00402074   Data           1  app_oads.o(.data)
    unloaded_area                            0x00402078   Data           4  arch_main.o(.data)
    oad_firmware_type                        0x0040207f   Data           1  oads.o(.data)
    latency_disable_state                    0x00402080   Data           1  oads.o(.data)
    dmo_channel                              0x00402088   Data           1  user_func.o(.data)
    gpio_status_value                        0x0040208c   Data           1  user_func.o(.data)
    ble_data_buf                             0x00402094   Data           4  user_func.o(.data)
    ble_rx_data_len                          0x00402178   Data           2  user_func.o(.data)
    Image$$RAM_BSS$$Base                     0x00402180   Number         0  anon$$obj.o ABSOLUTE
    XVR_ANALOG_REG_BAK                       0x00402180   Data         128  rf_xvr.o(.bss)
    uart_rx_buf                              0x00402200   Data         256  uart_initial.o(.bss)
    uart_tx_buf                              0x00402300   Data         256  uart_initial.o(.bss)
    DbgPrtBufInst                            0x00402400   Data         132  uart_initial.o(.bss)
    uart1_rx_buf                             0x00402484   Data        1024  uart1_initial .o(.bss)
    uart1_tx_buf                             0x00402884   Data        1024  uart1_initial .o(.bss)
    esc_tag                                  0x00402c84   Data          64  cli_krhino.o(.bss)
    flash_env                                0x00402e04   Data          12  flash.o(.bss)
    p_PWM0_Int_Handler                       0x00402e10   Data          12  pwm.o(.bss)
    p_PWM1_Int_Handler                       0x00402e1c   Data          12  pwm.o(.bss)
    tmr0_env                                 0x00402e28   Data          44  timer.o(.bss)
    app_env                                  0x00402e54   Data          80  app.o(.bss)
    appm_env                                 0x00402ea4   Data         120  app.o(.bss)
    app_fee0_env                             0x00402f1c   Data          26  app_fee0.o(.bss)
    rwip_ke_heap_env                         0x00402f50   Data        4684  arch_main.o(.bss)
    rwip_ke_heap_db                          0x0040419c   Data        3084  arch_main.o(.bss)
    rwip_ke_heap_msg                         0x00404da8   Data       11952  arch_main.o(.bss)
    rwip_ke_heap_non_ret                     0x00407c58   Data         668  arch_main.o(.bss)
    prf_env                                  0x00407ef4   Data         240  prf.o(.bss)
    sdp_env_init                             0x00407fe4   Data         156  sdp_service.o(.bss)
    bsec                                     0x00408080   Data         192  oads.o(.bss)
    __libspace_start                         0x00408140   Data          96  libspace.o(.bss)
    __temporary_stack_top$libspace           0x004081a0   Data           0  libspace.o(.bss)
    Image$$RAM_STACK_UNUSED$$Base            0x0040f0cc   Number         0  anon$$obj.o ABSOLUTE
    Image$$RAM_STACK_SVC$$Base               0x0040f12c   Number         0  anon$$obj.o ABSOLUTE
    Image$$RAM_STACK_IRQ$$Base               0x0040f81c   Number         0  anon$$obj.o ABSOLUTE
    Image$$RAM_STACK_FIQ$$Base               0x0040fc0c   Number         0  anon$$obj.o ABSOLUTE



==============================================================================

Memory Map of the image

  Image Entry point : 0x0002db84

  Load Region SECTIONS (Base: 0x0002db00, Size: 0x00010ac0, Max: 0xffffffff, ABSOLUTE)

    Execution Region ROM_SYS (Base: 0x0002db00, Size: 0x00000288, Max: 0xffffffff, ABSOLUTE)

    Base Addr    Size         Type   Attr      Idx    E Section Name        Object

    0x0002db00   0x0000005c   Code   RO           10  * SYS_BOOT            boot_vectors.o
    0x0002db5c   0x00000204   Code   RO            8  * SYS_BOOT            boot_handlers.o
    0x0002dd60   0x00000008   Ven    RO          484    Veneer$$Code        anon$$obj.o
    0x0002dd68   0x00000008   Ven    RO          485    Veneer$$Code        anon$$obj.o
    0x0002dd70   0x00000008   Ven    RO          486    Veneer$$Code        anon$$obj.o
    0x0002dd78   0x00000008   Ven    RO          487    Veneer$$Code        anon$$obj.o
    0x0002dd80   0x00000008   Ven    RO          488    Veneer$$Code        anon$$obj.o


    Execution Region FAST_CALL_SEG (Base: 0x0002de00, Size: 0x00000030, Max: 0xffffffff, ABSOLUTE, FIXED)

    Base Addr    Size         Type   Attr      Idx    E Section Name        Object

    0x0002de00   0x00000010   Code   RO           42    sys_fiq_entry       intc.o
    0x0002de10   0x00000010   PAD
    0x0002de20   0x00000010   Code   RO           43    sys_irq_entry       intc.o


    Execution Region ROM (Base: 0x0002de30, Size: 0x00010358, Max: 0xffffffff, ABSOLUTE)

    Base Addr    Size         Type   Attr      Idx    E Section Name        Object

    0x0002de30   0x00000008   Code   RO          224  * !!!main             c_5.l(__main.o)
    0x0002de38   0x0000003c   Code   RO          473    !!!scatter          c_5.l(__scatter.o)
    0x0002de74   0x00000028   Code   RO          474    !!handler_copy      c_5.l(__scatter_copy.o)
    0x0002de9c   0x0000002c   Code   RO          475    !!handler_zi        c_5.l(__scatter_zi.o)
    0x0002dec8   0x00000000   Code   RO          215    .ARM.Collect$$_printf_percent$$00000000  c_5.l(_printf_percent.o)
    0x0002dec8   0x00000008   Code   RO          276    .ARM.Collect$$_printf_percent$$00000001  c_5.l(_printf_n.o)
    0x0002ded0   0x00000008   Code   RO          278    .ARM.Collect$$_printf_percent$$00000002  c_5.l(_printf_p.o)
    0x0002ded8   0x00000008   Code   RO          282    .ARM.Collect$$_printf_percent$$00000003  c_5.l(_printf_f.o)
    0x0002dee0   0x00000008   Code   RO          283    .ARM.Collect$$_printf_percent$$00000004  c_5.l(_printf_e.o)
    0x0002dee8   0x00000008   Code   RO          284    .ARM.Collect$$_printf_percent$$00000005  c_5.l(_printf_g.o)
    0x0002def0   0x00000008   Code   RO          285    .ARM.Collect$$_printf_percent$$00000006  c_5.l(_printf_a.o)
    0x0002def8   0x0000000c   Code   RO          290    .ARM.Collect$$_printf_percent$$00000007  c_5.l(_printf_ll.o)
    0x0002df04   0x00000008   Code   RO          280    .ARM.Collect$$_printf_percent$$00000008  c_5.l(_printf_i.o)
    0x0002df0c   0x00000008   Code   RO          214    .ARM.Collect$$_printf_percent$$00000009  c_5.l(_printf_d.o)
    0x0002df14   0x00000008   Code   RO          281    .ARM.Collect$$_printf_percent$$0000000A  c_5.l(_printf_u.o)
    0x0002df1c   0x00000008   Code   RO          279    .ARM.Collect$$_printf_percent$$0000000B  c_5.l(_printf_o.o)
    0x0002df24   0x00000008   Code   RO          277    .ARM.Collect$$_printf_percent$$0000000C  c_5.l(_printf_x.o)
    0x0002df2c   0x00000008   Code   RO          287    .ARM.Collect$$_printf_percent$$0000000D  c_5.l(_printf_lli.o)
    0x0002df34   0x00000008   Code   RO          288    .ARM.Collect$$_printf_percent$$0000000E  c_5.l(_printf_lld.o)
    0x0002df3c   0x00000008   Code   RO          289    .ARM.Collect$$_printf_percent$$0000000F  c_5.l(_printf_llu.o)
    0x0002df44   0x00000008   Code   RO          294    .ARM.Collect$$_printf_percent$$00000010  c_5.l(_printf_llo.o)
    0x0002df4c   0x00000008   Code   RO          295    .ARM.Collect$$_printf_percent$$00000011  c_5.l(_printf_llx.o)
    0x0002df54   0x0000000c   Code   RO          291    .ARM.Collect$$_printf_percent$$00000012  c_5.l(_printf_l.o)
    0x0002df60   0x00000008   Code   RO          274    .ARM.Collect$$_printf_percent$$00000013  c_5.l(_printf_c.o)
    0x0002df68   0x00000008   Code   RO          275    .ARM.Collect$$_printf_percent$$00000014  c_5.l(_printf_s.o)
    0x0002df70   0x00000008   Code   RO          292    .ARM.Collect$$_printf_percent$$00000015  c_5.l(_printf_lc.o)
    0x0002df78   0x00000008   Code   RO          293    .ARM.Collect$$_printf_percent$$00000016  c_5.l(_printf_ls.o)
    0x0002df80   0x00000008   Code   RO          286    .ARM.Collect$$_printf_percent$$00000017  c_5.l(_printf_percent_end.o)
    0x0002df88   0x00000002   Code   RO          426    .ARM.Collect$$libinit$$00000000  c_5.l(libinit.o)
    0x0002df8a   0x00000000   Code   RO          300    .ARM.Collect$$libinit$$00000002  c_5.l(libinit2.o)
    0x0002df8a   0x00000000   Code   RO          302    .ARM.Collect$$libinit$$00000004  c_5.l(libinit2.o)
    0x0002df8a   0x00000008   Code   RO          303    .ARM.Collect$$libinit$$00000005  c_5.l(libinit2.o)
    0x0002df92   0x00000000   Code   RO          305    .ARM.Collect$$libinit$$0000000A  c_5.l(libinit2.o)
    0x0002df92   0x00000000   Code   RO          307    .ARM.Collect$$libinit$$0000000C  c_5.l(libinit2.o)
    0x0002df92   0x00000000   Code   RO          309    .ARM.Collect$$libinit$$0000000E  c_5.l(libinit2.o)
    0x0002df92   0x00000006   Code   RO          310    .ARM.Collect$$libinit$$0000000F  c_5.l(libinit2.o)
    0x0002df98   0x00000000   Code   RO          312    .ARM.Collect$$libinit$$00000011  c_5.l(libinit2.o)
    0x0002df98   0x0000000c   Code   RO          313    .ARM.Collect$$libinit$$00000012  c_5.l(libinit2.o)
    0x0002dfa4   0x00000000   Code   RO          314    .ARM.Collect$$libinit$$00000013  c_5.l(libinit2.o)
    0x0002dfa4   0x00000000   Code   RO          316    .ARM.Collect$$libinit$$00000015  c_5.l(libinit2.o)
    0x0002dfa4   0x0000000a   Code   RO          317    .ARM.Collect$$libinit$$00000016  c_5.l(libinit2.o)
    0x0002dfae   0x00000000   Code   RO          318    .ARM.Collect$$libinit$$00000017  c_5.l(libinit2.o)
    0x0002dfae   0x00000000   Code   RO          320    .ARM.Collect$$libinit$$00000019  c_5.l(libinit2.o)
    0x0002dfae   0x00000000   Code   RO          322    .ARM.Collect$$libinit$$0000001B  c_5.l(libinit2.o)
    0x0002dfae   0x00000000   Code   RO          324    .ARM.Collect$$libinit$$0000001D  c_5.l(libinit2.o)
    0x0002dfae   0x00000000   Code   RO          326    .ARM.Collect$$libinit$$0000001F  c_5.l(libinit2.o)
    0x0002dfae   0x00000000   Code   RO          328    .ARM.Collect$$libinit$$00000021  c_5.l(libinit2.o)
    0x0002dfae   0x00000000   Code   RO          330    .ARM.Collect$$libinit$$00000023  c_5.l(libinit2.o)
    0x0002dfae   0x00000000   Code   RO          332    .ARM.Collect$$libinit$$00000025  c_5.l(libinit2.o)
    0x0002dfae   0x00000000   Code   RO          336    .ARM.Collect$$libinit$$0000002C  c_5.l(libinit2.o)
    0x0002dfae   0x00000000   Code   RO          338    .ARM.Collect$$libinit$$0000002E  c_5.l(libinit2.o)
    0x0002dfae   0x00000000   Code   RO          340    .ARM.Collect$$libinit$$00000030  c_5.l(libinit2.o)
    0x0002dfae   0x00000000   Code   RO          342    .ARM.Collect$$libinit$$00000032  c_5.l(libinit2.o)
    0x0002dfae   0x00000002   Code   RO          343    .ARM.Collect$$libinit$$00000033  c_5.l(libinit2.o)
    0x0002dfb0   0x00000002   Code   RO          470    .ARM.Collect$$libshutdown$$00000000  c_5.l(libshutdown.o)
    0x0002dfb2   0x00000000   Code   RO          437    .ARM.Collect$$libshutdown$$00000002  c_5.l(libshutdown2.o)
    0x0002dfb2   0x00000000   Code   RO          439    .ARM.Collect$$libshutdown$$00000004  c_5.l(libshutdown2.o)
    0x0002dfb2   0x00000000   Code   RO          442    .ARM.Collect$$libshutdown$$00000007  c_5.l(libshutdown2.o)
    0x0002dfb2   0x00000000   Code   RO          445    .ARM.Collect$$libshutdown$$0000000A  c_5.l(libshutdown2.o)
    0x0002dfb2   0x00000000   Code   RO          447    .ARM.Collect$$libshutdown$$0000000C  c_5.l(libshutdown2.o)
    0x0002dfb2   0x00000000   Code   RO          450    .ARM.Collect$$libshutdown$$0000000F  c_5.l(libshutdown2.o)
    0x0002dfb2   0x00000002   Code   RO          451    .ARM.Collect$$libshutdown$$00000010  c_5.l(libshutdown2.o)
    0x0002dfb4   0x00000000   Code   RO          230    .ARM.Collect$$rtentry$$00000000  c_5.l(__rtentry.o)
    0x0002dfb4   0x00000000   Code   RO          355    .ARM.Collect$$rtentry$$00000002  c_5.l(__rtentry2.o)
    0x0002dfb4   0x00000008   Code   RO          367    .ARM.Collect$$rtentry$$00000004  c_5.l(__rtentry4.o)
    0x0002dfbc   0x00000000   Code   RO          357    .ARM.Collect$$rtentry$$00000009  c_5.l(__rtentry2.o)
    0x0002dfbc   0x00000004   Code   RO          358    .ARM.Collect$$rtentry$$0000000A  c_5.l(__rtentry2.o)
    0x0002dfc0   0x00000000   Code   RO          360    .ARM.Collect$$rtentry$$0000000C  c_5.l(__rtentry2.o)
    0x0002dfc0   0x00000028   Code   RO          361    .ARM.Collect$$rtentry$$0000000D  c_5.l(__rtentry2.o)
    0x0002dfe8   0x00000004   Code   RO          430    .ARM.Collect$$rtexit$$00000000  c_5.l(rtexit.o)
    0x0002dfec   0x00000000   Code   RO          454    .ARM.Collect$$rtexit$$00000002  c_5.l(rtexit2.o)
    0x0002dfec   0x00000004   Code   RO          455    .ARM.Collect$$rtexit$$00000003  c_5.l(rtexit2.o)
    0x0002dff0   0x00000008   Code   RO          456    .ARM.Collect$$rtexit$$00000004  c_5.l(rtexit2.o)
    0x0002dff8   0x00000000   Code   RO          371    .emb_text           c_5.l(maybetermalloc1.o)
    0x0002dff8   0x000000cc   Code   RO            5    .text               main.o
    0x0002e0c4   0x0000005c   Code   RO            7    .text               bk3633_initial.o
    0x0002e120   0x000007c4   Code   RO           11    .text               rf_xvr.o
    0x0002e8e4   0x0000030c   Code   RO           15    .text               icu.o
    0x0002ebf0   0x0000019c   Code   RO           19    .text               uart_initial.o
    0x0002ed8c   0x000000fc   Code   RO           24    .text               uart1_initial .o
    0x0002ee88   0x00000114   Code   RO           29    .text               gpio.o
    0x0002ef9c   0x00000948   Code   RO           32    .text               cli_krhino.o
    0x0002f8e4   0x000010cc   Code   RO           35    .text               cli_api.o
    0x000309b0   0x000000c4   Code   RO           40    .text               intc.o
    0x00030a74   0x0000014c   Code   RO           44    .text               uart.o
    0x00030bc0   0x00000770   Code   RO           47    .text               flash.o
    0x00031330   0x000002cc   Code   RO           57    .text               timer.o
    0x000315fc   0x00000044   Code   RO           64    .text               wdt.o
    0x00031640   0x000001b4   Code   RO           65    .text               adc.o
    0x000317f4   0x000001fc   Code   RO           67    .text               app.o
    0x000319f0   0x00000318   Code   RO           71    .text               app_adv.o
    0x00031d08   0x000003f8   Code   RO           73    .text               app_scan.o
    0x00032100   0x000006bc   Code   RO           78    .text               app_init.o
    0x000327bc   0x000000e4   Code   RO           83    .text               app_batt.o
    0x000328a0   0x00000114   Code   RO           88    .text               app_dis.o
    0x000329b4   0x000003d4   Code   RO           91    .text               app_sec.o
    0x00032d88   0x00001100   Code   RO           97    .text               app_task.o
    0x00033e88   0x000003ec   Code   RO          104    .text               app_fee0.o
    0x00034274   0x00000158   Code   RO          109    .text               app_fcc0.o
    0x000343cc   0x0000019c   Code   RO          114    .text               app_oads.o
    0x00034568   0x000002fc   Code   RO          119    .text               nvds.o
    0x00034864   0x00000344   Code   RO          124    .text               arch_main.o
    0x00034ba8   0x00000004   Code   RO          125    .text               arch_main.o
    0x00034bac   0x000004d8   Code   RO          130    .text               rwip_driver.o
    0x00035084   0x000003fc   Code   RO          131    .text               prf_utils.o
    0x00035480   0x00000344   Code   RO          132    .text               prf.o
    0x000357c4   0x0000017c   Code   RO          134    .text               diss.o
    0x00035940   0x000001f0   Code   RO          136    .text               diss_task.o
    0x00035b30   0x0000021c   Code   RO          138    .text               fee0s.o
    0x00035d4c   0x000004bc   Code   RO          140    .text               fee0s_task.o
    0x00036208   0x000003d0   Code   RO          142    .text               bass.o
    0x000365d8   0x000002c4   Code   RO          144    .text               bass_task.o
    0x0003689c   0x00000ed0   Code   RO          146    .text               sdp_service.o
    0x0003776c   0x00000620   Code   RO          151    .text               sdp_service_task.o
    0x00037d8c   0x00000860   Code   RO          153    .text               oads.o
    0x000385ec   0x00000334   Code   RO          157    .text               oads_task.o
    0x00038920   0x00000e64   Code   RO          159    .text               user_func.o
    0x00039784   0x00000062   Code   RO          167    .text               c_5.l(h1_alloc.o)
    0x000397e6   0x0000004c   Code   RO          168    .text               c_5.l(h1_free.o)
    0x00039832   0x00000002   PAD
    0x00039834   0x00000024   Code   RO          197    .text               c_5.l(vsprintf.o)
    0x00039858   0x0000002c   Code   RO          198    .text               c_5.l(__2sprintf.o)
    0x00039884   0x00000008   Ven    RO          201    .text               c_5.l(_printf_dec.o)
    0x0003988c   0x0000006c   Code   RO          201    .text               c_5.l(_printf_dec.o)
    0x000398f8   0x00000188   Code   RO          212    .text               c_5.l(__printf_flags_ss_wp.o)
    0x00039a80   0x0000001a   Code   RO          216    .text               c_5.l(atoi.o)
    0x00039a9a   0x00000016   Code   RO          217    .text               c_5.l(strchr.o)
    0x00039ab0   0x00000028   Code   RO          218    .text               c_5.l(strstr.o)
    0x00039ad8   0x00000044   Code   RO          219    .text               c_5.l(strlen.o)
    0x00039b1c   0x00000094   Code   RO          220    .text               c_5.l(strncmp.o)
    0x00039bb0   0x00000080   Code   RO          221    .text               c_5.l(rt_memmove_w.o)
    0x00039c30   0x0000006c   Code   RO          222    .text               c_5.l(strncpy.o)
    0x00039c9c   0x000000f4   Code   RO          223    .text               c_5.l(strcmp.o)
    0x00039d90   0x0000000c   Code   RO          233    .text               c_5.l(rt_heap_descriptor_intlibspace.o)
    0x00039d9c   0x0000000c   Code   RO          236    .text               c_5.l(rt_errno_addr_intlibspace.o)
    0x00039da8   0x00000004   Code   RO          237    .text               c_5.l(hguard.o)
    0x00039dac   0x00000088   Code   RO          238    .text               c_5.l(init_alloc.o)
    0x00039e34   0x0000000e   Code   RO          240    .text               c_5.l(h1_init.o)
    0x00039e42   0x0000004e   Code   RO          247    .text               c_5.l(_printf_pad.o)
    0x00039e90   0x0000002c   Code   RO          248    .text               c_5.l(_printf_truncate.o)
    0x00039ebc   0x00000052   Code   RO          249    .text               c_5.l(_printf_str.o)
    0x00039f0e   0x000000b0   Code   RO          250    .text               c_5.l(_printf_intcommon.o)
    0x00039fbe   0x00000002   PAD
    0x00039fc0   0x00000008   Ven    RO          251    .text               c_5.l(_printf_charcount.o)
    0x00039fc8   0x00000026   Code   RO          251    .text               c_5.l(_printf_charcount.o)
    0x00039fee   0x00000002   PAD
    0x00039ff0   0x00000030   Code   RO          252    .text               c_5.l(_printf_char_common.o)
    0x0003a020   0x0000000a   Code   RO          253    .text               c_5.l(_sputc.o)
    0x0003a02a   0x00000002   PAD
    0x0003a02c   0x000000bc   Code   RO          254    .text               c_5.l(_printf_wctomb.o)
    0x0003a0e8   0x00000008   Ven    RO          256    .text               c_5.l(_printf_longlong_dec.o)
    0x0003a0f0   0x00000070   Code   RO          256    .text               c_5.l(_printf_longlong_dec.o)
    0x0003a160   0x00000008   Ven    RO          259    .text               c_5.l(_printf_oct_int_ll.o)
    0x0003a168   0x00000070   Code   RO          259    .text               c_5.l(_printf_oct_int_ll.o)
    0x0003a1d8   0x00000008   Ven    RO          272    .text               c_5.l(_printf_hex_int_ll_ptr.o)
    0x0003a1e0   0x00000098   Code   RO          272    .text               c_5.l(_printf_hex_int_ll_ptr.o)
    0x0003a278   0x00000070   Code   RO          296    .text               c_5.l(strtol.o)
    0x0003a2e8   0x0000002c   Code   RO          297    .text               c_5.l(rtudiv10.o)
    0x0003a314   0x0000000c   Code   RO          352    .text               c_5.l(libspace.o)
    0x0003a320   0x00000014   Code   RO          369    .text               c_5.l(rt_ctype_table.o)
    0x0003a334   0x00000034   Code   RO          373    .text               c_5.l(h1_extend.o)
    0x0003a368   0x00000098   Code   RO          375    .text               c_5.l(lludiv10.o)
    0x0003a400   0x00000410   Code   RO          376    .text               c_5.l(_printf_fp_dec.o)
    0x0003a810   0x00000008   Ven    RO          377    .text               c_5.l(_printf_fp_hex.o)
    0x0003a818   0x000002d4   Code   RO          377    .text               c_5.l(_printf_fp_hex.o)
    0x0003aaec   0x00000008   Ven    RO          380    .text               c_5.l(_printf_char.o)
    0x0003aaf4   0x0000002e   Code   RO          380    .text               c_5.l(_printf_char.o)
    0x0003ab22   0x00000002   PAD
    0x0003ab24   0x00000008   Ven    RO          381    .text               c_5.l(_printf_wchar.o)
    0x0003ab2c   0x0000002e   Code   RO          381    .text               c_5.l(_printf_wchar.o)
    0x0003ab5a   0x000000a8   Code   RO          382    .text               c_5.l(_strtoul.o)
    0x0003ac02   0x00000040   Code   RO          383    .text               c_5.l(_wcrtomb.o)
    0x0003ac42   0x0000000c   Code   RO          384    .text               c_5.l(defsig_rtmem_outer.o)
    0x0003ac4e   0x00000002   PAD
    0x0003ac50   0x00000050   Code   RO          386    .text               c_5.l(heapauxa.o)
    0x0003aca0   0x00000004   Code   RO          391    .text               c_5.l(use_no_semi.o)
    0x0003aca4   0x00000000   Code   RO          392    .text               c_5.l(indicate_semi.o)
    0x0003aca4   0x00000060   Code   RO          393    .text               c_5.l(sys_stackheap_outer.o)
    0x0003ad04   0x0000000c   Code   RO          397    .text               c_5.l(rt_locale_intlibspace.o)
    0x0003ad10   0x00000088   Code   RO          399    .text               c_5.l(_printf_fp_infnan.o)
    0x0003ad98   0x0000001e   Code   RO          400    .text               c_5.l(_chval.o)
    0x0003adb6   0x00000002   PAD
    0x0003adb8   0x000000d0   Code   RO          401    .text               c_5.l(bigflt0.o)
    0x0003ae88   0x00000010   Code   RO          418    .text               c_5.l(exit.o)
    0x0003ae98   0x0000000c   Code   RO          419    .text               c_5.l(defsig_exit.o)
    0x0003aea4   0x00000050   Code   RO          420    .text               c_5.l(defsig_rtmem_inner.o)
    0x0003aef4   0x0000000c   Code   RO          429    .text               c_5.l(sys_exit.o)
    0x0003af00   0x00000034   Code   RO          435    .text               c_5.l(defsig_general.o)
    0x0003af34   0x0000000c   Code   RO          452    .text               c_5.l(sys_wrch.o)
    0x0003af40   0x00000038   Code   RO          403    CL$$btod_d2e        c_5.l(btod.o)
    0x0003af78   0x00000054   Code   RO          405    CL$$btod_d2e_denorm_low  c_5.l(btod.o)
    0x0003afcc   0x00000068   Code   RO          404    CL$$btod_d2e_norm_op1  c_5.l(btod.o)
    0x0003b034   0x00000348   Code   RO          413    CL$$btod_div_common  c_5.l(btod.o)
    0x0003b37c   0x000000dc   Code   RO          410    CL$$btod_e2e        c_5.l(btod.o)
    0x0003b458   0x00000030   Code   RO          407    CL$$btod_ediv       c_5.l(btod.o)
    0x0003b488   0x00000030   Code   RO          406    CL$$btod_emul       c_5.l(btod.o)
    0x0003b4b8   0x00000264   Code   RO          412    CL$$btod_mult_common  c_5.l(btod.o)
    0x0003b71c   0x00000008   Ven    RO          489    Veneer$$Code        anon$$obj.o
    0x0003b724   0x00000008   Ven    RO          490    Veneer$$Code        anon$$obj.o
    0x0003b72c   0x00000008   Ven    RO          491    Veneer$$Code        anon$$obj.o
    0x0003b734   0x00000008   Ven    RO          492    Veneer$$Code        anon$$obj.o
    0x0003b73c   0x00000008   Ven    RO          493    Veneer$$Code        anon$$obj.o
    0x0003b744   0x00000008   Ven    RO          494    Veneer$$Code        anon$$obj.o
    0x0003b74c   0x00000008   Ven    RO          495    Veneer$$Code        anon$$obj.o
    0x0003b754   0x00000030   Code   RO          428    i.__ARM_fpclassify  m_5s.l(fpclassify.o)
    0x0003b784   0x0000000e   Code   RO          208    i._is_digit         c_5.l(__printf_wp.o)
    0x0003b792   0x00000002   PAD
    0x0003b794   0x00000048   Code   RO          415    locale$$code        c_5.l(lc_ctype_c.o)
    0x0003b7dc   0x00000048   Code   RO          417    locale$$code        c_5.l(lc_numeric_c.o)
    0x0003b824   0x0000002c   Code   RO          225    x$fpl$dfltu         fz_5s.l(dflt_clz.o)
    0x0003b850   0x00000178   Code   RO          228    x$fpl$dmul          fz_5s.l(dmul.o)
    0x0003b9c8   0x000000b8   Code   RO          344    x$fpl$dnaninf       fz_5s.l(dnaninf.o)
    0x0003ba80   0x00000010   Code   RO          345    x$fpl$dretinf       fz_5s.l(dretinf.o)
    0x0003ba90   0x00000008   Code   RO          427    x$fpl$ieeestatus    fz_5s.l(istatus.o)
    0x0003ba98   0x00000004   Code   RO          346    x$fpl$printf1       fz_5s.l(printf1.o)
    0x0003ba9c   0x00000004   Code   RO          347    x$fpl$printf2       fz_5s.l(printf2.o)
    0x0003baa0   0x00000000   Code   RO          350    x$fpl$usenofp       fz_5s.l(usenofp.o)
    0x0003baa0   0x0000000f   Data   RO           13    .constdata          rf_xvr.o
    0x0003baaf   0x00000001   PAD
    0x0003bab0   0x00000168   Data   RO           36    .constdata          cli_api.o
    0x0003bc18   0x00000008   Data   RO           37    .constdata          cli_api.o
    0x0003bc20   0x00000021   Data   RO           70    .constdata          app.o
    0x0003bc41   0x0000003f   Data   RO           72    .constdata          app_adv.o
    0x0003bc80   0x0000003a   Data   RO           74    .constdata          app_scan.o
    0x0003bcba   0x00000128   Data   RO           79    .constdata          app_init.o
    0x0003bde2   0x00000002   PAD
    0x0003bde4   0x00000020   Data   RO           84    .constdata          app_batt.o
    0x0003be04   0x00000008   Data   RO           85    .constdata          app_batt.o
    0x0003be0c   0x00000053   Data   RO           86    .constdata          app_batt.o
    0x0003be5f   0x00000001   PAD
    0x0003be60   0x00000008   Data   RO           89    .constdata          app_dis.o
    0x0003be68   0x00000008   Data   RO           90    .constdata          app_dis.o
    0x0003be70   0x00000079   Data   RO           92    .constdata          app_sec.o
    0x0003bee9   0x00000003   PAD
    0x0003beec   0x00000030   Data   RO           93    .constdata          app_sec.o
    0x0003bf1c   0x00000008   Data   RO           94    .constdata          app_sec.o
    0x0003bf24   0x000012d8   Data   RO           98    .constdata          app_task.o
    0x0003d1fc   0x000000c8   Data   RO           99    .constdata          app_task.o
    0x0003d2c4   0x0000000c   Data   RO          100    .constdata          app_task.o
    0x0003d2d0   0x00000038   Data   RO          106    .constdata          app_fee0.o
    0x0003d308   0x00000008   Data   RO          107    .constdata          app_fee0.o
    0x0003d310   0x00000073   Data   RO          108    .constdata          app_fee0.o
    0x0003d383   0x00000001   PAD
    0x0003d384   0x00000020   Data   RO          110    .constdata          app_fcc0.o
    0x0003d3a4   0x00000008   Data   RO          111    .constdata          app_fcc0.o
    0x0003d3ac   0x00000033   Data   RO          112    .constdata          app_fcc0.o
    0x0003d3df   0x00000001   PAD
    0x0003d3e0   0x00000030   Data   RO          115    .constdata          app_oads.o
    0x0003d410   0x00000008   Data   RO          116    .constdata          app_oads.o
    0x0003d418   0x000000a8   Data   RO          117    .constdata          app_oads.o
    0x0003d4c0   0x00000004   Data   RO          121    .constdata          nvds.o
    0x0003d4c4   0x000000a8   Data   RO          135    .constdata          diss.o
    0x0003d56c   0x00000018   Data   RO          137    .constdata          diss_task.o
    0x0003d584   0x00000080   Data   RO          139    .constdata          fee0s.o
    0x0003d604   0x000000da   Data   RO          141    .constdata          fee0s_task.o
    0x0003d6de   0x00000002   PAD
    0x0003d6e0   0x00000038   Data   RO          143    .constdata          bass.o
    0x0003d718   0x00000030   Data   RO          145    .constdata          bass_task.o
    0x0003d748   0x0000007b   Data   RO          148    .constdata          sdp_service.o
    0x0003d7c3   0x00000001   PAD
    0x0003d7c4   0x000000c5   Data   RO          152    .constdata          sdp_service_task.o
    0x0003d889   0x00000003   PAD
    0x0003d88c   0x0000009e   Data   RO          155    .constdata          oads.o
    0x0003d92a   0x00000002   PAD
    0x0003d92c   0x00000062   Data   RO          158    .constdata          oads_task.o
    0x0003d98e   0x0000001c   Data   RO          160    .constdata          user_func.o
    0x0003d9aa   0x00000011   Data   RO          213    .constdata          c_5.l(__printf_flags_ss_wp.o)
    0x0003d9bb   0x00000001   PAD
    0x0003d9bc   0x00000008   Data   RO          255    .constdata          c_5.l(_printf_wctomb.o)
    0x0003d9c4   0x00000028   Data   RO          273    .constdata          c_5.l(_printf_hex_int_ll_ptr.o)
    0x0003d9ec   0x00000026   Data   RO          378    .constdata          c_5.l(_printf_fp_hex.o)
    0x0003da12   0x00000002   PAD
    0x0003da14   0x00000094   Data   RO          402    .constdata          c_5.l(bigflt0.o)
    0x0003daa8   0x00000386   Data   RO           38    .conststring        cli_api.o
    0x0003de2e   0x00000002   PAD
    0x0003de30   0x000000ca   Data   RO           95    .conststring        app_sec.o
    0x0003defa   0x00000002   PAD
    0x0003defc   0x0000012d   Data   RO          149    .conststring        sdp_service.o
    0x0003e029   0x00000003   PAD
    0x0003e02c   0x00000030   Data   RO          471    Region$$Table       anon$$obj.o
    0x0003e05c   0x00000110   Data   RO          414    locale$$data        c_5.l(lc_ctype_c.o)
    0x0003e16c   0x0000001c   Data   RO          416    locale$$data        c_5.l(lc_numeric_c.o)


    Execution Region RAM_CODE (Base: 0x003f0000, Size: 0x000002b8, Max: 0x00002000, ABSOLUTE)

    Base Addr    Size         Type   Attr      Idx    E Section Name        Object

    0x003f0000   0x00000060   Code   RO           20    ram_code            uart_initial.o
    0x003f0060   0x00000064   Code   RO           25    ram_code            uart1_initial .o
    0x003f00c4   0x00000038   Code   RO           30    ram_code            gpio.o
    0x003f00fc   0x00000088   Code   RO           41    ram_code            intc.o
    0x003f0184   0x00000078   Code   RO           55    ram_code            pwm.o
    0x003f01fc   0x000000bc   Code   RO           58    ram_code            timer.o


    Execution Region RAM_DATA (Base: 0x00402000, Size: 0x00000180, Max: 0xffffffff, ABSOLUTE)

    Base Addr    Size         Type   Attr      Idx    E Section Name        Object

    0x00402000   0x00000001   Data   RW           14    .data               rf_xvr.o
    0x00402001   0x00000006   Data   RW           16    .data               icu.o
    0x00402007   0x00000001   PAD
    0x00402008   0x00000010   Data   RW           22    .data               uart_initial.o
    0x00402018   0x00000008   Data   RW           27    .data               uart1_initial .o
    0x00402020   0x00000004   Data   RW           28    .data               uart1_initial .o
    0x00402024   0x00000004   Data   RW           31    .data               gpio.o
    0x00402028   0x0000000c   Data   RW           34    .data               cli_krhino.o
    0x00402034   0x00000008   Data   RW           46    .data               uart.o
    0x0040203c   0x0000000c   Data   RW           49    .data               flash.o
    0x00402048   0x00000002   Data   RW           63    .data               timer.o
    0x0040204a   0x00000008   Data   RW           66    .data               adc.o
    0x00402052   0x00000007   Data   RW           82    .data               app_init.o
    0x00402059   0x00000002   Data   RW           87    .data               app_batt.o
    0x0040205b   0x00000005   Data   RW           96    .data               app_sec.o
    0x00402060   0x00000011   Data   RW          101    .data               app_task.o
    0x00402071   0x00000002   Data   RW          103    .data               app_task.o
    0x00402073   0x00000001   Data   RW          113    .data               app_fcc0.o
    0x00402074   0x00000001   Data   RW          118    .data               app_oads.o
    0x00402075   0x00000003   PAD
    0x00402078   0x00000004   Data   RW          129    .data               arch_main.o
    0x0040207c   0x00000002   Data   RW          150    .data               sdp_service.o
    0x0040207e   0x0000000a   Data   RW          156    .data               oads.o
    0x00402088   0x000000f0   Data   RW          161    .data               user_func.o
    0x00402178   0x00000002   Data   RW          162    .data               user_func.o
    0x0040217a   0x00000002   PAD
    0x0040217c   0x00000004   Data   RW          387    .data               c_5.l(heapauxa.o)


    Execution Region RAM_BSS (Base: 0x00402180, Size: 0x00006120, Max: 0xffffffff, ABSOLUTE)

    Base Addr    Size         Type   Attr      Idx    E Section Name        Object

    0x00402180   0x00000080   Zero   RW           12    .bss                rf_xvr.o
    0x00402200   0x00000284   Zero   RW           21    .bss                uart_initial.o
    0x00402484   0x00000800   Zero   RW           26    .bss                uart1_initial .o
    0x00402c84   0x00000080   Zero   RW           33    .bss                cli_krhino.o
    0x00402d04   0x00000100   Zero   RW           45    .bss                uart.o
    0x00402e04   0x0000000c   Zero   RW           48    .bss                flash.o
    0x00402e10   0x00000018   Zero   RW           56    .bss                pwm.o
    0x00402e28   0x0000002c   Zero   RW           61    .bss                timer.o
    0x00402e54   0x00000050   Zero   RW           68    .bss                app.o
    0x00402ea4   0x00000078   Zero   RW           69    .bss                app.o
    0x00402f1c   0x0000001a   Zero   RW          105    .bss                app_fee0.o
    0x00402f36   0x00000002   PAD
    0x00402f38   0x00000018   Zero   RW          120    .bss                nvds.o
    0x00402f50   0x00004fa4   Zero   RW          126    .bss                arch_main.o
    0x00407ef4   0x000000f0   Zero   RW          133    .bss                prf.o
    0x00407fe4   0x0000009c   Zero   RW          147    .bss                sdp_service.o
    0x00408080   0x000000c0   Zero   RW          154    .bss                oads.o
    0x00408140   0x00000060   Zero   RW          353    .bss                c_5.l(libspace.o)
    0x004081a0   0x00000100   Zero   RW            9    Myheap              boot_handlers.o


    Execution Region RAM_STACK_UNUSED (Base: 0x0040f0cc, Size: 0x00000060, Max: 0x00000060, ABSOLUTE)

    Base Addr    Size         Type   Attr      Idx    E Section Name        Object

    0x0040f0cc   0x00000060   Zero   RW            1    RAM_STACK_UNUSED.bss  anon$$obj.o


    Execution Region RAM_STACK_SVC (Base: 0x0040f12c, Size: 0x000006f0, Max: 0x000006f0, ABSOLUTE)

    Base Addr    Size         Type   Attr      Idx    E Section Name        Object

    0x0040f12c   0x000006f0   Zero   RW            2    RAM_STACK_SVC.bss   anon$$obj.o


    Execution Region RAM_STACK_IRQ (Base: 0x0040f81c, Size: 0x000003f0, Max: 0x000003f0, ABSOLUTE)

    Base Addr    Size         Type   Attr      Idx    E Section Name        Object

    0x0040f81c   0x000003f0   Zero   RW            3    RAM_STACK_IRQ.bss   anon$$obj.o


    Execution Region RAM_STACK_FIQ (Base: 0x0040fc0c, Size: 0x000003f0, Max: 0x000003f0, ABSOLUTE)

    Base Addr    Size         Type   Attr      Idx    E Section Name        Object

    0x0040fc0c   0x000003f0   Zero   RW            4    RAM_STACK_FIQ.bss   anon$$obj.o


==============================================================================

Image component sizes


      Code (inc. data)   RO Data    RW Data    ZI Data      Debug   Object Name

       436         74          0          8          0          0   adc.o
       508        112         33          0        200          0   app.o
       792        144         63          0          0          0   app_adv.o
       228         40        123          2          0          0   app_batt.o
       276        120         16          0          0          0   app_dis.o
       344        114         91          1          0          0   app_fcc0.o
      1004        308        179          0         26          0   app_fee0.o
      1724        578        296          7          0          0   app_init.o
       412        104        224          1          0          0   app_oads.o
      1016        390         58          0          0          0   app_scan.o
       980        220        379          5          0          0   app_sec.o
      4352       1738       5036         19          0          0   app_task.o
       840        326          0          4      20388          0   arch_main.o
       976         14         56          0          0          0   bass.o
       708         18         48          0          0          0   bass_task.o
        92          8          0          0          0          0   bk3633_initial.o
       516         80          0          0        256          0   boot_handlers.o
        92         32          0          0          0          0   boot_vectors.o
      4300       1182       1270          0          0          0   cli_api.o
      2376        434          0         12        128          0   cli_krhino.o
       380          8        168          0          0          0   diss.o
       496         14         24          0          0          0   diss_task.o
       540         20        128          0          0          0   fee0s.o
      1212        182        218          0          0          0   fee0s_task.o
      1904        212          0         12         12          0   flash.o
       332         38          0          4          0          0   gpio.o
       780         76          0          6          0          0   icu.o
       364         42          0          0          0          0   intc.o
       204        118          0          0          0          0   main.o
       764         24          4          0         24          0   nvds.o
      2144        582        158         10        192          0   oads.o
       820        138         98          0          0          0   oads_task.o
       836          4          0          0        240          0   prf.o
      1020          4          0          0          0          0   prf_utils.o
       120         14          0          0         24          0   pwm.o
      1988        390         15          1        128          0   rf_xvr.o
      1240        134          0          0          0          0   rwip_driver.o
      3792       1426        424          2        156          0   sdp_service.o
      1568        606        197          0          0          0   sdp_service_task.o
       904        254          0          2         44          0   timer.o
       332         72          0          8        256          0   uart.o
       352         50          0         12       2048          0   uart1_initial .o
       508         84          0         16        644          0   uart_initial.o
      3684        488         28        242          0          0   user_func.o
        68          4          0          0          0          0   wdt.o

    ----------------------------------------------------------------------
     48436      11068       9406        380      28656          0   Object Totals
        96         48         48          0       3888          0   (incl. Generated)
        16          0         24          6          2          0   (incl. Padding)

    ----------------------------------------------------------------------

      Code (inc. data)   RO Data    RW Data    ZI Data      Debug   Library Member Name

        44          4          0          0          0          0   __2sprintf.o
         8          0          0          0          0          0   __main.o
       392          6         17          0          0          0   __printf_flags_ss_wp.o
        14          0          0          0          0          0   __printf_wp.o
         0          0          0          0          0          0   __rtentry.o
        44          4          0          0          0          0   __rtentry2.o
         8          0          0          0          0          0   __rtentry4.o
        60          8          0          0          0          0   __scatter.o
        40          0          0          0          0          0   __scatter_copy.o
        44          0          0          0          0          0   __scatter_zi.o
        30          0          0          0          0          0   _chval.o
         8          0          0          0          0          0   _printf_a.o
         8          0          0          0          0          0   _printf_c.o
        54          0          0          0          0          0   _printf_char.o
        48          6          0          0          0          0   _printf_char_common.o
        46          0          0          0          0          0   _printf_charcount.o
         8          0          0          0          0          0   _printf_d.o
       116         18          0          0          0          0   _printf_dec.o
         8          0          0          0          0          0   _printf_e.o
         8          0          0          0          0          0   _printf_f.o
      1040         12          0          0          0          0   _printf_fp_dec.o
       732         10         38          0          0          0   _printf_fp_hex.o
       136         16          0          0          0          0   _printf_fp_infnan.o
         8          0          0          0          0          0   _printf_g.o
       160          4         40          0          0          0   _printf_hex_int_ll_ptr.o
         8          0          0          0          0          0   _printf_i.o
       176          0          0          0          0          0   _printf_intcommon.o
        12          0          0          0          0          0   _printf_l.o
         8          0          0          0          0          0   _printf_lc.o
        12          0          0          0          0          0   _printf_ll.o
         8          0          0          0          0          0   _printf_lld.o
         8          0          0          0          0          0   _printf_lli.o
         8          0          0          0          0          0   _printf_llo.o
         8          0          0          0          0          0   _printf_llu.o
         8          0          0          0          0          0   _printf_llx.o
       120         18          0          0          0          0   _printf_longlong_dec.o
         8          0          0          0          0          0   _printf_ls.o
         8          0          0          0          0          0   _printf_n.o
         8          0          0          0          0          0   _printf_o.o
       120         10          0          0          0          0   _printf_oct_int_ll.o
         8          0          0          0          0          0   _printf_p.o
        78          0          0          0          0          0   _printf_pad.o
         0          0          0          0          0          0   _printf_percent.o
         8          0          0          0          0          0   _printf_percent_end.o
         8          0          0          0          0          0   _printf_s.o
        82          0          0          0          0          0   _printf_str.o
        44          0          0          0          0          0   _printf_truncate.o
         8          0          0          0          0          0   _printf_u.o
        54          0          0          0          0          0   _printf_wchar.o
       188          6          8          0          0          0   _printf_wctomb.o
         8          0          0          0          0          0   _printf_x.o
        10          0          0          0          0          0   _sputc.o
       168          0          0          0          0          0   _strtoul.o
        64          0          0          0          0          0   _wcrtomb.o
        26          0          0          0          0          0   atoi.o
       208          6        148          0          0          0   bigflt0.o
      2012        128          0          0          0          0   btod.o
        12          0          0          0          0          0   defsig_exit.o
        52          0          0          0          0          0   defsig_general.o
        80         58          0          0          0          0   defsig_rtmem_inner.o
        12          0          0          0          0          0   defsig_rtmem_outer.o
        16          0          0          0          0          0   exit.o
        98          0          0          0          0          0   h1_alloc.o
        52          0          0          0          0          0   h1_extend.o
        76          0          0          0          0          0   h1_free.o
        14          0          0          0          0          0   h1_init.o
        80          4          0          4          0          0   heapauxa.o
         4          0          0          0          0          0   hguard.o
         0          0          0          0          0          0   indicate_semi.o
       136          0          0          0          0          0   init_alloc.o
        72          8        272          0          0          0   lc_ctype_c.o
        72          8         28          0          0          0   lc_numeric_c.o
         2          0          0          0          0          0   libinit.o
        38          0          0          0          0          0   libinit2.o
         2          0          0          0          0          0   libshutdown.o
         2          0          0          0          0          0   libshutdown2.o
        12          4          0          0         96          0   libspace.o
       152          0          0          0          0          0   lludiv10.o
         0          0          0          0          0          0   maybetermalloc1.o
        20          4          0          0          0          0   rt_ctype_table.o
        12          4          0          0          0          0   rt_errno_addr_intlibspace.o
        12          4          0          0          0          0   rt_heap_descriptor_intlibspace.o
        12          4          0          0          0          0   rt_locale_intlibspace.o
       128          0          0          0          0          0   rt_memmove_w.o
         4          0          0          0          0          0   rtexit.o
        12          0          0          0          0          0   rtexit2.o
        44          0          0          0          0          0   rtudiv10.o
        22          0          0          0          0          0   strchr.o
       244          4          0          0          0          0   strcmp.o
        68          6          0          0          0          0   strlen.o
       148          4          0          0          0          0   strncmp.o
       108          4          0          0          0          0   strncpy.o
        40          0          0          0          0          0   strstr.o
       112          4          0          0          0          0   strtol.o
        12          4          0          0          0          0   sys_exit.o
        96          0          0          0          0          0   sys_stackheap_outer.o
        12          0          0          0          0          0   sys_wrch.o
         4          0          0          0          0          0   use_no_semi.o
        36          4          0          0          0          0   vsprintf.o
        44          0          0          0          0          0   dflt_clz.o
       376         16          0          0          0          0   dmul.o
       184          0          0          0          0          0   dnaninf.o
        16          0          0          0          0          0   dretinf.o
         8          0          0          0          0          0   istatus.o
         4          0          0          0          0          0   printf1.o
         4          0          0          0          0          0   printf2.o
         0          0          0          0          0          0   usenofp.o
        48          4          0          0          0          0   fpclassify.o

    ----------------------------------------------------------------------
      9388        404        554          4         96          0   Library Totals
        16          0          3          0          0          0   (incl. Padding)

    ----------------------------------------------------------------------

      Code (inc. data)   RO Data    RW Data    ZI Data      Debug   Library Name

      8688        384        551          4         96          0   c_5.l
       636         16          0          0          0          0   fz_5s.l
        48          4          0          0          0          0   m_5s.l

    ----------------------------------------------------------------------
      9388        404        554          4         96          0   Library Totals

    ----------------------------------------------------------------------

==============================================================================


      Code (inc. data)   RO Data    RW Data    ZI Data      Debug   

     57824      11472       9960        384      28752          0   Grand Totals
     57824      11472       9960        384      28752          0   ELF Image Totals
     57824      11472       9960        384          0          0   ROM Totals

==============================================================================

    Total RO  Size (Code + RO Data)                67784 (  66.20kB)
    Total RW  Size (RW Data + ZI Data)             29136 (  28.45kB)
    Total ROM Size (Code + RO Data + RW Data)      68168 (  66.57kB)

==============================================================================

