Component: ARM Compiler 5.06 update 1 (build 61) Tool: armlink [4d35a8]

==============================================================================

Section Cross References

    main.o(.text) refers to bk3633_initial.o(.text) for SysInit
    main.o(.text) refers to icu.o(.text) for icu_init
    main.o(.text) refers to uart1_initial .o(.text) for Uart1DbgInit
    main.o(.text) refers to uart.o(.text) for uart_printf_null
    main.o(.text) refers to arch_main.o(.text) for rw_main
    boot_handlers.o(SYS_BOOT) refers to __main.o(!!!main) for __main
    boot_handlers.o(SYS_BOOT) refers to boot_handlers.o(Myheap) for bottom_of_heap
    boot_vectors.o(SYS_BOOT) refers to boot_handlers.o(SYS_BOOT) for sys_Reset
    boot_vectors.o(SYS_BOOT) refers to intc.o(sys_irq_entry) for SYSirq_IRQ_Handler
    boot_vectors.o(SYS_BOOT) refers to intc.o(sys_fiq_entry) for SYSirq_FIQ_Handler
    rf_xvr.o(.text) refers to icu.o(.text) for Delay_ms
    rf_xvr.o(.text) refers to uart.o(.text) for uart_printf_null
    rf_xvr.o(.text) refers to rf_xvr.o(.constdata) for .constdata
    rf_xvr.o(.text) refers to rf_xvr.o(.bss) for .bss
    rf_xvr.o(.text) refers to rf_xvr.o(.data) for .data
    icu.o(.text) refers to icu.o(.data) for .data
    icu.o(.text) refers to rf_xvr.o(.bss) for XVR_ANALOG_REG_BAK
    uart_initial.o(.text) refers to uart.o(.text) for uart_printf_null
    uart_initial.o(.text) refers to vsprintf.o(.text) for vsprintf
    uart_initial.o(.text) refers to uart_initial.o(.data) for .data
    uart_initial.o(.text) refers to uart_initial.o(.bss) for .bss
    uart_initial.o(ram_code) refers to uart_initial.o(.data) for .data
    uart_initial.o(ram_code) refers to uart_initial.o(.bss) for .bss
    uart_initial.o(.data) refers to uart_initial.o(.bss) for uart_tx_buf
    uart_initial.o(.data) refers to uart_initial.o(.bss) for uart_rx_buf
    uart1_initial .o(.text) refers to vsprintf.o(.text) for vsprintf
    uart1_initial .o(.text) refers to uart1_initial .o(.data) for .data
    uart1_initial .o(.text) refers to uart1_initial .o(.bss) for .bss
    uart1_initial .o(ram_code) refers to uart.o(.text) for store_uart_ringbuf_data
    uart1_initial .o(ram_code) refers to user_func.o(.text) for set_at_rsp_ch
    uart1_initial .o(ram_code) refers to uart1_initial .o(.data) for .data
    uart1_initial .o(ram_code) refers to uart1_initial .o(.bss) for .bss
    gpio.o(.text) refers to gpio.o(.data) for .data
    gpio.o(ram_code) refers to uart.o(.text) for uart_printf_null
    gpio.o(ram_code) refers to gpio.o(.data) for .data
    cli_krhino.o(.text) refers to strlen.o(.text) for strlen
    cli_krhino.o(.text) refers to uart1_initial .o(.text) for uart1_send
    cli_krhino.o(.text) refers to vsprintf.o(.text) for vsprintf
    cli_krhino.o(.text) refers to user_func.o(.text) for get_at_rsp_ch
    cli_krhino.o(.text) refers to strchr.o(.text) for strchr
    cli_krhino.o(.text) refers to strncmp.o(.text) for strncmp
    cli_krhino.o(.text) refers to uart.o(.text) for read_uart_ringbuf_data
    cli_krhino.o(.text) refers to strncpy.o(.text) for strncpy
    cli_krhino.o(.text) refers to cli_krhino.o(.bss) for .bss
    cli_krhino.o(.text) refers to cli_krhino.o(.data) for .data
    cli_krhino.o(.text) refers to strstr.o(.text) for strstr
    cli_krhino.o(.text) refers to rt_memmove_w.o(.text) for __aeabi_memmove4
    cli_krhino.o(.text) refers to strcmp.o(.text) for strcmp
    cli_krhino.o(.text) refers to uart1_initial .o(.bss) for uart1_rx_buf
    cli_krhino.o(.text) refers to uart1_initial .o(.data) for uart1_rx_index
    cli_krhino.o(.text) refers to cli_api.o(.constdata) for built_ins
    cli_api.o(.text) refers to cli_krhino.o(.text) for aos_cli_get_tag
    cli_api.o(.text) refers to strlen.o(.text) for strlen
    cli_api.o(.text) refers to atoi.o(.text) for atoi
    cli_api.o(.text) refers to user_func.o(.text) for set_at_mode
    cli_api.o(.text) refers to cli_krhino.o(.data) for cli
    cli_api.o(.text) refers to uart.o(.text) for uart_printf_null
    cli_api.o(.text) refers to app.o(.text) for appm_disconnect
    cli_api.o(.text) refers to cli_api.o(.constdata) for .constdata
    cli_api.o(.text) refers to strcmp.o(.text) for strcmp
    cli_api.o(.text) refers to app_adv.o(.text) for appm_update_adv_state
    cli_api.o(.text) refers to app.o(.bss) for app_env
    cli_api.o(.constdata) refers to cli_api.o(.conststring) for .conststring
    cli_api.o(.constdata) refers to cli_api.o(.text) for help_cmd
    intc.o(.text) refers to uart.o(.text) for uart_printf_null
    intc.o(.text) refers to timer.o(.text) for timer0_isr
    intc.o(.text) refers to rwip_driver.o(.text) for rwip_isr
    intc.o(ram_code) refers to rwip_driver.o(.text) for rwip_isr
    intc.o(ram_code) refers to pwm.o(ram_code) for pwm0_isr
    intc.o(ram_code) refers to adc.o(.text) for adc_isr
    intc.o(ram_code) refers to uart_initial.o(ram_code) for UART0ISR
[...]
    MUSB_ListFindItem                        0x0003b471   Thumb Code    18  mu_list.o(.text)
    MUSB_ListAppendItem                      0x0003b4b7   Thumb Code    42  mu_list.o(.text)
    MUSB_ListInsertItem                      0x0003b4e1   Thumb Code    86  mu_list.o(.text)
    MUSB_ListRemoveItem                      0x0003b537   Thumb Code    96  mu_list.o(.text)
    MUSB_StartControlTransfer                0x0003b605   Thumb Code   126  mu_hst.o(.text)
    MGC_HostFindDriver                       0x0003b823   Thumb Code   438  mu_hst.o(.text)
    MGC_ReleaseAddress                       0x0003b9d9   Thumb Code    32  mu_hst.o(.text)
    MGC_AllocateAddress                      0x0003bd21   Thumb Code   100  mu_hst.o(.text)
    MGC_EnumerateDevice                      0x0003bd85   Thumb Code   148  mu_hst.o(.text)
    MUSB_RejectDevice                        0x0003be19   Thumb Code   316  mu_hst.o(.text)
    MUSB_DeviceDisconnected                  0x0003bf55   Thumb Code    46  mu_hst.o(.text)
    MGC_HostDestroy                          0x0003bf83   Thumb Code   144  mu_hst.o(.text)
    MUSB_RejectInterfaces                    0x0003c013   Thumb Code   396  mu_hst.o(.text)
    MUSB_SetTreeSuspend                      0x0003c19f   Thumb Code     4  mu_hst.o(.text)
    MGC_StartNextControlTransfer             0x0003c1a3   Thumb Code    84  mu_hst.o(.text)
    MGC_RunScheduledTransfers                0x0003c1f7   Thumb Code     4  mu_hst.o(.text)
    MUSB_OpenPipe                            0x0003c331   Thumb Code   238  mu_hst.o(.text)
    MUSB_ClosePipe                           0x0003c41f   Thumb Code   310  mu_hst.o(.text)
    MUSB_CancelControlTransfer               0x0003c555   Thumb Code   136  mu_hst.o(.text)
    MUSB_AdjustIsochTransfer                 0x0003c5dd   Thumb Code    30  mu_hst.o(.text)
    MUSB_ArmTimer                            0x0003c615   Thumb Code    52  mu_hst.o(.text)
    MUSB_CancelTimer                         0x0003c649   Thumb Code    18  mu_hst.o(.text)
    MGC_HostSetMaxPower                      0x0003c65b   Thumb Code    14  mu_hst.o(.text)
    MGC_FindDescriptor                       0x0003c7fd   Thumb Code    68  mu_pip.o(.text)
    MGC_PipePacketReceived                   0x0003c841   Thumb Code   310  mu_pip.o(.text)
    MGC_PipeTransmitReady                    0x0003c977   Thumb Code   194  mu_pip.o(.text)
    MGC_StartNextIrp                         0x0003ca39   Thumb Code   284  mu_pip.o(.text)
    MGC_CompleteIrp                          0x0003cb55   Thumb Code   266  mu_pip.o(.text)
    MUSB_GetPipeHalt                         0x0003cc5f   Thumb Code     6  mu_pip.o(.text)
    MUSB_SetPipeHalt                         0x0003cc65   Thumb Code    58  mu_pip.o(.text)
    MUSB_FlushPipe                           0x0003cc9f   Thumb Code    72  mu_pip.o(.text)
    MUSB_StartTransfer                       0x0003cce7   Thumb Code   308  mu_pip.o(.text)
    MUSB_InterruptReady                      0x0003ce1b   Thumb Code    28  mu_pip.o(.text)
    MUSB_CancelTransfer                      0x0003ce37   Thumb Code   166  mu_pip.o(.text)
    MUSB_ScheduleIsochTransfer               0x0003cedd   Thumb Code   182  mu_pip.o(.text)
    MUSB_CancelIsochTransfer                 0x0003cf93   Thumb Code    36  mu_pip.o(.text)
    USBD_KeyboardStartTx                     0x0003cfb9   Thumb Code    58  mu_msdfn.o(.text)
    test_usb_device                          0x0003cff3   Thumb Code    52  mu_msdfn.o(.text)
    USBD_KeyboardTxDataComplete              0x0003d027   Thumb Code    16  mu_msdfn.o(.text)
    MGC_McpNewUsbState                       0x0003d037   Thumb Code    18  mu_msdfn.o(.text)
    MGC_McpDeviceRequest                     0x0003d049   Thumb Code    56  mu_msdfn.o(.text)
    USBD_StartRx                             0x0003d081   Thumb Code    34  mu_msdfn.o(.text)
    USBD_RxDataCallback                      0x0003d0a3   Thumb Code    86  mu_msdfn.o(.text)
    MGC_McpDeviceConfigSelected              0x0003d0f9   Thumb Code    24  mu_msdfn.o(.text)
    set_b_isTRxing                           0x0003d111   Thumb Code     6  mu_msdfn.o(.text)
    check_b_isTRxing                         0x0003d117   Thumb Code     6  mu_msdfn.o(.text)
    MUSB_ReadConsole                         0x0003d18d   Thumb Code     4  board.o(.text)
    MUSB_WriteConsole                        0x0003d191   Thumb Code     2  board.o(.text)
    MGC_AfsMemRealloc                        0x0003d193   Thumb Code    36  board.o(.text)
    MUSB_BoardMessageString                  0x0003d1b7   Thumb Code    42  board.o(.text)
    MUSB_BoardMessageNumber                  0x0003d1e1   Thumb Code   104  board.o(.text)
    MUSB_BoardGetTime                        0x0003d249   Thumb Code     4  board.o(.text)
    MGC_AfsUdsIsr                            0x0003d24d   Thumb Code    58  board.o(.text)
    MUSB_BoardInitController                 0x0003d287   Thumb Code    82  board.o(.text)
    MUSB_BoardInitTimers                     0x0003d2d9   Thumb Code   104  board.o(.text)
    MUSB_BoardDestroyController              0x0003d341   Thumb Code    20  board.o(.text)
    MUSB_BoardRunBackground                  0x0003d355   Thumb Code     2  board.o(.text)
    MGC_AfsTimerExpired                      0x0003d357   Thumb Code    46  board.o(.text)
    MUSB_BoardArmTimer                       0x0003d385   Thumb Code    30  board.o(.text)
    MUSB_BoardCancelTimer                    0x0003d3a3   Thumb Code    48  board.o(.text)
    MUSB_BoardPrintDiag                      0x0003d3d3   Thumb Code     4  board.o(.text)
    MUSB_BoardSystemToBusAddress             0x0003d3d7   Thumb Code     4  board.o(.text)
    MUSB_HfiAddDevice                        0x0003d435   Thumb Code    12  tst_msd.o(.text)
    MUSB_HfiMediumInserted                   0x0003d441   Thumb Code     6  tst_msd.o(.text)
    MUSB_HfiMediumRemoved                    0x0003d447   Thumb Code     8  tst_msd.o(.text)
    MUSB_HfiDeviceRemoved                    0x0003d44f   Thumb Code    10  tst_msd.o(.text)
    MGC_MsdGetMediumstatus                   0x0003d459   Thumb Code    14  tst_msd.o(.text)
    MUSB_HfiRead                             0x0003d46b   Thumb Code    46  tst_msd.o(.text)
    MUSB_HfiWrite                            0x0003d49d   Thumb Code    50  tst_msd.o(.text)
    get_HfiMedium_size                       0x0003d4cf   Thumb Code    12  tst_msd.o(.text)
    get_HfiMedium_blksize                    0x0003d4db   Thumb Code    12  tst_msd.o(.text)
    usb_sw_init                              0x0003d4e7   Thumb Code    74  tst_msd.o(.text)
    DelayNops                                0x0003d559   Thumb Code    12  driver_usb.o(.text)
    usb_init                                 0x0003d565   Thumb Code   160  driver_usb.o(.text)
    usb_deinit                               0x0003d605   Thumb Code    40  driver_usb.o(.text)
    USB_InterruptHandler                     0x0003d62d   Thumb Code    32  driver_usb.o(.text)
    MGC_NoneControllerIsr                    0x0003d719   Thumb Code    66  plat_uds.o(.text)
    MGC_NoneArmTimer                         0x0003d75b   Thumb Code    20  plat_uds.o(.text)
    MGC_NoneCancelTimer                      0x0003d76f   Thumb Code    10  plat_uds.o(.text)
    MUSB_NoneRunBackground                   0x0003d779   Thumb Code    86  plat_uds.o(.text)
    MUSB_Host_init                           0x0003d7cf   Thumb Code    18  plat_uds.o(.text)
    MUSB_Host_uninit                         0x0003d7e1   Thumb Code    26  plat_uds.o(.text)
    MUSB_InitSystem                          0x0003d899   Thumb Code    50  plat_uds.o(.text)
    user_info_need_save                      0x0003d901   Thumb Code     8  user_func.o(.text)
    erase_user_info                          0x0003d909   Thumb Code    36  user_func.o(.text)
    save_user_info_to_flash                  0x0003d92d   Thumb Code    48  user_func.o(.text)
    app_wdt_feed                             0x0003d95d   Thumb Code    18  user_func.o(.text)
    copy_ble_parm                            0x0003d96f   Thumb Code    20  user_func.o(.text)
    baudrate_check                           0x0003d983   Thumb Code   138  user_func.o(.text)
    get_baudrate                             0x0003da0d   Thumb Code    30  user_func.o(.text)
    set_ble_buf_size                         0x0003da2b   Thumb Code    32  user_func.o(.text)
    user_init                                0x0003da4b   Thumb Code   148  user_func.o(.text)
    app_send_keyboad_data                    0x0003dadf   Thumb Code   194  user_func.o(.text)
    app_send_ble_data                        0x0003dba1   Thumb Code    44  user_func.o(.text)
    gpio_task                                0x0003dbcd   Thumb Code    56  user_func.o(.text)
    user_task                                0x0003dc05   Thumb Code    30  user_func.o(.text)
    reverse                                  0x0003dc23   Thumb Code    30  user_func.o(.text)
    mac_search                               0x0003dc41   Thumb Code    62  user_func.o(.text)
    channel_search                           0x0003dc7f   Thumb Code   262  user_func.o(.text)
    free_channel_search                      0x0003dd85   Thumb Code    42  user_func.o(.text)
    hexstr2bin                               0x0003dddd   Thumb Code   122  user_func.o(.text)
    set_at_rsp_ch                            0x0003de57   Thumb Code     6  user_func.o(.text)
    get_at_rsp_ch                            0x0003de5d   Thumb Code     6  user_func.o(.text)
    set_at_mode                              0x0003de63   Thumb Code     6  user_func.o(.text)
    get_at_mode                              0x0003de69   Thumb Code     6  user_func.o(.text)
    set_data_mode                            0x0003de6f   Thumb Code     6  user_func.o(.text)
    get_data_mode                            0x0003de75   Thumb Code     6  user_func.o(.text)
    set_fw_version                           0x0003de7b   Thumb Code    16  user_func.o(.text)
    get_fw_version                           0x0003de8b   Thumb Code    14  user_func.o(.text)
    set_version_time                         0x0003de99   Thumb Code    16  user_func.o(.text)
    get_version_time                         0x0003dea9   Thumb Code    14  user_func.o(.text)
    set_sn                                   0x0003deb7   Thumb Code    16  user_func.o(.text)
    get_sn                                   0x0003dec7   Thumb Code    14  user_func.o(.text)
    set_uuid                                 0x0003ded5   Thumb Code    16  user_func.o(.text)
    get_uuid                                 0x0003dee5   Thumb Code    14  user_func.o(.text)
    set_product_name                         0x0003def3   Thumb Code    30  user_func.o(.text)
    get_product_name                         0x0003df11   Thumb Code    32  user_func.o(.text)
    set_wdt_state                            0x0003df31   Thumb Code    30  user_func.o(.text)
    get_wdt_state                            0x0003df4f   Thumb Code     8  user_func.o(.text)
    set_wdt_time                             0x0003df57   Thumb Code    22  user_func.o(.text)
    get_wdt_time                             0x0003df6d   Thumb Code     8  user_func.o(.text)
    set_dev_mode                             0x0003df75   Thumb Code     8  user_func.o(.text)
    get_dev_mode                             0x0003df7d   Thumb Code     8  user_func.o(.text)
    set_sleep_interval                       0x0003df85   Thumb Code     8  user_func.o(.text)
    get_sleep_interval                       0x0003df8d   Thumb Code    12  user_func.o(.text)
    set_gpio_value                           0x0003df99   Thumb Code    24  user_func.o(.text)
    set_gpio_led                             0x0003dfb1   Thumb Code    22  user_func.o(.text)
    get_gpio_led                             0x0003dfc7   Thumb Code     8  user_func.o(.text)
    get_ble_buf_size                         0x0003dfcf   Thumb Code     8  user_func.o(.text)
    set_ble_name                             0x0003dfd7   Thumb Code    52  user_func.o(.text)
    get_ble_name                             0x0003e00b   Thumb Code    44  user_func.o(.text)
    get_ble_state                            0x0003e037   Thumb Code    20  user_func.o(.text)
    set_ble_mac                              0x0003e04b   Thumb Code    70  user_func.o(.text)
    get_ble_mac                              0x0003e091   Thumb Code    80  user_func.o(.text)
    set_ble_power                            0x0003e0e1   Thumb Code    16  user_func.o(.text)
    get_ble_power                            0x0003e0f1   Thumb Code     8  user_func.o(.text)
    get_ble_rssi                             0x0003e0f9   Thumb Code    28  user_func.o(.text)
    set_ble_pincode                          0x0003e115   Thumb Code    32  user_func.o(.text)
    get_ble_pincode                          0x0003e135   Thumb Code    20  user_func.o(.text)
    user_remove_bond                         0x0003e149   Thumb Code    34  user_func.o(.text)
    set_ble_parm                             0x0003e16b   Thumb Code    94  user_func.o(.text)
    get_ble_parm                             0x0003e1c9   Thumb Code    14  user_func.o(.text)
    set_baudrate                             0x0003e1d7   Thumb Code    36  user_func.o(.text)
    soft_reset                               0x0003e1fb   Thumb Code    10  user_func.o(.text)
    app_connect_device_info_get              0x0003e205   Thumb Code   296  user_func.o(.text)
    app_send_at_cmd                          0x0003e32d   Thumb Code    72  user_func.o(.text)
    malloc                                   0x0003e3d5   Thumb Code    98  h1_alloc.o(.text)
    free                                     0x0003e437   Thumb Code    76  h1_free.o(.text)
    vsprintf                                 0x0003e485   Thumb Code    32  vsprintf.o(.text)
    __2sprintf                               0x0003e4a9   Thumb Code    40  __2sprintf.o(.text)
    __2snprintf                              0x0003e4d5   Thumb Code    54  __2snprintf.o(.text)
    _printf_pre_padding                      0x0003e511   Thumb Code    44  _printf_pad.o(.text)
    _printf_post_padding                     0x0003e53d   Thumb Code    34  _printf_pad.o(.text)
    _printf_truncate_signed                  0x0003e55f   Thumb Code    22  _printf_truncate.o(.text)
    _printf_truncate_unsigned                0x0003e575   Thumb Code    22  _printf_truncate.o(.text)
    _printf_str                              0x0003e58b   Thumb Code    82  _printf_str.o(.text)
    Inline ARM to Thumb Veneer to _printf_int_dec 0x0003e5dc   ARM Code       8  _printf_dec.o(.text)
    _printf_int_dec                          0x0003e5e5   Thumb Code    90  _printf_dec.o(.text)
    _printf_wctomb                           0x0003e651   Thumb Code   182  _printf_wctomb.o(.text)
    Inline ARM to Thumb Veneer to _printf_int_oct 0x0003e70c   ARM Code       8  _printf_oct_int_ll.o(.text)
    _printf_longlong_oct                     0x0003e715   Thumb Code    68  _printf_oct_int_ll.o(.text)
    _printf_int_oct                          0x0003e759   Thumb Code    24  _printf_oct_int_ll.o(.text)
    _printf_ll_oct                           0x0003e771   Thumb Code    10  _printf_oct_int_ll.o(.text)
    Inline ARM to Thumb Veneer to _printf_hex_ptr 0x0003e784   ARM Code       8  _printf_hex_int_ll_ptr.o(.text)
    _printf_longlong_hex                     0x0003e78d   Thumb Code    88  _printf_hex_int_ll_ptr.o(.text)
    _printf_int_hex                          0x0003e7e5   Thumb Code    28  _printf_hex_int_ll_ptr.o(.text)
    _printf_ll_hex                           0x0003e801   Thumb Code    10  _printf_hex_int_ll_ptr.o(.text)
    _printf_hex_ptr                          0x0003e80b   Thumb Code    22  _printf_hex_int_ll_ptr.o(.text)
    __printf                                 0x0003e825   Thumb Code   386  __printf_flags_ss_wp.o(.text)
    atoi                                     0x0003e9ad   Thumb Code    26  atoi.o(.text)
    strchr                                   0x0003e9c7   Thumb Code    22  strchr.o(.text)
    strstr                                   0x0003e9dd   Thumb Code    40  strstr.o(.text)
    strcpy                                   0x0003ea05   Thumb Code    72  strcpy.o(.text)
    strlen                                   0x0003ea51   Thumb Code    62  strlen.o(.text)
    strncmp                                  0x0003ea95   Thumb Code   144  strncmp.o(.text)
    strcat                                   0x0003eb29   Thumb Code    24  strcat.o(.text)
    __aeabi_memmove4                         0x0003eb40   ARM Code       0  rt_memmove_w.o(.text)
    __aeabi_memmove8                         0x0003eb40   ARM Code       0  rt_memmove_w.o(.text)
    __rt_memmove_w                           0x0003eb40   ARM Code     128  rt_memmove_w.o(.text)
    __memmove_aligned                        0x0003eb6c   ARM Code       0  rt_memmove_w.o(.text)
    __memmove_lastfew_aligned                0x0003eba8   ARM Code       0  rt_memmove_w.o(.text)
    strncpy                                  0x0003ebc0   ARM Code     104  strncpy.o(.text)
    strcmp                                   0x0003ec2c   ARM Code     240  strcmp.o(.text)
    __rt_heap_descriptor                     0x0003ed20   ARM Code      12  rt_heap_descriptor_intlibspace.o(.text)
    __aeabi_errno_addr                       0x0003ed2c   ARM Code      12  rt_errno_addr_intlibspace.o(.text)
    __errno$intlibspace                      0x0003ed2c   ARM Code       0  rt_errno_addr_intlibspace.o(.text)
    __rt_errno_addr$intlibspace              0x0003ed2c   ARM Code       0  rt_errno_addr_intlibspace.o(.text)
    __use_no_heap                            0x0003ed39   Thumb Code     2  hguard.o(.text)
    __heap$guard                             0x0003ed3b   Thumb Code     2  hguard.o(.text)
    _terminate_user_alloc                    0x0003ed3d   Thumb Code     2  init_alloc.o(.text)
    _init_user_alloc                         0x0003ed3f   Thumb Code     2  init_alloc.o(.text)
    __Heap_Full                              0x0003ed41   Thumb Code    32  init_alloc.o(.text)
    __Heap_Broken                            0x0003ed61   Thumb Code    10  init_alloc.o(.text)
    _init_alloc                              0x0003ed6b   Thumb Code    90  init_alloc.o(.text)
    __Heap_Initialize                        0x0003edc5   Thumb Code    10  h1_init.o(.text)
    __Heap_DescSize                          0x0003edcf   Thumb Code     4  h1_init.o(.text)
    _printf_int_common                       0x0003edd3   Thumb Code   176  _printf_intcommon.o(.text)
    Inline ARM to Thumb Veneer to _printf_charcount 0x0003ee84   ARM Code       8  _printf_charcount.o(.text)
    _printf_charcount                        0x0003ee8d   Thumb Code    38  _printf_charcount.o(.text)
    _printf_char_common                      0x0003eebf   Thumb Code    32  _printf_char_common.o(.text)
    _sputc                                   0x0003eee5   Thumb Code    10  _sputc.o(.text)
    _snputc                                  0x0003eeef   Thumb Code    16  _snputc.o(.text)
    Inline ARM to Thumb Veneer to _printf_char 0x0003ef00   ARM Code       8  _printf_char.o(.text)
    _printf_cs_common                        0x0003ef09   Thumb Code    22  _printf_char.o(.text)
    _printf_char                             0x0003ef1f   Thumb Code    16  _printf_char.o(.text)
    _printf_string                           0x0003ef2f   Thumb Code     8  _printf_char.o(.text)
    Inline ARM to Thumb Veneer to _printf_wchar 0x0003ef38   ARM Code       8  _printf_wchar.o(.text)
    _printf_lcs_common                       0x0003ef41   Thumb Code    22  _printf_wchar.o(.text)
    _printf_wchar                            0x0003ef57   Thumb Code    16  _printf_wchar.o(.text)
    _printf_wstring                          0x0003ef67   Thumb Code     8  _printf_wchar.o(.text)
    Inline ARM to Thumb Veneer to _printf_longlong_dec 0x0003ef70   ARM Code       8  _printf_longlong_dec.o(.text)
    _printf_longlong_dec                     0x0003ef79   Thumb Code    94  _printf_longlong_dec.o(.text)
    strtol                                   0x0003efe9   Thumb Code   108  strtol.o(.text)
    _wcrtomb                                 0x0003f059   Thumb Code    64  _wcrtomb.o(.text)
    __rt_udiv10                              0x0003f098   ARM Code      44  rtudiv10.o(.text)
    __user_libspace                          0x0003f0c4   ARM Code      12  libspace.o(.text)
    __user_perproc_libspace                  0x0003f0c4   ARM Code       0  libspace.o(.text)
    __user_perthread_libspace                0x0003f0c4   ARM Code       0  libspace.o(.text)
    __rt_ctype_table                         0x0003f0d0   ARM Code      20  rt_ctype_table.o(.text)
    __Heap_ProvideMemory                     0x0003f0e5   Thumb Code    52  h1_extend.o(.text)
    _ll_udiv10                               0x0003f118   ARM Code     152  lludiv10.o(.text)
    __lib_sel_fp_printf                      0x0003f1b1   Thumb Code     2  _printf_fp_dec.o(.text)
    _printf_fp_dec_real                      0x0003f349   Thumb Code   620  _printf_fp_dec.o(.text)
    Inline ARM to Thumb Veneer to _printf_fp_hex_real 0x0003f5c0   ARM Code       8  _printf_fp_hex.o(.text)
    _printf_fp_hex_real                      0x0003f5c9   Thumb Code   714  _printf_fp_hex.o(.text)
    _strtoul                                 0x0003f89d   Thumb Code   168  _strtoul.o(.text)
    __rt_SIGRTMEM                            0x0003f945   Thumb Code    12  defsig_rtmem_outer.o(.text)
    __rt_heap_escrow                         0x0003f951   Thumb Code    24  heapauxa.o(.text)
    __rt_heap_expand                         0x0003f969   Thumb Code    52  heapauxa.o(.text)
    __I$use$semihosting                      0x0003f9a0   ARM Code       0  use_no_semi.o(.text)
    __use_no_semihosting_swi                 0x0003f9a0   ARM Code       4  use_no_semi.o(.text)
    __semihosting_library_function           0x0003f9a4   ARM Code       0  indicate_semi.o(.text)
    __user_setup_stackheap                   0x0003f9a4   ARM Code      96  sys_stackheap_outer.o(.text)
    __rt_locale                              0x0003fa04   ARM Code      12  rt_locale_intlibspace.o(.text)
    _printf_fp_infnan                        0x0003fa11   Thumb Code   120  _printf_fp_infnan.o(.text)
    _chval                                   0x0003fa99   Thumb Code    30  _chval.o(.text)
    _btod_etento                             0x0003fab9   Thumb Code   202  bigflt0.o(.text)
    exit                                     0x0003fb89   Thumb Code    16  exit.o(.text)
    __sig_exit                               0x0003fb99   Thumb Code    12  defsig_exit.o(.text)
    __rt_SIGRTMEM_inner                      0x0003fba5   Thumb Code    22  defsig_rtmem_inner.o(.text)
    _sys_exit                                0x0003fbf5   Thumb Code     8  sys_exit.o(.text)
    __default_signal_display                 0x0003fc01   Thumb Code    52  defsig_general.o(.text)
    _ttywrch                                 0x0003fc35   Thumb Code    12  sys_wrch.o(.text)
    _btod_d2e                                0x0003fc40   ARM Code      56  btod.o(CL$$btod_d2e)
    _d2e_denorm_low                          0x0003fc78   ARM Code      84  btod.o(CL$$btod_d2e_denorm_low)
    _d2e_norm_op1                            0x0003fccc   ARM Code     104  btod.o(CL$$btod_d2e_norm_op1)
    __btod_div_common                        0x0003fd34   ARM Code     712  btod.o(CL$$btod_div_common)
    _e2e                                     0x0004007c   ARM Code     220  btod.o(CL$$btod_e2e)
    _btod_ediv                               0x00040158   ARM Code      48  btod.o(CL$$btod_ediv)
    _btod_emul                               0x00040188   ARM Code      48  btod.o(CL$$btod_emul)
    __btod_mult_common                       0x000401b8   ARM Code     612  btod.o(CL$$btod_mult_common)
    Long ARM to Thumb Veneer to _printf_int_hex 0x0004041c   ARM Code       8  anon$$obj.o(Veneer$$Code)
    Long ARM to Thumb Veneer to _printf_ll_oct 0x00040424   ARM Code       8  anon$$obj.o(Veneer$$Code)
    Long ARM to Thumb Veneer to _printf_ll_hex 0x0004042c   ARM Code       8  anon$$obj.o(Veneer$$Code)
    Long ARM to Thumb Veneer to _printf_string 0x00040434   ARM Code       8  anon$$obj.o(Veneer$$Code)
    Long ARM to Thumb Veneer to _printf_wstring 0x0004043c   ARM Code       8  anon$$obj.o(Veneer$$Code)
    Long ARM to Thumb Veneer to __aeabi_memcpy4 0x00040444   ARM Code       8  anon$$obj.o(Veneer$$Code)
    Long ARM to Thumb Veneer to _printf_fp_dec_real 0x0004044c   ARM Code       8  anon$$obj.o(Veneer$$Code)
    __ARM_fpclassify                         0x00040454   ARM Code      44  fpclassify.o(i.__ARM_fpclassify)
    _is_digit                                0x00040485   Thumb Code    14  __printf_wp.o(i._is_digit)
    _get_lc_ctype                            0x00040494   ARM Code      72  lc_ctype_c.o(locale$$code)
    _get_lc_numeric                          0x000404dc   ARM Code      72  lc_numeric_c.o(locale$$code)
    __aeabi_ui2d                             0x00040524   ARM Code       0  dflt_clz.o(x$fpl$dfltu)
    _dfltu                                   0x00040524   ARM Code      44  dflt_clz.o(x$fpl$dfltu)
    __aeabi_dmul                             0x00040550   ARM Code       0  dmul.o(x$fpl$dmul)
    _dmul                                    0x00040550   ARM Code     364  dmul.o(x$fpl$dmul)
    __fpl_dnaninf                            0x000406c8   ARM Code     184  dnaninf.o(x$fpl$dnaninf)
    __fpl_dretinf                            0x00040780   ARM Code      16  dretinf.o(x$fpl$dretinf)
    __ieee_status                            0x00040790   ARM Code       8  istatus.o(x$fpl$ieeestatus)
    _printf_fp_dec                           0x00040798   ARM Code       4  printf1.o(x$fpl$printf1)
    _printf_fp_hex                           0x0004079c   ARM Code       4  printf2.o(x$fpl$printf2)
    __I$use$fp                               0x000407a0   Number         0  usenofp.o(x$fpl$usenofp)
    built_ins                                0x000407b0   Data         300  cli_api.o(.constdata)
    app_batt_msg_handler_list                0x00040aa8   Data          32  app_batt.o(.constdata)
    app_batt_handlers                        0x00040ac8   Data           8  app_batt.o(.constdata)
    app_dis_msg_handler_list                 0x00040b24   Data           8  app_dis.o(.constdata)
    app_dis_handlers                         0x00040b2c   Data           8  app_dis.o(.constdata)
    app_sec_msg_handler_list                 0x00040bb0   Data          48  app_sec.o(.constdata)
    app_sec_handlers                         0x00040be0   Data           8  app_sec.o(.constdata)
    gapm_operation_str                       0x00040be8   Data        2805  app_task.o(.constdata)
    gapc_operation_str                       0x000416dd   Data        1530  app_task.o(.constdata)
    TASK_DESC_APP                            0x00041f64   Data          12  app_task.o(.constdata)
    app_fee0_msg_handler_list                0x00041f70   Data          56  app_fee0.o(.constdata)
    app_fee0_handler                         0x00041fa8   Data           8  app_fee0.o(.constdata)
    app_fcc0_msg_handler_list                0x00042024   Data          32  app_fcc0.o(.constdata)
    app_fcc0_handler                         0x00042044   Data           8  app_fcc0.o(.constdata)
    app_oads_msg_handler_list                0x00042080   Data          48  app_oads.o(.constdata)
    app_oads_handler                         0x000420b0   Data           8  app_oads.o(.constdata)
    diss_att_db                              0x00042164   Data         152  diss.o(.constdata)
    diss_itf                                 0x000421fc   Data          16  diss.o(.constdata)
    fee0_att_db                              0x00042224   Data         112  fee0s.o(.constdata)
    fee0s_itf                                0x00042294   Data          16  fee0s.o(.constdata)
    bas_att_db                               0x00042380   Data          40  bass.o(.constdata)
    bass_itf                                 0x000423a8   Data          16  bass.o(.constdata)
    sdp_itf                                  0x000423e8   Data          16  sdp_service.o(.constdata)
    oads_att_db                              0x0004252c   Data          72  oads.o(.constdata)
    oads_itf                                 0x00042574   Data          16  oads.o(.constdata)
    gHidKeyboardReportDescriptor             0x0004266a   Data          46  mu_msdfn.o(.constdata)
    MGC_aDescriptorData                      0x00042698   Data         136  mu_msdfn.o(.constdata)
    MGC_aHighSpeedDescriptorData             0x00042720   Data          44  mu_msdfn.o(.constdata)
    Region$$Table$$Base                      0x00042d30   Number         0  anon$$obj.o(Region$$Table)
    Region$$Table$$Limit                     0x00042d60   Number         0  anon$$obj.o(Region$$Table)
    __ctype                                  0x00042d6d   Data           0  lc_ctype_c.o(locale$$data)
    Load$$RAM_DATA$$Base                     0x00042e8c   Number         0  anon$$obj.o ABSOLUTE
    UART0ISR                                 0x003f0001   Thumb Code    60  uart_initial.o(ram_code)
    UART1ISR                                 0x003f0049   Thumb Code    86  uart1_initial .o(ram_code)
    gpio_isr                                 0x003f00ad   Thumb Code    32  gpio.o(ram_code)
    intc_irq                                 0x003f00e5   Thumb Code   144  intc.o(ram_code)
    pwm0_isr                                 0x003f0179   Thumb Code    52  pwm.o(ram_code)
    pwm1_isr                                 0x003f01ad   Thumb Code    54  pwm.o(ram_code)
    timer0_init                              0x003f01f1   Thumb Code   170  timer.o(ram_code)
    co_default_bdaddr                        0x00400068   Data           0  peripheral_stack_symbol.txt ABSOLUTE
    gapc_env                                 0x0040008c   Data           0  peripheral_stack_symbol.txt ABSOLUTE
    gapc_state                               0x00400094   Data           0  peripheral_stack_symbol.txt ABSOLUTE
    gapm_state                               0x00400096   Data           0  peripheral_stack_symbol.txt ABSOLUTE
    gattc_env                                0x00400098   Data           0  peripheral_stack_symbol.txt ABSOLUTE
    gattc_state                              0x004000a0   Data           0  peripheral_stack_symbol.txt ABSOLUTE
    gattm_state                              0x004000a2   Data           0  peripheral_stack_symbol.txt ABSOLUTE
    l2cc_env                                 0x004000a4   Data           0  peripheral_stack_symbol.txt ABSOLUTE
    l2cc_state                               0x004000ac   Data           0  peripheral_stack_symbol.txt ABSOLUTE
    ke_env                                   0x004000c8   Data           0  peripheral_stack_symbol.txt ABSOLUTE
    llc_env                                  0x004003a0   Data           0  peripheral_stack_symbol.txt ABSOLUTE
    llm_env                                  0x0040053c   Data           0  peripheral_stack_symbol.txt ABSOLUTE
    hci_env                                  0x0040096c   Data           0  peripheral_stack_symbol.txt ABSOLUTE
    rom_env                                  0x00400b64   Data           0  peripheral_stack_symbol.txt ABSOLUTE
    rwip_env                                 0x00400b94   Data           0  peripheral_stack_symbol.txt ABSOLUTE
    rwip_rf                                  0x00400bb0   Data           0  peripheral_stack_symbol.txt ABSOLUTE
    rwip_param                               0x00400be4   Data           0  peripheral_stack_symbol.txt ABSOLUTE
    gapm_env                                 0x00400bf0   Data           0  peripheral_stack_symbol.txt ABSOLUTE
    gattm_env                                0x00400c68   Data           0  peripheral_stack_symbol.txt ABSOLUTE
    l2cm_env                                 0x00400ca0   Data           0  peripheral_stack_symbol.txt ABSOLUTE
    Image$$RAM_DATA$$Base                    0x00402000   Number         0  anon$$obj.o ABSOLUTE
    rf_power_leave                           0x00402000   Data           1  rf_xvr.o(.data)
    system_sleep_status                      0x00402002   Data           1  icu.o(.data)
    rw_ip_sleep_test_flag                    0x00402003   Data           1  icu.o(.data)
    system_clk                               0x00402004   Data           1  icu.o(.data)
    system_sleep_flag                        0x00402005   Data           1  icu.o(.data)
    system_mode                              0x00402006   Data           1  icu.o(.data)
    uart_rx_done                             0x00402008   Data           1  uart_initial.o(.data)
    uart_rx_index                            0x0040200c   Data           4  uart_initial.o(.data)
    pHCItxBuf                                0x00402010   Data           4  uart_initial.o(.data)
    pDbgPrtBuf                               0x00402014   Data           4  uart_initial.o(.data)
    uart1_rx_done                            0x00402018   Data           1  uart1_initial .o(.data)
    uart1_rx_index                           0x0040201c   Data           4  uart1_initial .o(.data)
    uart1_rx_buff_tailor                     0x00402020   Data           4  uart1_initial .o(.data)
    cli                                      0x0040202c   Data           4  cli_krhino.o(.data)
    cliexit                                  0x00402030   Data           4  cli_krhino.o(.data)
    uart_rx_buff_tailor                      0x00402038   Data           4  uart.o(.data)
    flash_enable_write_flag1                 0x0040203c   Data           1  flash.o(.data)
    flash_enable_write_flag2                 0x0040203d   Data           1  flash.o(.data)
    flash_enable_write_flag3                 0x0040203e   Data           1  flash.o(.data)
    flash_enable_write_flag4                 0x0040203f   Data           1  flash.o(.data)
    flash_enable_erase_flag1                 0x00402040   Data           1  flash.o(.data)
    flash_enable_erase_flag2                 0x00402041   Data           1  flash.o(.data)
    flash_mid                                0x00402044   Data           4  flash.o(.data)
    test_cnt                                 0x00402048   Data           1  timer.o(.data)
    adc_flag                                 0x0040204a   Data           1  adc.o(.data)
    g_adc_value                              0x0040204e   Data           2  adc.o(.data)
    referance_voltage                        0x00402050   Data           2  adc.o(.data)
    app_batt_env                             0x00402059   Data           2  app_batt.o(.data)
    app_sec_env                              0x0040205b   Data           5  app_sec.o(.data)
    unknow_str                               0x00402061   Data          17  app_task.o(.data)
    appm_state                               0x00402072   Data           1  app_task.o(.data)
    app_fcc0_env                             0x00402073   Data           1  app_fcc0.o(.data)
    app_oads_env                             0x00402074   Data           1  app_oads.o(.data)
    unloaded_area                            0x00402078   Data           4  arch_main.o(.data)
    oad_firmware_type                        0x0040207f   Data           1  oads.o(.data)
    latency_disable_state                    0x00402080   Data           1  oads.o(.data)
    ucAudioRecordOnOff                       0x004020ec   Data           1  mu_fun.o(.data)
    MGC_bMcpSelfPowered                      0x00402150   Data           1  mu_msdfn.o(.data)
    MGC_eMcpUsbState                         0x00402154   Data           1  mu_msdfn.o(.data)
    MGC_bMcpInterface                        0x00402155   Data           1  mu_msdfn.o(.data)
    b_isConnected                            0x00402156   Data           1  mu_msdfn.o(.data)
    b_isTRxing                               0x00402157   Data           1  mu_msdfn.o(.data)
    MGC_McpUsbRxDataIrp                      0x00402158   Data          32  mu_msdfn.o(.data)
    MGC_McpKeyboardTxDataIrp                 0x00402178   Data          32  mu_msdfn.o(.data)
    user_flash_data1                         0x00402198   Data          16  mu_msdfn.o(.data)
    ulgHidKeyboardReportDescriptorLen        0x004021a8   Data           4  mu_msdfn.o(.data)
    MGC_McpFunctionClient                    0x004021ac   Data          44  mu_msdfn.o(.data)
    MUSB_aNoneController                     0x004021d8   Data          16  board.o(.data)
    usb_sw_en                                0x004021f2   Data           1  tst_msd.o(.data)
    usb_en                                   0x00402225   Data           1  driver_usb.o(.data)
    ble_rx_data_len                          0x00402248   Data           2  user_func.o(.data)
    usb_send_totail                          0x0040224a   Data           2  user_func.o(.data)
    ble_data_buf                             0x0040224c   Data           4  user_func.o(.data)
    hexvalue                                 0x00402314   Data          94  user_func.o(.data)
    keyvalue                                 0x00402372   Data          47  user_func.o(.data)
    dmo_channel                              0x004023a1   Data           1  user_func.o(.data)
    Image$$RAM_BSS$$Base                     0x004023a8   Number         0  anon$$obj.o ABSOLUTE
    XVR_ANALOG_REG_BAK                       0x004023a8   Data         128  rf_xvr.o(.bss)
    uart_rx_buf                              0x00402428   Data         256  uart_initial.o(.bss)
    uart_tx_buf                              0x00402528   Data         256  uart_initial.o(.bss)
    DbgPrtBufInst                            0x00402628   Data         132  uart_initial.o(.bss)
    uart1_rx_buf                             0x004026ac   Data        1024  uart1_initial .o(.bss)
    uart1_tx_buf                             0x00402aac   Data        1024  uart1_initial .o(.bss)
    esc_tag                                  0x00402eac   Data          64  cli_krhino.o(.bss)
    flash_env                                0x0040332c   Data          12  flash.o(.bss)
    p_PWM0_Int_Handler                       0x00403338   Data          12  pwm.o(.bss)
    p_PWM1_Int_Handler                       0x00403344   Data          12  pwm.o(.bss)
    tmr0_env                                 0x00403350   Data          44  timer.o(.bss)
    app_env                                  0x0040337c   Data          72  app.o(.bss)
    app_fee0_env                             0x004033c4   Data          14  app_fee0.o(.bss)
    rwip_ke_heap_env                         0x004033ec   Data        4352  arch_main.o(.bss)
    rwip_ke_heap_db                          0x004044ec   Data        3084  arch_main.o(.bss)
    rwip_ke_heap_msg                         0x004050f8   Data       11952  arch_main.o(.bss)
    rwip_ke_heap_non_ret                     0x00407fa8   Data         668  arch_main.o(.bss)
    prf_env                                  0x00408244   Data         240  prf.o(.bss)
    sdp_env_init                             0x00408334   Data         156  sdp_service.o(.bss)
    bsec                                     0x004083d0   Data         192  oads.o(.bss)
    MGC_aControlData                         0x00408754   Data         256  mu_msdfn.o(.bss)
    MGC_aJunk                                0x00408854   Data          64  mu_msdfn.o(.bss)
    notify_data                              0x00408ccc   Data          18  user_func.o(.bss)
    __libspace_start                         0x00408ce0   Data          96  libspace.o(.bss)
    __temporary_stack_top$libspace           0x00408d40   Data           0  libspace.o(.bss)
    Image$$RAM_STACK_UNUSED$$Base            0x0040f0cc   Number         0  anon$$obj.o ABSOLUTE
    Image$$RAM_STACK_SVC$$Base               0x0040f12c   Number         0  anon$$obj.o ABSOLUTE
    Image$$RAM_STACK_IRQ$$Base               0x0040f81c   Number         0  anon$$obj.o ABSOLUTE
    Image$$RAM_STACK_FIQ$$Base               0x0040fc0c   Number         0  anon$$obj.o ABSOLUTE



==============================================================================

Memory Map of the image

  Image Entry point : 0x0002db84

  Load Region SECTIONS (Base: 0x0002db00, Size: 0x000159e0, Max: 0xffffffff, ABSOLUTE)

    Execution Region ROM_SYS (Base: 0x0002db00, Size: 0x00000288, Max: 0xffffffff, ABSOLUTE)

    Base Addr    Size         Type   Attr      Idx    E Section Name        Object

    0x0002db00   0x0000005c   Code   RO           10  * SYS_BOOT            boot_vectors.o
    0x0002db5c   0x00000204   Code   RO            8  * SYS_BOOT            boot_handlers.o
    0x0002dd60   0x00000008   Ven    RO          539    Veneer$$Code        anon$$obj.o
    0x0002dd68   0x00000008   Ven    RO          540    Veneer$$Code        anon$$obj.o
    0x0002dd70   0x00000008   Ven    RO          541    Veneer$$Code        anon$$obj.o
    0x0002dd78   0x00000008   Ven    RO          542    Veneer$$Code        anon$$obj.o
    0x0002dd80   0x00000008   Ven    RO          543    Veneer$$Code        anon$$obj.o


    Execution Region FAST_CALL_SEG (Base: 0x0002de00, Size: 0x00000030, Max: 0xffffffff, ABSOLUTE, FIXED)

    Base Addr    Size         Type   Attr      Idx    E Section Name        Object

    0x0002de00   0x00000010   Code   RO           42    sys_fiq_entry       intc.o
    0x0002de10   0x00000010   PAD
    0x0002de20   0x00000010   Code   RO           43    sys_irq_entry       intc.o


    Execution Region ROM (Base: 0x0002de30, Size: 0x0001505c, Max: 0xffffffff, ABSOLUTE)

    Base Addr    Size         Type   Attr      Idx    E Section Name        Object

    0x0002de30   0x00000008   Code   RO          306  * !!!main             c_5.l(__main.o)
    0x0002de38   0x0000003c   Code   RO          528    !!!scatter          c_5.l(__scatter.o)
    0x0002de74   0x00000028   Code   RO          529    !!handler_copy      c_5.l(__scatter_copy.o)
    0x0002de9c   0x0000002c   Code   RO          530    !!handler_zi        c_5.l(__scatter_zi.o)
    0x0002dec8   0x00000000   Code   RO          294    .ARM.Collect$$_printf_percent$$00000000  c_5.l(_printf_percent.o)
    0x0002dec8   0x00000008   Code   RO          338    .ARM.Collect$$_printf_percent$$00000001  c_5.l(_printf_n.o)
    0x0002ded0   0x00000008   Code   RO          339    .ARM.Collect$$_printf_percent$$00000002  c_5.l(_printf_p.o)
    0x0002ded8   0x00000008   Code   RO          340    .ARM.Collect$$_printf_percent$$00000003  c_5.l(_printf_f.o)
    0x0002dee0   0x00000008   Code   RO          341    .ARM.Collect$$_printf_percent$$00000004  c_5.l(_printf_e.o)
    0x0002dee8   0x00000008   Code   RO          342    .ARM.Collect$$_printf_percent$$00000005  c_5.l(_printf_g.o)
    0x0002def0   0x00000008   Code   RO          343    .ARM.Collect$$_printf_percent$$00000006  c_5.l(_printf_a.o)
    0x0002def8   0x0000000c   Code   RO          348    .ARM.Collect$$_printf_percent$$00000007  c_5.l(_printf_ll.o)
    0x0002df04   0x00000008   Code   RO          291    .ARM.Collect$$_printf_percent$$00000008  c_5.l(_printf_i.o)
    0x0002df0c   0x00000008   Code   RO          292    .ARM.Collect$$_printf_percent$$00000009  c_5.l(_printf_d.o)
    0x0002df14   0x00000008   Code   RO          293    .ARM.Collect$$_printf_percent$$0000000A  c_5.l(_printf_u.o)
    0x0002df1c   0x00000008   Code   RO          290    .ARM.Collect$$_printf_percent$$0000000B  c_5.l(_printf_o.o)
    0x0002df24   0x00000008   Code   RO          289    .ARM.Collect$$_printf_percent$$0000000C  c_5.l(_printf_x.o)
    0x0002df2c   0x00000008   Code   RO          345    .ARM.Collect$$_printf_percent$$0000000D  c_5.l(_printf_lli.o)
    0x0002df34   0x00000008   Code   RO          346    .ARM.Collect$$_printf_percent$$0000000E  c_5.l(_printf_lld.o)
    0x0002df3c   0x00000008   Code   RO          347    .ARM.Collect$$_printf_percent$$0000000F  c_5.l(_printf_llu.o)
    0x0002df44   0x00000008   Code   RO          351    .ARM.Collect$$_printf_percent$$00000010  c_5.l(_printf_llo.o)
    0x0002df4c   0x00000008   Code   RO          352    .ARM.Collect$$_printf_percent$$00000011  c_5.l(_printf_llx.o)
    0x0002df54   0x0000000c   Code   RO          349    .ARM.Collect$$_printf_percent$$00000012  c_5.l(_printf_l.o)
    0x0002df60   0x00000008   Code   RO          288    .ARM.Collect$$_printf_percent$$00000013  c_5.l(_printf_c.o)
    0x0002df68   0x00000008   Code   RO          337    .ARM.Collect$$_printf_percent$$00000014  c_5.l(_printf_s.o)
    0x0002df70   0x00000008   Code   RO          295    .ARM.Collect$$_printf_percent$$00000015  c_5.l(_printf_lc.o)
    0x0002df78   0x00000008   Code   RO          350    .ARM.Collect$$_printf_percent$$00000016  c_5.l(_printf_ls.o)
    0x0002df80   0x00000008   Code   RO          344    .ARM.Collect$$_printf_percent$$00000017  c_5.l(_printf_percent_end.o)
    0x0002df88   0x00000002   Code   RO          481    .ARM.Collect$$libinit$$00000000  c_5.l(libinit.o)
    0x0002df8a   0x00000000   Code   RO          358    .ARM.Collect$$libinit$$00000002  c_5.l(libinit2.o)
    0x0002df8a   0x00000000   Code   RO          360    .ARM.Collect$$libinit$$00000004  c_5.l(libinit2.o)
    0x0002df8a   0x00000008   Code   RO          361    .ARM.Collect$$libinit$$00000005  c_5.l(libinit2.o)
    0x0002df92   0x00000000   Code   RO          363    .ARM.Collect$$libinit$$0000000A  c_5.l(libinit2.o)
    0x0002df92   0x00000000   Code   RO          365    .ARM.Collect$$libinit$$0000000C  c_5.l(libinit2.o)
    0x0002df92   0x00000000   Code   RO          367    .ARM.Collect$$libinit$$0000000E  c_5.l(libinit2.o)
    0x0002df92   0x00000006   Code   RO          368    .ARM.Collect$$libinit$$0000000F  c_5.l(libinit2.o)
    0x0002df98   0x00000000   Code   RO          370    .ARM.Collect$$libinit$$00000011  c_5.l(libinit2.o)
    0x0002df98   0x0000000c   Code   RO          371    .ARM.Collect$$libinit$$00000012  c_5.l(libinit2.o)
    0x0002dfa4   0x00000000   Code   RO          372    .ARM.Collect$$libinit$$00000013  c_5.l(libinit2.o)
    0x0002dfa4   0x00000000   Code   RO          374    .ARM.Collect$$libinit$$00000015  c_5.l(libinit2.o)
    0x0002dfa4   0x0000000a   Code   RO          375    .ARM.Collect$$libinit$$00000016  c_5.l(libinit2.o)
    0x0002dfae   0x00000000   Code   RO          376    .ARM.Collect$$libinit$$00000017  c_5.l(libinit2.o)
    0x0002dfae   0x00000000   Code   RO          378    .ARM.Collect$$libinit$$00000019  c_5.l(libinit2.o)
    0x0002dfae   0x00000000   Code   RO          380    .ARM.Collect$$libinit$$0000001B  c_5.l(libinit2.o)
    0x0002dfae   0x00000000   Code   RO          382    .ARM.Collect$$libinit$$0000001D  c_5.l(libinit2.o)
    0x0002dfae   0x00000000   Code   RO          384    .ARM.Collect$$libinit$$0000001F  c_5.l(libinit2.o)
    0x0002dfae   0x00000000   Code   RO          386    .ARM.Collect$$libinit$$00000021  c_5.l(libinit2.o)
    0x0002dfae   0x00000000   Code   RO          388    .ARM.Collect$$libinit$$00000023  c_5.l(libinit2.o)
    0x0002dfae   0x00000000   Code   RO          390    .ARM.Collect$$libinit$$00000025  c_5.l(libinit2.o)
    0x0002dfae   0x00000000   Code   RO          394    .ARM.Collect$$libinit$$0000002C  c_5.l(libinit2.o)
    0x0002dfae   0x00000000   Code   RO          396    .ARM.Collect$$libinit$$0000002E  c_5.l(libinit2.o)
    0x0002dfae   0x00000000   Code   RO          398    .ARM.Collect$$libinit$$00000030  c_5.l(libinit2.o)
    0x0002dfae   0x00000000   Code   RO          400    .ARM.Collect$$libinit$$00000032  c_5.l(libinit2.o)
    0x0002dfae   0x00000002   Code   RO          401    .ARM.Collect$$libinit$$00000033  c_5.l(libinit2.o)
    0x0002dfb0   0x00000002   Code   RO          525    .ARM.Collect$$libshutdown$$00000000  c_5.l(libshutdown.o)
    0x0002dfb2   0x00000000   Code   RO          492    .ARM.Collect$$libshutdown$$00000002  c_5.l(libshutdown2.o)
    0x0002dfb2   0x00000000   Code   RO          494    .ARM.Collect$$libshutdown$$00000004  c_5.l(libshutdown2.o)
    0x0002dfb2   0x00000000   Code   RO          497    .ARM.Collect$$libshutdown$$00000007  c_5.l(libshutdown2.o)
    0x0002dfb2   0x00000000   Code   RO          500    .ARM.Collect$$libshutdown$$0000000A  c_5.l(libshutdown2.o)
    0x0002dfb2   0x00000000   Code   RO          502    .ARM.Collect$$libshutdown$$0000000C  c_5.l(libshutdown2.o)
    0x0002dfb2   0x00000000   Code   RO          505    .ARM.Collect$$libshutdown$$0000000F  c_5.l(libshutdown2.o)
    0x0002dfb2   0x00000002   Code   RO          506    .ARM.Collect$$libshutdown$$00000010  c_5.l(libshutdown2.o)
    0x0002dfb4   0x00000000   Code   RO          312    .ARM.Collect$$rtentry$$00000000  c_5.l(__rtentry.o)
    0x0002dfb4   0x00000000   Code   RO          413    .ARM.Collect$$rtentry$$00000002  c_5.l(__rtentry2.o)
    0x0002dfb4   0x00000008   Code   RO          425    .ARM.Collect$$rtentry$$00000004  c_5.l(__rtentry4.o)
    0x0002dfbc   0x00000000   Code   RO          415    .ARM.Collect$$rtentry$$00000009  c_5.l(__rtentry2.o)
    0x0002dfbc   0x00000004   Code   RO          416    .ARM.Collect$$rtentry$$0000000A  c_5.l(__rtentry2.o)
    0x0002dfc0   0x00000000   Code   RO          418    .ARM.Collect$$rtentry$$0000000C  c_5.l(__rtentry2.o)
    0x0002dfc0   0x00000028   Code   RO          419    .ARM.Collect$$rtentry$$0000000D  c_5.l(__rtentry2.o)
    0x0002dfe8   0x00000004   Code   RO          485    .ARM.Collect$$rtexit$$00000000  c_5.l(rtexit.o)
    0x0002dfec   0x00000000   Code   RO          509    .ARM.Collect$$rtexit$$00000002  c_5.l(rtexit2.o)
    0x0002dfec   0x00000004   Code   RO          510    .ARM.Collect$$rtexit$$00000003  c_5.l(rtexit2.o)
    0x0002dff0   0x00000008   Code   RO          511    .ARM.Collect$$rtexit$$00000004  c_5.l(rtexit2.o)
    0x0002dff8   0x00000000   Code   RO          429    .emb_text           c_5.l(maybetermalloc1.o)
    0x0002dff8   0x000000c4   Code   RO            5    .text               main.o
    0x0002e0bc   0x0000005c   Code   RO            7    .text               bk3633_initial.o
    0x0002e118   0x000007c4   Code   RO           11    .text               rf_xvr.o
    0x0002e8dc   0x0000030c   Code   RO           15    .text               icu.o
    0x0002ebe8   0x000000fc   Code   RO           24    .text               uart1_initial .o
    0x0002ece4   0x00000114   Code   RO           29    .text               gpio.o
    0x0002edf8   0x00000948   Code   RO           32    .text               cli_krhino.o
    0x0002f740   0x00000c2c   Code   RO           35    .text               cli_api.o
    0x0003036c   0x000000bc   Code   RO           40    .text               intc.o
    0x00030428   0x0000014c   Code   RO           44    .text               uart.o
    0x00030574   0x00000770   Code   RO           47    .text               flash.o
    0x00030ce4   0x000002cc   Code   RO           57    .text               timer.o
    0x00030fb0   0x00000044   Code   RO           64    .text               wdt.o
    0x00030ff4   0x000001b4   Code   RO           65    .text               adc.o
    0x000311a8   0x000001fc   Code   RO           67    .text               app.o
    0x000313a4   0x00000318   Code   RO           70    .text               app_adv.o
    0x000316bc   0x000003f8   Code   RO           72    .text               app_scan.o
    0x00031ab4   0x000006bc   Code   RO           77    .text               app_init.o
    0x00032170   0x000000e4   Code   RO           82    .text               app_batt.o
    0x00032254   0x00000114   Code   RO           87    .text               app_dis.o
    0x00032368   0x000003d4   Code   RO           90    .text               app_sec.o
    0x0003273c   0x00001098   Code   RO           96    .text               app_task.o
    0x000337d4   0x000003ec   Code   RO          103    .text               app_fee0.o
    0x00033bc0   0x00000158   Code   RO          108    .text               app_fcc0.o
    0x00033d18   0x0000019c   Code   RO          113    .text               app_oads.o
    0x00033eb4   0x000002fc   Code   RO          118    .text               nvds.o
    0x000341b0   0x00000340   Code   RO          123    .text               arch_main.o
    0x000344f0   0x00000004   Code   RO          124    .text               arch_main.o
    0x000344f4   0x000004d8   Code   RO          129    .text               rwip_driver.o
    0x000349cc   0x000003fc   Code   RO          130    .text               prf_utils.o
    0x00034dc8   0x00000344   Code   RO          131    .text               prf.o
    0x0003510c   0x0000017c   Code   RO          133    .text               diss.o
    0x00035288   0x000001f0   Code   RO          135    .text               diss_task.o
    0x00035478   0x0000021c   Code   RO          137    .text               fee0s.o
    0x00035694   0x000004bc   Code   RO          139    .text               fee0s_task.o
    0x00035b50   0x000003a8   Code   RO          141    .text               bass.o
    0x00035ef8   0x000002c4   Code   RO          143    .text               bass_task.o
    0x000361bc   0x00000ed0   Code   RO          145    .text               sdp_service.o
    0x0003708c   0x00000620   Code   RO          150    .text               sdp_service_task.o
    0x000376ac   0x0000085c   Code   RO          152    .text               oads.o
    0x00037f08   0x0000032c   Code   RO          156    .text               oads_task.o
    0x00038234   0x0000078c   Code   RO          158    .text               mu_cntlr.o
    0x000389c0   0x000001d8   Code   RO          162    .text               mu_descs.o
    0x00038b98   0x000011d4   Code   RO          163    .text               mu_drc.o
    0x00039d6c   0x0000097e   Code   RO          168    .text               mu_fdr.o
    0x0003a6ea   0x00000002   PAD
    0x0003a6ec   0x00000c2c   Code   RO          169    .text               mu_fun.o
    0x0003b318   0x000002ec   Code   RO          171    .text               mu_list.o
    0x0003b604   0x000011f8   Code   RO          172    .text               mu_hst.o
    0x0003c7fc   0x000007ba   Code   RO          175    .text               mu_pip.o
    0x0003cfb6   0x00000002   PAD
    0x0003cfb8   0x000001d4   Code   RO          176    .text               mu_msdfn.o
    0x0003d18c   0x0000026c   Code   RO          195    .text               board.o
    0x0003d3f8   0x00000160   Code   RO          199    .text               tst_msd.o
    0x0003d558   0x00000140   Code   RO          204    .text               driver_usb.o
    0x0003d698   0x00000268   Code   RO          206    .text               plat_uds.o
    0x0003d900   0x00000ad4   Code   RO          209    .text               user_func.o
    0x0003e3d4   0x00000062   Code   RO          217    .text               c_5.l(h1_alloc.o)
    0x0003e436   0x0000004c   Code   RO          218    .text               c_5.l(h1_free.o)
    0x0003e482   0x00000002   PAD
    0x0003e484   0x00000024   Code   RO          247    .text               c_5.l(vsprintf.o)
    0x0003e4a8   0x0000002c   Code   RO          248    .text               c_5.l(__2sprintf.o)
    0x0003e4d4   0x0000003c   Code   RO          249    .text               c_5.l(__2snprintf.o)
    0x0003e510   0x0000004e   Code   RO          253    .text               c_5.l(_printf_pad.o)
    0x0003e55e   0x0000002c   Code   RO          254    .text               c_5.l(_printf_truncate.o)
    0x0003e58a   0x00000052   Code   RO          255    .text               c_5.l(_printf_str.o)
    0x0003e5dc   0x00000008   Ven    RO          256    .text               c_5.l(_printf_dec.o)
    0x0003e5e4   0x0000006c   Code   RO          256    .text               c_5.l(_printf_dec.o)
    0x0003e650   0x000000bc   Code   RO          257    .text               c_5.l(_printf_wctomb.o)
    0x0003e70c   0x00000008   Ven    RO          261    .text               c_5.l(_printf_oct_int_ll.o)
    0x0003e714   0x00000070   Code   RO          261    .text               c_5.l(_printf_oct_int_ll.o)
    0x0003e784   0x00000008   Ven    RO          274    .text               c_5.l(_printf_hex_int_ll_ptr.o)
    0x0003e78c   0x00000098   Code   RO          274    .text               c_5.l(_printf_hex_int_ll_ptr.o)
    0x0003e824   0x00000188   Code   RO          286    .text               c_5.l(__printf_flags_ss_wp.o)
    0x0003e9ac   0x0000001a   Code   RO          296    .text               c_5.l(atoi.o)
    0x0003e9c6   0x00000016   Code   RO          297    .text               c_5.l(strchr.o)
    0x0003e9dc   0x00000028   Code   RO          298    .text               c_5.l(strstr.o)
    0x0003ea04   0x0000004c   Code   RO          299    .text               c_5.l(strcpy.o)
    0x0003ea50   0x00000044   Code   RO          300    .text               c_5.l(strlen.o)
    0x0003ea94   0x00000094   Code   RO          301    .text               c_5.l(strncmp.o)
    0x0003eb28   0x00000018   Code   RO          302    .text               c_5.l(strcat.o)
    0x0003eb40   0x00000080   Code   RO          303    .text               c_5.l(rt_memmove_w.o)
    0x0003ebc0   0x0000006c   Code   RO          304    .text               c_5.l(strncpy.o)
    0x0003ec2c   0x000000f4   Code   RO          305    .text               c_5.l(strcmp.o)
    0x0003ed20   0x0000000c   Code   RO          315    .text               c_5.l(rt_heap_descriptor_intlibspace.o)
    0x0003ed2c   0x0000000c   Code   RO          318    .text               c_5.l(rt_errno_addr_intlibspace.o)
    0x0003ed38   0x00000004   Code   RO          319    .text               c_5.l(hguard.o)
    0x0003ed3c   0x00000088   Code   RO          320    .text               c_5.l(init_alloc.o)
    0x0003edc4   0x0000000e   Code   RO          322    .text               c_5.l(h1_init.o)
    0x0003edd2   0x000000b0   Code   RO          329    .text               c_5.l(_printf_intcommon.o)
    0x0003ee82   0x00000002   PAD
    0x0003ee84   0x00000008   Ven    RO          330    .text               c_5.l(_printf_charcount.o)
    0x0003ee8c   0x00000026   Code   RO          330    .text               c_5.l(_printf_charcount.o)
    0x0003eeb2   0x00000002   PAD
    0x0003eeb4   0x00000030   Code   RO          331    .text               c_5.l(_printf_char_common.o)
    0x0003eee4   0x0000000a   Code   RO          332    .text               c_5.l(_sputc.o)
    0x0003eeee   0x00000010   Code   RO          333    .text               c_5.l(_snputc.o)
    0x0003eefe   0x00000002   PAD
    0x0003ef00   0x00000008   Ven    RO          334    .text               c_5.l(_printf_char.o)
    0x0003ef08   0x0000002e   Code   RO          334    .text               c_5.l(_printf_char.o)
    0x0003ef36   0x00000002   PAD
    0x0003ef38   0x00000008   Ven    RO          335    .text               c_5.l(_printf_wchar.o)
    0x0003ef40   0x0000002e   Code   RO          335    .text               c_5.l(_printf_wchar.o)
    0x0003ef6e   0x00000002   PAD
    0x0003ef70   0x00000008   Ven    RO          336    .text               c_5.l(_printf_longlong_dec.o)
    0x0003ef78   0x00000070   Code   RO          336    .text               c_5.l(_printf_longlong_dec.o)
    0x0003efe8   0x00000070   Code   RO          353    .text               c_5.l(strtol.o)
    0x0003f058   0x00000040   Code   RO          354    .text               c_5.l(_wcrtomb.o)
    0x0003f098   0x0000002c   Code   RO          355    .text               c_5.l(rtudiv10.o)
    0x0003f0c4   0x0000000c   Code   RO          410    .text               c_5.l(libspace.o)
    0x0003f0d0   0x00000014   Code   RO          427    .text               c_5.l(rt_ctype_table.o)
    0x0003f0e4   0x00000034   Code   RO          431    .text               c_5.l(h1_extend.o)
    0x0003f118   0x00000098   Code   RO          433    .text               c_5.l(lludiv10.o)
    0x0003f1b0   0x00000410   Code   RO          434    .text               c_5.l(_printf_fp_dec.o)
    0x0003f5c0   0x00000008   Ven    RO          435    .text               c_5.l(_printf_fp_hex.o)
    0x0003f5c8   0x000002d4   Code   RO          435    .text               c_5.l(_printf_fp_hex.o)
    0x0003f89c   0x000000a8   Code   RO          438    .text               c_5.l(_strtoul.o)
    0x0003f944   0x0000000c   Code   RO          439    .text               c_5.l(defsig_rtmem_outer.o)
    0x0003f950   0x00000050   Code   RO          441    .text               c_5.l(heapauxa.o)
    0x0003f9a0   0x00000004   Code   RO          446    .text               c_5.l(use_no_semi.o)
    0x0003f9a4   0x00000000   Code   RO          447    .text               c_5.l(indicate_semi.o)
    0x0003f9a4   0x00000060   Code   RO          448    .text               c_5.l(sys_stackheap_outer.o)
    0x0003fa04   0x0000000c   Code   RO          452    .text               c_5.l(rt_locale_intlibspace.o)
    0x0003fa10   0x00000088   Code   RO          454    .text               c_5.l(_printf_fp_infnan.o)
    0x0003fa98   0x0000001e   Code   RO          455    .text               c_5.l(_chval.o)
    0x0003fab6   0x00000002   PAD
    0x0003fab8   0x000000d0   Code   RO          456    .text               c_5.l(bigflt0.o)
    0x0003fb88   0x00000010   Code   RO          473    .text               c_5.l(exit.o)
    0x0003fb98   0x0000000c   Code   RO          474    .text               c_5.l(defsig_exit.o)
    0x0003fba4   0x00000050   Code   RO          475    .text               c_5.l(defsig_rtmem_inner.o)
    0x0003fbf4   0x0000000c   Code   RO          484    .text               c_5.l(sys_exit.o)
    0x0003fc00   0x00000034   Code   RO          490    .text               c_5.l(defsig_general.o)
    0x0003fc34   0x0000000c   Code   RO          507    .text               c_5.l(sys_wrch.o)
    0x0003fc40   0x00000038   Code   RO          458    CL$$btod_d2e        c_5.l(btod.o)
    0x0003fc78   0x00000054   Code   RO          460    CL$$btod_d2e_denorm_low  c_5.l(btod.o)
    0x0003fccc   0x00000068   Code   RO          459    CL$$btod_d2e_norm_op1  c_5.l(btod.o)
    0x0003fd34   0x00000348   Code   RO          468    CL$$btod_div_common  c_5.l(btod.o)
    0x0004007c   0x000000dc   Code   RO          465    CL$$btod_e2e        c_5.l(btod.o)
    0x00040158   0x00000030   Code   RO          462    CL$$btod_ediv       c_5.l(btod.o)
    0x00040188   0x00000030   Code   RO          461    CL$$btod_emul       c_5.l(btod.o)
    0x000401b8   0x00000264   Code   RO          467    CL$$btod_mult_common  c_5.l(btod.o)
    0x0004041c   0x00000008   Ven    RO          544    Veneer$$Code        anon$$obj.o
    0x00040424   0x00000008   Ven    RO          545    Veneer$$Code        anon$$obj.o
    0x0004042c   0x00000008   Ven    RO          546    Veneer$$Code        anon$$obj.o
    0x00040434   0x00000008   Ven    RO          547    Veneer$$Code        anon$$obj.o
    0x0004043c   0x00000008   Ven    RO          548    Veneer$$Code        anon$$obj.o
    0x00040444   0x00000008   Ven    RO          549    Veneer$$Code        anon$$obj.o
    0x0004044c   0x00000008   Ven    RO          550    Veneer$$Code        anon$$obj.o
    0x00040454   0x00000030   Code   RO          483    i.__ARM_fpclassify  m_5s.l(fpclassify.o)
    0x00040484   0x0000000e   Code   RO          282    i._is_digit         c_5.l(__printf_wp.o)
    0x00040492   0x00000002   PAD
    0x00040494   0x00000048   Code   RO          470    locale$$code        c_5.l(lc_ctype_c.o)
    0x000404dc   0x00000048   Code   RO          472    locale$$code        c_5.l(lc_numeric_c.o)
    0x00040524   0x0000002c   Code   RO          307    x$fpl$dfltu         fz_5s.l(dflt_clz.o)
    0x00040550   0x00000178   Code   RO          310    x$fpl$dmul          fz_5s.l(dmul.o)
    0x000406c8   0x000000b8   Code   RO          402    x$fpl$dnaninf       fz_5s.l(dnaninf.o)
    0x00040780   0x00000010   Code   RO          403    x$fpl$dretinf       fz_5s.l(dretinf.o)
    0x00040790   0x00000008   Code   RO          482    x$fpl$ieeestatus    fz_5s.l(istatus.o)
    0x00040798   0x00000004   Code   RO          404    x$fpl$printf1       fz_5s.l(printf1.o)
    0x0004079c   0x00000004   Code   RO          405    x$fpl$printf2       fz_5s.l(printf2.o)
    0x000407a0   0x00000000   Code   RO          408    x$fpl$usenofp       fz_5s.l(usenofp.o)
    0x000407a0   0x0000000f   Data   RO           13    .constdata          rf_xvr.o
    0x000407af   0x00000001   PAD
    0x000407b0   0x0000012c   Data   RO           36    .constdata          cli_api.o
    0x000408dc   0x00000008   Data   RO           37    .constdata          cli_api.o
    0x000408e4   0x00000021   Data   RO           69    .constdata          app.o
    0x00040905   0x0000003f   Data   RO           71    .constdata          app_adv.o
    0x00040944   0x0000003a   Data   RO           73    .constdata          app_scan.o
    0x0004097e   0x00000128   Data   RO           78    .constdata          app_init.o
    0x00040aa6   0x00000002   PAD
    0x00040aa8   0x00000020   Data   RO           83    .constdata          app_batt.o
    0x00040ac8   0x00000008   Data   RO           84    .constdata          app_batt.o
    0x00040ad0   0x00000053   Data   RO           85    .constdata          app_batt.o
    0x00040b23   0x00000001   PAD
    0x00040b24   0x00000008   Data   RO           88    .constdata          app_dis.o
    0x00040b2c   0x00000008   Data   RO           89    .constdata          app_dis.o
    0x00040b34   0x00000079   Data   RO           91    .constdata          app_sec.o
    0x00040bad   0x00000003   PAD
    0x00040bb0   0x00000030   Data   RO           92    .constdata          app_sec.o
    0x00040be0   0x00000008   Data   RO           93    .constdata          app_sec.o
    0x00040be8   0x000012b9   Data   RO           97    .constdata          app_task.o
    0x00041ea1   0x00000003   PAD
    0x00041ea4   0x000000c0   Data   RO           98    .constdata          app_task.o
    0x00041f64   0x0000000c   Data   RO           99    .constdata          app_task.o
    0x00041f70   0x00000038   Data   RO          105    .constdata          app_fee0.o
    0x00041fa8   0x00000008   Data   RO          106    .constdata          app_fee0.o
    0x00041fb0   0x00000073   Data   RO          107    .constdata          app_fee0.o
    0x00042023   0x00000001   PAD
    0x00042024   0x00000020   Data   RO          109    .constdata          app_fcc0.o
    0x00042044   0x00000008   Data   RO          110    .constdata          app_fcc0.o
    0x0004204c   0x00000033   Data   RO          111    .constdata          app_fcc0.o
    0x0004207f   0x00000001   PAD
    0x00042080   0x00000030   Data   RO          114    .constdata          app_oads.o
    0x000420b0   0x00000008   Data   RO          115    .constdata          app_oads.o
    0x000420b8   0x000000a8   Data   RO          116    .constdata          app_oads.o
    0x00042160   0x00000004   Data   RO          120    .constdata          nvds.o
    0x00042164   0x000000a8   Data   RO          134    .constdata          diss.o
    0x0004220c   0x00000018   Data   RO          136    .constdata          diss_task.o
    0x00042224   0x00000080   Data   RO          138    .constdata          fee0s.o
    0x000422a4   0x000000da   Data   RO          140    .constdata          fee0s_task.o
    0x0004237e   0x00000002   PAD
    0x00042380   0x00000038   Data   RO          142    .constdata          bass.o
    0x000423b8   0x00000030   Data   RO          144    .constdata          bass_task.o
    0x000423e8   0x0000007b   Data   RO          147    .constdata          sdp_service.o
    0x00042463   0x00000001   PAD
    0x00042464   0x000000c5   Data   RO          151    .constdata          sdp_service_task.o
    0x00042529   0x00000003   PAD
    0x0004252c   0x0000009e   Data   RO          154    .constdata          oads.o
    0x000425ca   0x00000002   PAD
    0x000425cc   0x00000062   Data   RO          157    .constdata          oads_task.o
    0x0004262e   0x00000014   Data   RO          160    .constdata          mu_cntlr.o
    0x00042642   0x00000008   Data   RO          164    .constdata          mu_drc.o
    0x0004264a   0x00000008   Data   RO          165    .constdata          mu_drc.o
    0x00042652   0x00000018   Data   RO          173    .constdata          mu_hst.o
    0x0004266a   0x0000002e   Data   RO          181    .constdata          mu_msdfn.o
    0x00042698   0x00000088   Data   RO          182    .constdata          mu_msdfn.o
    0x00042720   0x0000002c   Data   RO          183    .constdata          mu_msdfn.o
    0x0004274c   0x00000008   Data   RO          258    .constdata          c_5.l(_printf_wctomb.o)
    0x00042754   0x00000028   Data   RO          275    .constdata          c_5.l(_printf_hex_int_ll_ptr.o)
    0x0004277c   0x00000011   Data   RO          287    .constdata          c_5.l(__printf_flags_ss_wp.o)
    0x0004278d   0x00000026   Data   RO          436    .constdata          c_5.l(_printf_fp_hex.o)
    0x000427b3   0x00000001   PAD
    0x000427b4   0x00000094   Data   RO          457    .constdata          c_5.l(bigflt0.o)
    0x00042848   0x000002ea   Data   RO           38    .conststring        cli_api.o
    0x00042b32   0x00000002   PAD
    0x00042b34   0x000000ca   Data   RO           94    .conststring        app_sec.o
    0x00042bfe   0x00000002   PAD
    0x00042c00   0x0000012d   Data   RO          148    .conststring        sdp_service.o
    0x00042d2d   0x00000003   PAD
    0x00042d30   0x00000030   Data   RO          526    Region$$Table       anon$$obj.o
    0x00042d60   0x00000110   Data   RO          469    locale$$data        c_5.l(lc_ctype_c.o)
    0x00042e70   0x0000001c   Data   RO          471    locale$$data        c_5.l(lc_numeric_c.o)


    Execution Region RAM_CODE (Base: 0x003f0000, Size: 0x000002ac, Max: 0x00002000, ABSOLUTE)

    Base Addr    Size         Type   Attr      Idx    E Section Name        Object

    0x003f0000   0x00000048   Code   RO           20    ram_code            uart_initial.o
    0x003f0048   0x00000064   Code   RO           25    ram_code            uart1_initial .o
    0x003f00ac   0x00000038   Code   RO           30    ram_code            gpio.o
    0x003f00e4   0x00000094   Code   RO           41    ram_code            intc.o
    0x003f0178   0x00000078   Code   RO           55    ram_code            pwm.o
    0x003f01f0   0x000000bc   Code   RO           58    ram_code            timer.o


    Execution Region RAM_DATA (Base: 0x00402000, Size: 0x000003a8, Max: 0xffffffff, ABSOLUTE)

    Base Addr    Size         Type   Attr      Idx    E Section Name        Object

    0x00402000   0x00000001   Data   RW           14    .data               rf_xvr.o
    0x00402001   0x00000006   Data   RW           16    .data               icu.o
    0x00402007   0x00000001   PAD
    0x00402008   0x00000010   Data   RW           22    .data               uart_initial.o
    0x00402018   0x00000008   Data   RW           27    .data               uart1_initial .o
    0x00402020   0x00000004   Data   RW           28    .data               uart1_initial .o
    0x00402024   0x00000004   Data   RW           31    .data               gpio.o
    0x00402028   0x0000000c   Data   RW           34    .data               cli_krhino.o
    0x00402034   0x00000008   Data   RW           46    .data               uart.o
    0x0040203c   0x0000000c   Data   RW           49    .data               flash.o
    0x00402048   0x00000002   Data   RW           63    .data               timer.o
    0x0040204a   0x00000008   Data   RW           66    .data               adc.o
    0x00402052   0x00000007   Data   RW           81    .data               app_init.o
    0x00402059   0x00000002   Data   RW           86    .data               app_batt.o
    0x0040205b   0x00000005   Data   RW           95    .data               app_sec.o
    0x00402060   0x00000012   Data   RW          100    .data               app_task.o
    0x00402072   0x00000001   Data   RW          102    .data               app_task.o
    0x00402073   0x00000001   Data   RW          112    .data               app_fcc0.o
    0x00402074   0x00000001   Data   RW          117    .data               app_oads.o
    0x00402075   0x00000003   PAD
    0x00402078   0x00000004   Data   RW          128    .data               arch_main.o
    0x0040207c   0x00000002   Data   RW          149    .data               sdp_service.o
    0x0040207e   0x0000000a   Data   RW          155    .data               oads.o
    0x00402088   0x00000008   Data   RW          161    .data               mu_cntlr.o
    0x00402090   0x0000005c   Data   RW          166    .data               mu_drc.o
    0x004020ec   0x00000001   Data   RW          170    .data               mu_fun.o
    0x004020ed   0x00000003   PAD
    0x004020f0   0x00000060   Data   RW          174    .data               mu_hst.o
    0x00402150   0x00000001   Data   RW          184    .data               mu_msdfn.o
    0x00402151   0x00000003   PAD
    0x00402154   0x00000054   Data   RW          185    .data               mu_msdfn.o
    0x004021a8   0x00000004   Data   RW          186    .data               mu_msdfn.o
    0x004021ac   0x0000002c   Data   RW          193    .data               mu_msdfn.o
    0x004021d8   0x00000010   Data   RW          197    .data               board.o
    0x004021e8   0x00000008   Data   RW          198    .data               board.o
    0x004021f0   0x00000034   Data   RW          202    .data               tst_msd.o
    0x00402224   0x00000001   Data   RW          203    .data               tst_msd.o
    0x00402225   0x00000001   Data   RW          205    .data               driver_usb.o
    0x00402226   0x00000002   PAD
    0x00402228   0x00000018   Data   RW          208    .data               plat_uds.o
    0x00402240   0x00000161   Data   RW          211    .data               user_func.o
    0x004023a1   0x00000001   Data   RW          212    .data               user_func.o
    0x004023a2   0x00000002   PAD
    0x004023a4   0x00000004   Data   RW          442    .data               c_5.l(heapauxa.o)


    Execution Region RAM_BSS (Base: 0x004023a8, Size: 0x00006a98, Max: 0xffffffff, ABSOLUTE)

    Base Addr    Size         Type   Attr      Idx    E Section Name        Object

    0x004023a8   0x00000080   Zero   RW           12    .bss                rf_xvr.o
    0x00402428   0x00000284   Zero   RW           21    .bss                uart_initial.o
    0x004026ac   0x00000800   Zero   RW           26    .bss                uart1_initial .o
    0x00402eac   0x00000080   Zero   RW           33    .bss                cli_krhino.o
    0x00402f2c   0x00000400   Zero   RW           45    .bss                uart.o
    0x0040332c   0x0000000c   Zero   RW           48    .bss                flash.o
    0x00403338   0x00000018   Zero   RW           56    .bss                pwm.o
    0x00403350   0x0000002c   Zero   RW           61    .bss                timer.o
    0x0040337c   0x00000048   Zero   RW           68    .bss                app.o
    0x004033c4   0x0000000e   Zero   RW          104    .bss                app_fee0.o
    0x004033d2   0x00000002   PAD
    0x004033d4   0x00000018   Zero   RW          119    .bss                nvds.o
    0x004033ec   0x00004e58   Zero   RW          125    .bss                arch_main.o
    0x00408244   0x000000f0   Zero   RW          132    .bss                prf.o
    0x00408334   0x0000009c   Zero   RW          146    .bss                sdp_service.o
    0x004083d0   0x000000c0   Zero   RW          153    .bss                oads.o
    0x00408490   0x000002c4   Zero   RW          159    .bss                mu_cntlr.o
    0x00408754   0x00000100   Zero   RW          177    .bss                mu_msdfn.o
    0x00408854   0x00000040   Zero   RW          178    .bss                mu_msdfn.o
    0x00408894   0x00000038   Zero   RW          196    .bss                board.o
    0x004088cc   0x00000100   Zero   RW          200    .bss                tst_msd.o
    0x004089cc   0x00000038   Zero   RW          201    .bss                tst_msd.o
    0x00408a04   0x000002c8   Zero   RW          207    .bss                plat_uds.o
    0x00408ccc   0x00000012   Zero   RW          210    .bss                user_func.o
    0x00408cde   0x00000002   PAD
    0x00408ce0   0x00000060   Zero   RW          411    .bss                c_5.l(libspace.o)
    0x00408d40   0x00000100   Zero   RW            9    Myheap              boot_handlers.o


    Execution Region RAM_STACK_UNUSED (Base: 0x0040f0cc, Size: 0x00000060, Max: 0x00000060, ABSOLUTE)

    Base Addr    Size         Type   Attr      Idx    E Section Name        Object

    0x0040f0cc   0x00000060   Zero   RW            1    RAM_STACK_UNUSED.bss  anon$$obj.o


    Execution Region RAM_STACK_SVC (Base: 0x0040f12c, Size: 0x000006f0, Max: 0x000006f0, ABSOLUTE)

    Base Addr    Size         Type   Attr      Idx    E Section Name        Object

    0x0040f12c   0x000006f0   Zero   RW            2    RAM_STACK_SVC.bss   anon$$obj.o


    Execution Region RAM_STACK_IRQ (Base: 0x0040f81c, Size: 0x000003f0, Max: 0x000003f0, ABSOLUTE)

    Base Addr    Size         Type   Attr      Idx    E Section Name        Object

    0x0040f81c   0x000003f0   Zero   RW            3    RAM_STACK_IRQ.bss   anon$$obj.o


    Execution Region RAM_STACK_FIQ (Base: 0x0040fc0c, Size: 0x000003f0, Max: 0x000003f0, ABSOLUTE)

    Base Addr    Size         Type   Attr      Idx    E Section Name        Object

    0x0040fc0c   0x000003f0   Zero   RW            4    RAM_STACK_FIQ.bss   anon$$obj.o


==============================================================================

Image component sizes


      Code (inc. data)   RO Data    RW Data    ZI Data      Debug   Object Name

       436         74          0          8          0          0   adc.o
       508        112         33          0         72          0   app.o
       792        144         63          0          0          0   app_adv.o
       228         40        123          2          0          0   app_batt.o
       276        120         16          0          0          0   app_dis.o
       344        114         91          1          0          0   app_fcc0.o
      1004        308        179          0         14          0   app_fee0.o
      1724        578        296          7          0          0   app_init.o
       412        104        224          1          0          0   app_oads.o
      1016        390         58          0          0          0   app_scan.o
       980        220        379          5          0          0   app_sec.o
      4248       1734       4997         19          0          0   app_task.o
       836        324          0          4      20056          0   arch_main.o
       936         14         56          0          0          0   bass.o
       708         16         48          0          0          0   bass_task.o
        92          8          0          0          0          0   bk3633_initial.o
       620         30          0         24         56          0   board.o
       516         80          0          0        256          0   boot_handlers.o
        92         32          0          0          0          0   boot_vectors.o
      3116        724       1054          0          0          0   cli_api.o
      2376        434          0         12        128          0   cli_krhino.o
       380          8        168          0          0          0   diss.o
       496         14         24          0          0          0   diss_task.o
       320         76          0          1          0          0   driver_usb.o
       540         20        128          0          0          0   fee0s.o
      1212        182        218          0          0          0   fee0s_task.o
      1904        212          0         12         12          0   flash.o
       332         38          0          4          0          0   gpio.o
       780         76          0          6          0          0   icu.o
       368         40          0          0          0          0   intc.o
       196        118          0          0          0          0   main.o
      1932        124         20          8        708          0   mu_cntlr.o
       472          6          0          0          0          0   mu_descs.o
      4564         62         16         92          0          0   mu_drc.o
      2430          4          0          0          0          0   mu_fdr.o
      3116        230          0          1          0          0   mu_fun.o
      4600        436         24         96          0          0   mu_hst.o
       748        110          0          0          0          0   mu_list.o
       468        112        226        133        320          0   mu_msdfn.o
      1978          0          0          0          0          0   mu_pip.o
       764         24          4          0         24          0   nvds.o
      2140        584        158         10        192          0   oads.o
       812        136         98          0          0          0   oads_task.o
       616         54          0         24        712          0   plat_uds.o
       836          4          0          0        240          0   prf.o
      1020          4          0          0          0          0   prf_utils.o
       120         14          0          0         24          0   pwm.o
      1988        390         15          1        128          0   rf_xvr.o
      1240        134          0          0          0          0   rwip_driver.o
      3792       1426        424          2        156          0   sdp_service.o
      1568        606        197          0          0          0   sdp_service_task.o
       904        254          0          2         44          0   timer.o
       352         40          0         53        312          0   tst_msd.o
       332         72          0          8       1024          0   uart.o
       352         46          0         12       2048          0   uart1_initial .o
        72         12          0         16        644          0   uart_initial.o
      2772        414          0        354         18          0   user_func.o
        68          4          0          0          0          0   wdt.o

    ----------------------------------------------------------------------
     67960      11734       9412        932      31080          0   Object Totals
        96         48         48          0       3888          0   (incl. Generated)
        20          0         27         14          4          0   (incl. Padding)

    ----------------------------------------------------------------------

      Code (inc. data)   RO Data    RW Data    ZI Data      Debug   Library Member Name

        60          6          0          0          0          0   __2snprintf.o
        44          4          0          0          0          0   __2sprintf.o
         8          0          0          0          0          0   __main.o
       392          6         17          0          0          0   __printf_flags_ss_wp.o
        14          0          0          0          0          0   __printf_wp.o
         0          0          0          0          0          0   __rtentry.o
        44          4          0          0          0          0   __rtentry2.o
         8          0          0          0          0          0   __rtentry4.o
        60          8          0          0          0          0   __scatter.o
        40          0          0          0          0          0   __scatter_copy.o
        44          0          0          0          0          0   __scatter_zi.o
        30          0          0          0          0          0   _chval.o
         8          0          0          0          0          0   _printf_a.o
         8          0          0          0          0          0   _printf_c.o
        54          0          0          0          0          0   _printf_char.o
        48          6          0          0          0          0   _printf_char_common.o
        46          0          0          0          0          0   _printf_charcount.o
         8          0          0          0          0          0   _printf_d.o
       116         18          0          0          0          0   _printf_dec.o
         8          0          0          0          0          0   _printf_e.o
         8          0          0          0          0          0   _printf_f.o
      1040         12          0          0          0          0   _printf_fp_dec.o
       732         10         38          0          0          0   _printf_fp_hex.o
       136         16          0          0          0          0   _printf_fp_infnan.o
         8          0          0          0          0          0   _printf_g.o
       160          4         40          0          0          0   _printf_hex_int_ll_ptr.o
         8          0          0          0          0          0   _printf_i.o
       176          0          0          0          0          0   _printf_intcommon.o
        12          0          0          0          0          0   _printf_l.o
         8          0          0          0          0          0   _printf_lc.o
        12          0          0          0          0          0   _printf_ll.o
         8          0          0          0          0          0   _printf_lld.o
         8          0          0          0          0          0   _printf_lli.o
         8          0          0          0          0          0   _printf_llo.o
         8          0          0          0          0          0   _printf_llu.o
         8          0          0          0          0          0   _printf_llx.o
       120         18          0          0          0          0   _printf_longlong_dec.o
         8          0          0          0          0          0   _printf_ls.o
         8          0          0          0          0          0   _printf_n.o
         8          0          0          0          0          0   _printf_o.o
       120         10          0          0          0          0   _printf_oct_int_ll.o
         8          0          0          0          0          0   _printf_p.o
        78          0          0          0          0          0   _printf_pad.o
         0          0          0          0          0          0   _printf_percent.o
         8          0          0          0          0          0   _printf_percent_end.o
         8          0          0          0          0          0   _printf_s.o
        82          0          0          0          0          0   _printf_str.o
        44          0          0          0          0          0   _printf_truncate.o
         8          0          0          0          0          0   _printf_u.o
        54          0          0          0          0          0   _printf_wchar.o
       188          6          8          0          0          0   _printf_wctomb.o
         8          0          0          0          0          0   _printf_x.o
        16          0          0          0          0          0   _snputc.o
        10          0          0          0          0          0   _sputc.o
       168          0          0          0          0          0   _strtoul.o
        64          0          0          0          0          0   _wcrtomb.o
        26          0          0          0          0          0   atoi.o
       208          6        148          0          0          0   bigflt0.o
      2012        128          0          0          0          0   btod.o
        12          0          0          0          0          0   defsig_exit.o
        52          0          0          0          0          0   defsig_general.o
        80         58          0          0          0          0   defsig_rtmem_inner.o
        12          0          0          0          0          0   defsig_rtmem_outer.o
        16          0          0          0          0          0   exit.o
        98          0          0          0          0          0   h1_alloc.o
        52          0          0          0          0          0   h1_extend.o
        76          0          0          0          0          0   h1_free.o
        14          0          0          0          0          0   h1_init.o
        80          4          0          4          0          0   heapauxa.o
         4          0          0          0          0          0   hguard.o
         0          0          0          0          0          0   indicate_semi.o
       136          0          0          0          0          0   init_alloc.o
        72          8        272          0          0          0   lc_ctype_c.o
        72          8         28          0          0          0   lc_numeric_c.o
         2          0          0          0          0          0   libinit.o
        38          0          0          0          0          0   libinit2.o
         2          0          0          0          0          0   libshutdown.o
         2          0          0          0          0          0   libshutdown2.o
        12          4          0          0         96          0   libspace.o
       152          0          0          0          0          0   lludiv10.o
         0          0          0          0          0          0   maybetermalloc1.o
        20          4          0          0          0          0   rt_ctype_table.o
        12          4          0          0          0          0   rt_errno_addr_intlibspace.o
        12          4          0          0          0          0   rt_heap_descriptor_intlibspace.o
        12          4          0          0          0          0   rt_locale_intlibspace.o
       128          0          0          0          0          0   rt_memmove_w.o
         4          0          0          0          0          0   rtexit.o
        12          0          0          0          0          0   rtexit2.o
        44          0          0          0          0          0   rtudiv10.o
        24          0          0          0          0          0   strcat.o
        22          0          0          0          0          0   strchr.o
       244          4          0          0          0          0   strcmp.o
        76          4          0          0          0          0   strcpy.o
        68          6          0          0          0          0   strlen.o
       148          4          0          0          0          0   strncmp.o
       108          4          0          0          0          0   strncpy.o
        40          0          0          0          0          0   strstr.o
       112          4          0          0          0          0   strtol.o
        12          4          0          0          0          0   sys_exit.o
        96          0          0          0          0          0   sys_stackheap_outer.o
        12          0          0          0          0          0   sys_wrch.o
         4          0          0          0          0          0   use_no_semi.o
        36          4          0          0          0          0   vsprintf.o
        44          0          0          0          0          0   dflt_clz.o
       376         16          0          0          0          0   dmul.o
       184          0          0          0          0          0   dnaninf.o
        16          0          0          0          0          0   dretinf.o
         8          0          0          0          0          0   istatus.o
         4          0          0          0          0          0   printf1.o
         4          0          0          0          0          0   printf2.o
         0          0          0          0          0          0   usenofp.o
        48          4          0          0          0          0   fpclassify.o

    ----------------------------------------------------------------------
      9564        414        552          4         96          0   Library Totals
        16          0          1          0          0          0   (incl. Padding)

    ----------------------------------------------------------------------

      Code (inc. data)   RO Data    RW Data    ZI Data      Debug   Library Name

      8864        394        551          4         96          0   c_5.l
       636         16          0          0          0          0   fz_5s.l
        48          4          0          0          0          0   m_5s.l

    ----------------------------------------------------------------------
      9564        414        552          4         96          0   Library Totals

    ----------------------------------------------------------------------

==============================================================================


      Code (inc. data)   RO Data    RW Data    ZI Data      Debug   

     77524      12148       9964        936      31176          0   Grand Totals
     77524      12148       9964        936      31176          0   ELF Image Totals
     77524      12148       9964        936          0          0   ROM Totals

==============================================================================

    Total RO  Size (Code + RO Data)                87488 (  85.44kB)
    Total RW  Size (RW Data + ZI Data)             32112 (  31.36kB)
    Total ROM Size (Code + RO Data + RW Data)      88424 (  86.35kB)

==============================================================================

